Archive member included to satisfy reference by file (symbol)

/home/abarnika/Downloads/SimplicityStudio_v5/developer/toolchains/gnu_arm/12.2.rel1_2023.7/bin/../lib/gcc/arm-none-eabi/12.2.1/thumb/v8-m.main+fp/hard/libgcc.a(_aeabi_ldivmod.o)
                              ./gecko_sdk_4.4.6/platform/emlib/src/em_usart.o (__aeabi_ldivmod)
/home/abarnika/Downloads/SimplicityStudio_v5/developer/toolchains/gnu_arm/12.2.rel1_2023.7/bin/../lib/gcc/arm-none-eabi/12.2.1/thumb/v8-m.main+fp/hard/libgcc.a(_aeabi_uldivmod.o)
                              ./gecko_sdk_4.4.6/platform/emlib/src/em_usart.o (__aeabi_uldivmod)
/home/abarnika/Downloads/SimplicityStudio_v5/developer/toolchains/gnu_arm/12.2.rel1_2023.7/bin/../lib/gcc/arm-none-eabi/12.2.1/thumb/v8-m.main+fp/hard/libgcc.a(_udivmoddi4.o)
                              /home/abarnika/Downloads/SimplicityStudio_v5/developer/toolchains/gnu_arm/12.2.rel1_2023.7/bin/../lib/gcc/arm-none-eabi/12.2.1/thumb/v8-m.main+fp/hard/libgcc.a(_aeabi_ldivmod.o) (__udivmoddi4)
/home/abarnika/Downloads/SimplicityStudio_v5/developer/toolchains/gnu_arm/12.2.rel1_2023.7/bin/../lib/gcc/arm-none-eabi/12.2.1/thumb/v8-m.main+fp/hard/libgcc.a(_dvmd_tls.o)
                              /home/abarnika/Downloads/SimplicityStudio_v5/developer/toolchains/gnu_arm/12.2.rel1_2023.7/bin/../lib/gcc/arm-none-eabi/12.2.1/thumb/v8-m.main+fp/hard/libgcc.a(_aeabi_ldivmod.o) (__aeabi_ldiv0)
/home/abarnika/Downloads/SimplicityStudio_v5/developer/toolchains/gnu_arm/12.2.rel1_2023.7/bin/../lib/gcc/arm-none-eabi/12.2.1/../../../../arm-none-eabi/lib/thumb/v8-m.main+fp/hard/libc_nano.a(libc_a-exit.o)
                              /home/abarnika/Downloads/SimplicityStudio_v5/developer/toolchains/gnu_arm/12.2.rel1_2023.7/bin/../lib/gcc/arm-none-eabi/12.2.1/../../../../arm-none-eabi/lib/thumb/v8-m.main+fp/hard/crt0.o (exit)
/home/abarnika/Downloads/SimplicityStudio_v5/developer/toolchains/gnu_arm/12.2.rel1_2023.7/bin/../lib/gcc/arm-none-eabi/12.2.1/../../../../arm-none-eabi/lib/thumb/v8-m.main+fp/hard/libc_nano.a(libc_a-init.o)
                              /home/abarnika/Downloads/SimplicityStudio_v5/developer/toolchains/gnu_arm/12.2.rel1_2023.7/bin/../lib/gcc/arm-none-eabi/12.2.1/../../../../arm-none-eabi/lib/thumb/v8-m.main+fp/hard/crt0.o (__libc_init_array)
/home/abarnika/Downloads/SimplicityStudio_v5/developer/toolchains/gnu_arm/12.2.rel1_2023.7/bin/../lib/gcc/arm-none-eabi/12.2.1/../../../../arm-none-eabi/lib/thumb/v8-m.main+fp/hard/libc_nano.a(libc_a-findfp.o)
                              /home/abarnika/Downloads/SimplicityStudio_v5/developer/toolchains/gnu_arm/12.2.rel1_2023.7/bin/../lib/gcc/arm-none-eabi/12.2.1/../../../../arm-none-eabi/lib/thumb/v8-m.main+fp/hard/libc_nano.a(libc_a-exit.o) (__stdio_exit_handler)
/home/abarnika/Downloads/SimplicityStudio_v5/developer/toolchains/gnu_arm/12.2.rel1_2023.7/bin/../lib/gcc/arm-none-eabi/12.2.1/../../../../arm-none-eabi/lib/thumb/v8-m.main+fp/hard/libc_nano.a(libc_a-stdio.o)
                              /home/abarnika/Downloads/SimplicityStudio_v5/developer/toolchains/gnu_arm/12.2.rel1_2023.7/bin/../lib/gcc/arm-none-eabi/12.2.1/../../../../arm-none-eabi/lib/thumb/v8-m.main+fp/hard/libc_nano.a(libc_a-findfp.o) (__sread)
/home/abarnika/Downloads/SimplicityStudio_v5/developer/toolchains/gnu_arm/12.2.rel1_2023.7/bin/../lib/gcc/arm-none-eabi/12.2.1/../../../../arm-none-eabi/lib/thumb/v8-m.main+fp/hard/libc_nano.a(libc_a-writer.o)
                              /home/abarnika/Downloads/SimplicityStudio_v5/developer/toolchains/gnu_arm/12.2.rel1_2023.7/bin/../lib/gcc/arm-none-eabi/12.2.1/../../../../arm-none-eabi/lib/thumb/v8-m.main+fp/hard/libc_nano.a(libc_a-stdio.o) (_write_r)
/home/abarnika/Downloads/SimplicityStudio_v5/developer/toolchains/gnu_arm/12.2.rel1_2023.7/bin/../lib/gcc/arm-none-eabi/12.2.1/../../../../arm-none-eabi/lib/thumb/v8-m.main+fp/hard/libc_nano.a(libc_a-fwalk.o)
                              /home/abarnika/Downloads/SimplicityStudio_v5/developer/toolchains/gnu_arm/12.2.rel1_2023.7/bin/../lib/gcc/arm-none-eabi/12.2.1/../../../../arm-none-eabi/lib/thumb/v8-m.main+fp/hard/libc_nano.a(libc_a-findfp.o) (_fwalk_sglue)
/home/abarnika/Downloads/SimplicityStudio_v5/developer/toolchains/gnu_arm/12.2.rel1_2023.7/bin/../lib/gcc/arm-none-eabi/12.2.1/../../../../arm-none-eabi/lib/thumb/v8-m.main+fp/hard/libc_nano.a(libc_a-memset.o)
                              /home/abarnika/Downloads/SimplicityStudio_v5/developer/toolchains/gnu_arm/12.2.rel1_2023.7/bin/../lib/gcc/arm-none-eabi/12.2.1/../../../../arm-none-eabi/lib/thumb/v8-m.main+fp/hard/crt0.o (memset)
/home/abarnika/Downloads/SimplicityStudio_v5/developer/toolchains/gnu_arm/12.2.rel1_2023.7/bin/../lib/gcc/arm-none-eabi/12.2.1/../../../../arm-none-eabi/lib/thumb/v8-m.main+fp/hard/libc_nano.a(libc_a-lock.o)
[...]
Memory Configuration

Name             Origin             Length             Attributes
FLASH            0x0000000000000000 0x000000000007e000 xr
RAM              0x0000000020000000 0x0000000000008000 xrw
*default*        0x0000000000000000 0xffffffffffffffff

Linker script and memory map

LOAD /home/abarnika/Downloads/SimplicityStudio_v5/developer/toolchains/gnu_arm/12.2.rel1_2023.7/bin/../lib/gcc/arm-none-eabi/12.2.1/thumb/v8-m.main+fp/hard/crti.o
LOAD /home/abarnika/Downloads/SimplicityStudio_v5/developer/toolchains/gnu_arm/12.2.rel1_2023.7/bin/../lib/gcc/arm-none-eabi/12.2.1/thumb/v8-m.main+fp/hard/crtbegin.o
LOAD /home/abarnika/Downloads/SimplicityStudio_v5/developer/toolchains/gnu_arm/12.2.rel1_2023.7/bin/../lib/gcc/arm-none-eabi/12.2.1/../../../../arm-none-eabi/lib/thumb/v8-m.main+fp/hard/crt0.o
START GROUP
LOAD ./ABC_lcd_tft/GC9A01.o
LOAD ./app.o
LOAD ./main.o
LOAD ./autogen/sl_board_default_init.o
LOAD ./autogen/sl_device_init_clocks.o
LOAD ./autogen/sl_event_handler.o
LOAD ./autogen/sl_spidrv_init.o
LOAD ./gecko_sdk_4.4.6/hardware/board/src/sl_board_control_gpio.o
LOAD ./gecko_sdk_4.4.6/hardware/board/src/sl_board_init.o
LOAD ./gecko_sdk_4.4.6/platform/Device/SiliconLabs/BGM22/Source/startup_bgm22.o
LOAD ./gecko_sdk_4.4.6/platform/Device/SiliconLabs/BGM22/Source/system_bgm22.o
LOAD ./gecko_sdk_4.4.6/platform/common/src/sl_assert.o
LOAD ./gecko_sdk_4.4.6/platform/common/src/sl_slist.o
LOAD ./gecko_sdk_4.4.6/platform/common/src/sl_syscalls.o
LOAD ./gecko_sdk_4.4.6/platform/common/toolchain/src/sl_memory.o
LOAD ./gecko_sdk_4.4.6/platform/emdrv/dmadrv/src/dmadrv.o
LOAD ./gecko_sdk_4.4.6/platform/emdrv/spidrv/src/spidrv.o
LOAD ./gecko_sdk_4.4.6/platform/emlib/src/em_burtc.o
LOAD ./gecko_sdk_4.4.6/platform/emlib/src/em_cmu.o
LOAD ./gecko_sdk_4.4.6/platform/emlib/src/em_core.o
LOAD ./gecko_sdk_4.4.6/platform/emlib/src/em_emu.o
LOAD ./gecko_sdk_4.4.6/platform/emlib/src/em_gpio.o
LOAD ./gecko_sdk_4.4.6/platform/emlib/src/em_ldma.o
LOAD ./gecko_sdk_4.4.6/platform/emlib/src/em_msc.o
LOAD ./gecko_sdk_4.4.6/platform/emlib/src/em_rtcc.o
LOAD ./gecko_sdk_4.4.6/platform/emlib/src/em_system.o
LOAD ./gecko_sdk_4.4.6/platform/emlib/src/em_timer.o
LOAD ./gecko_sdk_4.4.6/platform/emlib/src/em_usart.o
LOAD ./gecko_sdk_4.4.6/platform/service/device_init/src/sl_device_init_dcdc_s2.o
LOAD ./gecko_sdk_4.4.6/platform/service/device_init/src/sl_device_init_emu_s2.o
LOAD ./gecko_sdk_4.4.6/platform/service/device_init/src/sl_device_init_hfxo_s2.o
LOAD ./gecko_sdk_4.4.6/platform/service/device_init/src/sl_device_init_lfxo_s2.o
LOAD ./gecko_sdk_4.4.6/platform/service/device_init/src/sl_device_init_nvic.o
LOAD ./gecko_sdk_4.4.6/platform/service/sleeptimer/src/sl_sleeptimer.o
LOAD ./gecko_sdk_4.4.6/platform/service/sleeptimer/src/sl_sleeptimer_hal_burtc.o
LOAD ./gecko_sdk_4.4.6/platform/service/sleeptimer/src/sl_sleeptimer_hal_prortc.o
LOAD ./gecko_sdk_4.4.6/platform/service/sleeptimer/src/sl_sleeptimer_hal_rtcc.o
LOAD ./gecko_sdk_4.4.6/platform/service/sleeptimer/src/sl_sleeptimer_hal_timer.o
LOAD ./gecko_sdk_4.4.6/platform/service/system/src/sl_system_init.o
LOAD ./gecko_sdk_4.4.6/platform/service/system/src/sl_system_process_action.o
LOAD /home/abarnika/Downloads/SimplicityStudio_v5/developer/toolchains/gnu_arm/12.2.rel1_2023.7/bin/../lib/gcc/arm-none-eabi/12.2.1/thumb/v8-m.main+fp/hard/libgcc.a
LOAD /home/abarnika/Downloads/SimplicityStudio_v5/developer/toolchains/gnu_arm/12.2.rel1_2023.7/bin/../lib/gcc/arm-none-eabi/12.2.1/../../../../arm-none-eabi/lib/thumb/v8-m.main+fp/hard/libc_nano.a
LOAD /home/abarnika/Downloads/SimplicityStudio_v5/developer/toolchains/gnu_arm/12.2.rel1_2023.7/bin/../lib/gcc/arm-none-eabi/12.2.1/../../../../arm-none-eabi/lib/thumb/v8-m.main+fp/hard/libm.a
LOAD /home/abarnika/Downloads/SimplicityStudio_v5/developer/toolchains/gnu_arm/12.2.rel1_2023.7/bin/../lib/gcc/arm-none-eabi/12.2.1/../../../../arm-none-eabi/lib/thumb/v8-m.main+fp/hard/libnosys.a
END GROUP
START GROUP
LOAD /home/abarnika/Downloads/SimplicityStudio_v5/developer/toolchains/gnu_arm/12.2.rel1_2023.7/bin/../lib/gcc/arm-none-eabi/12.2.1/thumb/v8-m.main+fp/hard/libgcc.a
LOAD /home/abarnika/Downloads/SimplicityStudio_v5/developer/toolchains/gnu_arm/12.2.rel1_2023.7/bin/../lib/gcc/arm-none-eabi/12.2.1/../../../../arm-none-eabi/lib/thumb/v8-m.main+fp/hard/libc_nano.a
LOAD /home/abarnika/Downloads/SimplicityStudio_v5/developer/toolchains/gnu_arm/12.2.rel1_2023.7/bin/../lib/gcc/arm-none-eabi/12.2.1/../../../../arm-none-eabi/lib/thumb/v8-m.main+fp/hard/libnosys.a
END GROUP
START GROUP
LOAD /home/abarnika/Downloads/SimplicityStudio_v5/developer/toolchains/gnu_arm/12.2.rel1_2023.7/bin/../lib/gcc/arm-none-eabi/12.2.1/thumb/v8-m.main+fp/hard/libgcc.a
LOAD /home/abarnika/Downloads/SimplicityStudio_v5/developer/toolchains/gnu_arm/12.2.rel1_2023.7/bin/../lib/gcc/arm-none-eabi/12.2.1/../../../../arm-none-eabi/lib/thumb/v8-m.main+fp/hard/libg_nano.a
LOAD /home/abarnika/Downloads/SimplicityStudio_v5/developer/toolchains/gnu_arm/12.2.rel1_2023.7/bin/../lib/gcc/arm-none-eabi/12.2.1/../../../../arm-none-eabi/lib/thumb/v8-m.main+fp/hard/libc_nano.a
END GROUP
START GROUP
LOAD /home/abarnika/Downloads/SimplicityStudio_v5/developer/toolchains/gnu_arm/12.2.rel1_2023.7/bin/../lib/gcc/arm-none-eabi/12.2.1/thumb/v8-m.main+fp/hard/libgcc.a
LOAD /home/abarnika/Downloads/SimplicityStudio_v5/developer/toolchains/gnu_arm/12.2.rel1_2023.7/bin/../lib/gcc/arm-none-eabi/12.2.1/../../../../arm-none-eabi/lib/thumb/v8-m.main+fp/hard/libc_nano.a
END GROUP
LOAD /home/abarnika/Downloads/SimplicityStudio_v5/developer/toolchains/gnu_arm/12.2.rel1_2023.7/bin/../lib/gcc/arm-none-eabi/12.2.1/thumb/v8-m.main+fp/hard/crtend.o
LOAD /home/abarnika/Downloads/SimplicityStudio_v5/developer/toolchains/gnu_arm/12.2.rel1_2023.7/bin/../lib/gcc/arm-none-eabi/12.2.1/thumb/v8-m.main+fp/hard/crtn.o

.text           0x0000000000000000    0x20340
                0x0000000000000000                linker_vectors_begin = .
 *(.vectors)
 .vectors       0x0000000000000000      0x140 ./gecko_sdk_4.4.6/platform/Device/SiliconLabs/BGM22/Source/startup_bgm22.o
                0x0000000000000000                __Vectors
                0x0000000000000140                linker_vectors_end = .
                0x0000000000000140                __Vectors_End = .
                0x0000000000000140                __Vectors_Size = (__Vectors_End - __Vectors)
                0x0000000000000140                linker_code_begin = .
 *(SORT_BY_ALIGNMENT(.text*))
 .text.deregister_tm_clones
                0x0000000000000140       0x1c /home/abarnika/Downloads/SimplicityStudio_v5/developer/toolchains/gnu_arm/12.2.rel1_2023.7/bin/../lib/gcc/arm-none-eabi/12.2.1/thumb/v8-m.main+fp/hard/crtbegin.o
 .text.register_tm_clones
                0x000000000000015c       0x28 /home/abarnika/Downloads/SimplicityStudio_v5/developer/toolchains/gnu_arm/12.2.rel1_2023.7/bin/../lib/gcc/arm-none-eabi/12.2.1/thumb/v8-m.main+fp/hard/crtbegin.o
 .text.__do_global_dtors_aux
                0x0000000000000184       0x28 /home/abarnika/Downloads/SimplicityStudio_v5/developer/toolchains/gnu_arm/12.2.rel1_2023.7/bin/../lib/gcc/arm-none-eabi/12.2.1/thumb/v8-m.main+fp/hard/crtbegin.o
 .text.frame_dummy
                0x00000000000001ac       0x24 /home/abarnika/Downloads/SimplicityStudio_v5/developer/toolchains/gnu_arm/12.2.rel1_2023.7/bin/../lib/gcc/arm-none-eabi/12.2.1/thumb/v8-m.main+fp/hard/crtbegin.o
 .text          0x00000000000001d0       0x7c /home/abarnika/Downloads/SimplicityStudio_v5/developer/toolchains/gnu_arm/12.2.rel1_2023.7/bin/../lib/gcc/arm-none-eabi/12.2.1/../../../../arm-none-eabi/lib/thumb/v8-m.main+fp/hard/crt0.o
                0x00000000000001d0                _stack_init
                0x00000000000001d8                _mainCRTStartup
                0x00000000000001d8                _start
 .text.GPIO_PinOutClear
                0x000000000000024c       0x40 ./ABC_lcd_tft/GC9A01.o
 .text.GPIO_PinOutSet
                0x000000000000028c       0x40 ./ABC_lcd_tft/GC9A01.o
 .text.write_command
                0x00000000000002cc       0x38 ./ABC_lcd_tft/GC9A01.o
 .text.write_data
                0x0000000000000304       0x34 ./ABC_lcd_tft/GC9A01.o
 .text.GC9A01_init
                0x0000000000000338      0x474 ./ABC_lcd_tft/GC9A01.o
                0x0000000000000338                GC9A01_init
 .text.GPIO_PinOutSet
                0x00000000000007ac       0x40 ./app.o
 .text.draw_large_digit
                0x00000000000007ec       0x58 ./app.o
                0x00000000000007ec                draw_large_digit
 .text.restore_logo_region
                0x0000000000000844       0x50 ./app.o
                0x0000000000000844                restore_logo_region
 .text.app_init
                0x0000000000000894      0x150 ./app.o
                0x0000000000000894                app_init
 .text.app_process_action
                0x00000000000009e4       0x60 ./app.o
                0x00000000000009e4                app_process_action
 .text.sl_device_init_clocks
                0x0000000000000a44       0x9c ./autogen/sl_device_init_clocks.o
                0x0000000000000a44                sl_device_init_clocks
 .text.sl_platform_init
                0x0000000000000ae0       0x58 ./autogen/sl_event_handler.o
                0x0000000000000ae0                sl_platform_init
 .text.sl_spidrv_init_instances
                0x0000000000000b38       0x14 ./autogen/sl_spidrv_init.o
                0x0000000000000b38                sl_spidrv_init_instances
 .text.CopyRamFuncs
                0x0000000000000b4c       0x1c ./gecko_sdk_4.4.6/platform/Device/SiliconLabs/BGM22/Source/startup_bgm22.o
                0x0000000000000b4c                CopyRamFuncs
 .text.Reset_Handler
                0x0000000000000b68       0x64 ./gecko_sdk_4.4.6/platform/Device/SiliconLabs/BGM22/Source/startup_bgm22.o
                0x0000000000000b68                Reset_Handler
 .text.SystemInit
                0x0000000000000bcc       0x64 ./gecko_sdk_4.4.6/platform/Device/SiliconLabs/BGM22/Source/system_bgm22.o
                0x0000000000000bcc                SystemInit
 .text.SystemHFRCODPLLClockGet
                0x0000000000000c30        0xc ./gecko_sdk_4.4.6/platform/Device/SiliconLabs/BGM22/Source/system_bgm22.o
                0x0000000000000c30                SystemHFRCODPLLClockGet
 .text.SystemSYSCLKGet
                0x0000000000000c3c       0x34 ./gecko_sdk_4.4.6/platform/Device/SiliconLabs/BGM22/Source/system_bgm22.o
                0x0000000000000c3c                SystemSYSCLKGet
 .text.SystemHCLKGet
                0x0000000000000c70       0x24 ./gecko_sdk_4.4.6/platform/Device/SiliconLabs/BGM22/Source/system_bgm22.o
                0x0000000000000c70                SystemHCLKGet
 .text.SystemMaxCoreClockGet
                0x0000000000000c94        0x8 ./gecko_sdk_4.4.6/platform/Device/SiliconLabs/BGM22/Source/system_bgm22.o
                0x0000000000000c94                SystemMaxCoreClockGet
 .text.SystemHFXOClockGet
                0x0000000000000c9c        0xc ./gecko_sdk_4.4.6/platform/Device/SiliconLabs/BGM22/Source/system_bgm22.o
                0x0000000000000c9c                SystemHFXOClockGet
 .text.SystemHFXOClockSet
                0x0000000000000ca8       0x20 ./gecko_sdk_4.4.6/platform/Device/SiliconLabs/BGM22/Source/system_bgm22.o
                0x0000000000000ca8                SystemHFXOClockSet
 .text.SystemFSRCOClockGet
                0x0000000000000cc8        0x8 ./gecko_sdk_4.4.6/platform/Device/SiliconLabs/BGM22/Source/system_bgm22.o
                0x0000000000000cc8                SystemFSRCOClockGet
 .text.SystemLFXOClockGet
                0x0000000000000cd0        0xc ./gecko_sdk_4.4.6/platform/Device/SiliconLabs/BGM22/Source/system_bgm22.o
                0x0000000000000cd0                SystemLFXOClockGet
 .text.StartTransfer
                0x0000000000000cdc      0x17c ./gecko_sdk_4.4.6/platform/emdrv/dmadrv/src/dmadrv.o
 .text.DMADRV_AllocateChannel
                0x0000000000000e58       0x60 ./gecko_sdk_4.4.6/platform/emdrv/dmadrv/src/dmadrv.o
                0x0000000000000e58                DMADRV_AllocateChannel
 .text.DMADRV_Init
                0x0000000000000eb8       0x68 ./gecko_sdk_4.4.6/platform/emdrv/dmadrv/src/dmadrv.o
                0x0000000000000eb8                DMADRV_Init
 .text.LDMA_IRQHandler
                0x0000000000000f20       0x74 ./gecko_sdk_4.4.6/platform/emdrv/dmadrv/src/dmadrv.o
                0x0000000000000f20                LDMA_IRQHandler
 .text.RxDMAComplete
                0x0000000000000f94       0x50 ./gecko_sdk_4.4.6/platform/emdrv/spidrv/src/spidrv.o
 .text.TransferApiPrologue
                0x0000000000000fe4       0x48 ./gecko_sdk_4.4.6/platform/emdrv/spidrv/src/spidrv.o
 .text.StartTransmitDMA
                0x000000000000102c       0x8c ./gecko_sdk_4.4.6/platform/emdrv/spidrv/src/spidrv.o
 .text.SPIDRV_Init
                0x00000000000010b8      0x25c ./gecko_sdk_4.4.6/platform/emdrv/spidrv/src/spidrv.o
                0x00000000000010b8                SPIDRV_Init
 .text.SPIDRV_MTransmitB
                0x0000000000001314       0x38 ./gecko_sdk_4.4.6/platform/emdrv/spidrv/src/spidrv.o
                0x0000000000001314                SPIDRV_MTransmitB
 .text.EMU_VScaleGet
                0x000000000000134c       0x18 ./gecko_sdk_4.4.6/platform/emlib/src/em_cmu.o
 .text.em01GrpaClkGet
                0x0000000000001364       0x48 ./gecko_sdk_4.4.6/platform/emlib/src/em_cmu.o
 .text.iadcClkGet
                0x00000000000013ac       0x54 ./gecko_sdk_4.4.6/platform/emlib/src/em_cmu.o
 .text.em01GrpbClkGet
                0x0000000000001400       0x74 ./gecko_sdk_4.4.6/platform/emlib/src/em_cmu.o
 .text.em23GrpaClkGet
                0x0000000000001474       0x48 ./gecko_sdk_4.4.6/platform/emlib/src/em_cmu.o
 .text.wdog0ClkGet
                0x00000000000014bc       0x64 ./gecko_sdk_4.4.6/platform/emlib/src/em_cmu.o
 .text.rtccClkGet
                0x0000000000001520       0x54 ./gecko_sdk_4.4.6/platform/emlib/src/em_cmu.o
 .text.em4GrpaClkGet
                0x0000000000001574       0x48 ./gecko_sdk_4.4.6/platform/emlib/src/em_cmu.o
 .text.euart0ClkGet
                0x00000000000015bc       0x48 ./gecko_sdk_4.4.6/platform/emlib/src/em_cmu.o
 .text.CMU_ClockDivGet
                0x0000000000001604       0x84 ./gecko_sdk_4.4.6/platform/emlib/src/em_cmu.o
                0x0000000000001604                CMU_ClockDivGet
 .text.flashWaitStateControl
                0x0000000000001688       0x4c ./gecko_sdk_4.4.6/platform/emlib/src/em_cmu.o
 .text.CMU_ClockEnable
                0x00000000000016d4       0x54 ./gecko_sdk_4.4.6/platform/emlib/src/em_cmu.o
                0x00000000000016d4                CMU_ClockEnable
 .text.CMU_ClockFreqGet
                0x0000000000001728      0x198 ./gecko_sdk_4.4.6/platform/emlib/src/em_cmu.o
                0x0000000000001728                CMU_ClockFreqGet
 .text.rhclkPrescOptimize
                0x00000000000018c0       0x20 ./gecko_sdk_4.4.6/platform/emlib/src/em_cmu.o
 .text.CMU_ClockSelectGet
                0x00000000000018e0      0x168 ./gecko_sdk_4.4.6/platform/emlib/src/em_cmu.o
                0x00000000000018e0                CMU_ClockSelectGet
 .text.sli_em_cmu_HFXOSetForceEnable
                0x0000000000001a48       0x18 ./gecko_sdk_4.4.6/platform/emlib/src/em_cmu.o
                0x0000000000001a48                sli_em_cmu_HFXOSetForceEnable
 .text.CMU_HFXOInit
                0x0000000000001a60      0x1dc ./gecko_sdk_4.4.6/platform/emlib/src/em_cmu.o
                0x0000000000001a60                CMU_HFXOInit
 .text.CMU_HFXOCTuneDeltaGet
                0x0000000000001c3c        0xc ./gecko_sdk_4.4.6/platform/emlib/src/em_cmu.o
                0x0000000000001c3c                CMU_HFXOCTuneDeltaGet
 .text.CMU_LFXOInit
                0x0000000000001c48       0xc4 ./gecko_sdk_4.4.6/platform/emlib/src/em_cmu.o
                0x0000000000001c48                CMU_LFXOInit
 .text.CMU_LFXOPrecisionSet
                0x0000000000001d0c        0xc ./gecko_sdk_4.4.6/platform/emlib/src/em_cmu.o
                0x0000000000001d0c                CMU_LFXOPrecisionSet
 .text.CMU_HFXOPrecisionSet
                0x0000000000001d18        0xc ./gecko_sdk_4.4.6/platform/emlib/src/em_cmu.o
                0x0000000000001d18                CMU_HFXOPrecisionSet
 .text.CMU_ClockDivSet
                0x0000000000001d24      0x104 ./gecko_sdk_4.4.6/platform/emlib/src/em_cmu.o
                0x0000000000001d24                CMU_ClockDivSet
 .text.sli_em_cmu_SYSCLKInitPreClockSelect
                0x0000000000001e28       0x20 ./gecko_sdk_4.4.6/platform/emlib/src/em_cmu.o
                0x0000000000001e28                sli_em_cmu_SYSCLKInitPreClockSelect
 .text.pclkDivOptimize
                0x0000000000001e48       0x24 ./gecko_sdk_4.4.6/platform/emlib/src/em_cmu.o
 .text.__NVIC_GetPriority
                0x0000000000001e6c       0x24 ./gecko_sdk_4.4.6/platform/emlib/src/em_core.o
 .text.CORE_NvicIRQDisabled
                0x0000000000001e90       0x34 ./gecko_sdk_4.4.6/platform/emlib/src/em_core.o
                0x0000000000001e90                CORE_NvicIRQDisabled
 .text.CORE_IrqIsBlocked
                0x0000000000001ec4       0x6c ./gecko_sdk_4.4.6/platform/emlib/src/em_core.o
                0x0000000000001ec4                CORE_IrqIsBlocked
 .text.EMU_EM4Init
                0x0000000000001f30       0x14 ./gecko_sdk_4.4.6/platform/emlib/src/em_emu.o
                0x0000000000001f30                EMU_EM4Init
 .text.EMU_VScaleEM01
                0x0000000000001f44       0xa8 ./gecko_sdk_4.4.6/platform/emlib/src/em_emu.o
                0x0000000000001f44                EMU_VScaleEM01
 .text.EMU_VScaleEM01ByClock
                0x0000000000001fec       0x30 ./gecko_sdk_4.4.6/platform/emlib/src/em_emu.o
                0x0000000000001fec                EMU_VScaleEM01ByClock
 .text.EMU_DCDCModeSet
                0x000000000000201c       0xb8 ./gecko_sdk_4.4.6/platform/emlib/src/em_emu.o
                0x000000000000201c                EMU_DCDCModeSet
 .text.EMU_DCDCInit
                0x00000000000020d4       0x74 ./gecko_sdk_4.4.6/platform/emlib/src/em_emu.o
                0x00000000000020d4                EMU_DCDCInit
 .text.GPIO_PinOutSet
                0x0000000000002148       0x40 ./gecko_sdk_4.4.6/platform/emlib/src/em_gpio.o
 .text.GPIO_PinOutClear
                0x0000000000002188       0x40 ./gecko_sdk_4.4.6/platform/emlib/src/em_gpio.o
 .text.GPIO_PinModeSet
                0x00000000000021c8       0x90 ./gecko_sdk_4.4.6/platform/emlib/src/em_gpio.o
                0x00000000000021c8                GPIO_PinModeSet
 .text.LDMA_Init
                0x0000000000002258       0x94 ./gecko_sdk_4.4.6/platform/emlib/src/em_ldma.o
                0x0000000000002258                LDMA_Init
 .text.LDMA_StartTransfer
                0x00000000000022ec       0xf8 ./gecko_sdk_4.4.6/platform/emlib/src/em_ldma.o
                0x00000000000022ec                LDMA_StartTransfer
 .text.RTCC_ChannelInit
                0x00000000000023e4       0x48 ./gecko_sdk_4.4.6/platform/emlib/src/em_rtcc.o
                0x00000000000023e4                RTCC_ChannelInit
 .text.RTCC_Enable
                0x000000000000242c       0x54 ./gecko_sdk_4.4.6/platform/emlib/src/em_rtcc.o
                0x000000000000242c                RTCC_Enable
 .text.RTCC_Init
                0x0000000000002480       0x48 ./gecko_sdk_4.4.6/platform/emlib/src/em_rtcc.o
                0x0000000000002480                RTCC_Init
 .text.SYSTEM_GetProdRev
                0x00000000000024c8       0x10 ./gecko_sdk_4.4.6/platform/emlib/src/em_system.o
                0x00000000000024c8                SYSTEM_GetProdRev
 .text.USART_BaudrateSyncSet
                0x00000000000024d8       0x48 ./gecko_sdk_4.4.6/platform/emlib/src/em_usart.o
                0x00000000000024d8                USART_BaudrateSyncSet
 .text.USART_Reset
                0x0000000000002520       0x70 ./gecko_sdk_4.4.6/platform/emlib/src/em_usart.o
                0x0000000000002520                USART_Reset
 .text.USART_InitSync
                0x0000000000002590       0xc8 ./gecko_sdk_4.4.6/platform/emlib/src/em_usart.o
                0x0000000000002590                USART_InitSync
 .text.sl_device_init_dcdc
                0x0000000000002658       0x20 ./gecko_sdk_4.4.6/platform/service/device_init/src/sl_device_init_dcdc_s2.o
                0x0000000000002658                sl_device_init_dcdc
 .text.sl_device_init_emu
                0x0000000000002678       0x24 ./gecko_sdk_4.4.6/platform/service/device_init/src/sl_device_init_emu_s2.o
                0x0000000000002678                sl_device_init_emu
 .text.sl_device_init_hfxo
                0x000000000000269c       0x70 ./gecko_sdk_4.4.6/platform/service/device_init/src/sl_device_init_hfxo_s2.o
                0x000000000000269c                sl_device_init_hfxo
 .text.sl_device_init_lfxo
                0x000000000000270c       0x2c ./gecko_sdk_4.4.6/platform/service/device_init/src/sl_device_init_lfxo_s2.o
                0x000000000000270c                sl_device_init_lfxo
 .text.sl_device_init_nvic
                0x0000000000002738       0x3c ./gecko_sdk_4.4.6/platform/service/device_init/src/sl_device_init_nvic.o
                0x0000000000002738                sl_device_init_nvic
 .text.delta_list_insert_timer
                0x0000000000002774       0x40 ./gecko_sdk_4.4.6/platform/service/sleeptimer/src/sl_sleeptimer.o
 .text.update_delta_list
                0x00000000000027b4       0x34 ./gecko_sdk_4.4.6/platform/service/sleeptimer/src/sl_sleeptimer.o
 .text.set_comparator_for_next_timer
                0x00000000000027e8       0x5c ./gecko_sdk_4.4.6/platform/service/sleeptimer/src/sl_sleeptimer.o
 .text.create_timer
                0x0000000000002844       0x88 ./gecko_sdk_4.4.6/platform/service/sleeptimer/src/sl_sleeptimer.o
 .text.delta_list_remove_timer
                0x00000000000028cc       0x38 ./gecko_sdk_4.4.6/platform/service/sleeptimer/src/sl_sleeptimer.o
 .text.sl_sleeptimer_init
                0x0000000000002904       0x74 ./gecko_sdk_4.4.6/platform/service/sleeptimer/src/sl_sleeptimer.o
                0x0000000000002904                sl_sleeptimer_init
 .text.sl_sleeptimer_stop_timer
                0x0000000000002978       0x60 ./gecko_sdk_4.4.6/platform/service/sleeptimer/src/sl_sleeptimer.o
                0x0000000000002978                sl_sleeptimer_stop_timer
 .text.sl_sleeptimer_is_timer_running
                0x00000000000029d8       0x3c ./gecko_sdk_4.4.6/platform/service/sleeptimer/src/sl_sleeptimer.o
                0x00000000000029d8                sl_sleeptimer_is_timer_running
 .text.sl_sleeptimer_ms_to_tick
                0x0000000000002a14       0x24 ./gecko_sdk_4.4.6/platform/service/sleeptimer/src/sl_sleeptimer.o
                0x0000000000002a14                sl_sleeptimer_ms_to_tick
 .text.sl_sleeptimer_delay_millisecond
                0x0000000000002a38       0x38 ./gecko_sdk_4.4.6/platform/service/sleeptimer/src/sl_sleeptimer.o
                0x0000000000002a38                sl_sleeptimer_delay_millisecond
 .text.process_timer_irq
                0x0000000000002a70      0x154 ./gecko_sdk_4.4.6/platform/service/sleeptimer/src/sl_sleeptimer.o
                0x0000000000002a70                process_timer_irq
 .text.sleeptimer_hal_init_timer
                0x0000000000002bc4       0x7c ./gecko_sdk_4.4.6/platform/service/sleeptimer/src/sl_sleeptimer_hal_rtcc.o
                0x0000000000002bc4                sleeptimer_hal_init_timer
 .text.sleeptimer_hal_set_compare
                0x0000000000002c40       0x64 ./gecko_sdk_4.4.6/platform/service/sleeptimer/src/sl_sleeptimer_hal_rtcc.o
                0x0000000000002c40                sleeptimer_hal_set_compare
 .text.sleeptimer_hal_enable_int
                0x0000000000002ca4       0x18 ./gecko_sdk_4.4.6/platform/service/sleeptimer/src/sl_sleeptimer_hal_rtcc.o
                0x0000000000002ca4                sleeptimer_hal_enable_int
 .text.sleeptimer_hal_disable_int
                0x0000000000002cbc       0x2c ./gecko_sdk_4.4.6/platform/service/sleeptimer/src/sl_sleeptimer_hal_rtcc.o
                0x0000000000002cbc                sleeptimer_hal_disable_int
 .text.sleeptimer_hal_set_int
                0x0000000000002ce8       0x10 ./gecko_sdk_4.4.6/platform/service/sleeptimer/src/sl_sleeptimer_hal_rtcc.o
                0x0000000000002ce8                sleeptimer_hal_set_int
 .text.RTCC_IRQHandler
                0x0000000000002cf8       0x34 ./gecko_sdk_4.4.6/platform/service/sleeptimer/src/sl_sleeptimer_hal_rtcc.o
                0x0000000000002cf8                RTCC_IRQHandler
 .text          0x0000000000002d2c       0x30 /home/abarnika/Downloads/SimplicityStudio_v5/developer/toolchains/gnu_arm/12.2.rel1_2023.7/bin/../lib/gcc/arm-none-eabi/12.2.1/thumb/v8-m.main+fp/hard/libgcc.a(_aeabi_uldivmod.o)
                0x0000000000002d2c                __aeabi_uldivmod
 .text.__udivmoddi4
                0x0000000000002d5c      0x2ec /home/abarnika/Downloads/SimplicityStudio_v5/developer/toolchains/gnu_arm/12.2.rel1_2023.7/bin/../lib/gcc/arm-none-eabi/12.2.1/thumb/v8-m.main+fp/hard/libgcc.a(_udivmoddi4.o)
                0x0000000000002d5c                __udivmoddi4
 .text          0x0000000000003048        0x4 /home/abarnika/Downloads/SimplicityStudio_v5/developer/toolchains/gnu_arm/12.2.rel1_2023.7/bin/../lib/gcc/arm-none-eabi/12.2.1/thumb/v8-m.main+fp/hard/libgcc.a(_dvmd_tls.o)
                0x0000000000003048                __aeabi_ldiv0
                0x0000000000003048                __aeabi_idiv0
 .text.exit     0x000000000000304c       0x24 /home/abarnika/Downloads/SimplicityStudio_v5/developer/toolchains/gnu_arm/12.2.rel1_2023.7/bin/../lib/gcc/arm-none-eabi/12.2.1/../../../../arm-none-eabi/lib/thumb/v8-m.main+fp/hard/libc_nano.a(libc_a-exit.o)
                0x000000000000304c                exit
 .text.__libc_init_array
                0x0000000000003070       0x48 /home/abarnika/Downloads/SimplicityStudio_v5/developer/toolchains/gnu_arm/12.2.rel1_2023.7/bin/../lib/gcc/arm-none-eabi/12.2.1/../../../../arm-none-eabi/lib/thumb/v8-m.main+fp/hard/libc_nano.a(libc_a-init.o)
                0x0000000000003070                __libc_init_array
 .text.GC9A01_set_frame
                0x00000000000030b8       0x52 ./ABC_lcd_tft/GC9A01.o
                0x00000000000030b8                GC9A01_set_frame
 .text.GC9A01_drawPixel
                0x000000000000310a       0x3e ./ABC_lcd_tft/GC9A01.o
                0x000000000000310a                GC9A01_drawPixel
 .text.GC9A01_DrawImage
                0x0000000000003148       0x52 ./ABC_lcd_tft/GC9A01.o
                0x0000000000003148                GC9A01_DrawImage
 .text.LCD_PowerEnable
                0x000000000000319a        0xc ./app.o
                0x000000000000319a                LCD_PowerEnable
 .text.startup.main
                0x00000000000031a6       0x14 ./main.o
                0x00000000000031a6                main
 .text.sl_board_default_init
                0x00000000000031ba        0x2 ./autogen/sl_board_default_init.o
                0x00000000000031ba                sl_board_default_init
 .text.sl_driver_init
                0x00000000000031bc        0x4 ./autogen/sl_event_handler.o
                0x00000000000031bc                sl_driver_init
 .text.sl_service_init
                0x00000000000031c0        0xe ./autogen/sl_event_handler.o
                0x00000000000031c0                sl_service_init
 .text.sl_stack_init
                0x00000000000031ce        0x2 ./autogen/sl_event_handler.o
                0x00000000000031ce                sl_stack_init
 .text.sl_internal_app_init
                0x00000000000031d0        0x2 ./autogen/sl_event_handler.o
                0x00000000000031d0                sl_internal_app_init
 .text.sl_platform_process_action
                0x00000000000031d2        0x2 ./autogen/sl_event_handler.o
                0x00000000000031d2                sl_platform_process_action
 .text.sl_service_process_action
                0x00000000000031d4        0x2 ./autogen/sl_event_handler.o
                0x00000000000031d4                sl_service_process_action
 .text.sl_stack_process_action
                0x00000000000031d6        0x2 ./autogen/sl_event_handler.o
                0x00000000000031d6                sl_stack_process_action
 .text.sl_internal_app_process_action
                0x00000000000031d8        0x2 ./autogen/sl_event_handler.o
                0x00000000000031d8                sl_internal_app_process_action
 .text.sl_board_configure_vcom
                0x00000000000031da        0x4 ./gecko_sdk_4.4.6/hardware/board/src/sl_board_control_gpio.o
                0x00000000000031da                sl_board_configure_vcom
 .text.sl_board_init
                0x00000000000031de       0x12 ./gecko_sdk_4.4.6/hardware/board/src/sl_board_init.o
                0x00000000000031de                sl_board_init
 .text.sl_board_preinit
                0x00000000000031f0        0x8 ./gecko_sdk_4.4.6/hardware/board/src/sl_board_init.o
                0x00000000000031f0                sl_board_preinit
 .text.Default_Handler
                0x00000000000031f8        0x2 ./gecko_sdk_4.4.6/platform/Device/SiliconLabs/BGM22/Source/startup_bgm22.o
                0x00000000000031f8                ULFRCO_IRQHandler
                0x00000000000031f8                SW2_IRQHandler
                0x00000000000031f8                TIMER2_IRQHandler
                0x00000000000031f8                DebugMon_Handler
                0x00000000000031f8                PKE_IRQHandler
                0x00000000000031f8                USART0_TX_IRQHandler
                0x00000000000031f8                PRORTC_IRQHandler
                0x00000000000031f8                IADC_IRQHandler
                0x00000000000031f8                I2C0_IRQHandler
                0x00000000000031f8                LFXO_IRQHandler
                0x00000000000031f8                CRYPTOACC_IRQHandler
                0x00000000000031f8                HardFault_Handler
                0x00000000000031f8                SMU_SECURE_IRQHandler
                0x00000000000031f8                SysTick_Handler
                0x00000000000031f8                USART1_RX_IRQHandler
                0x00000000000031f8                EMUEFP_IRQHandler
                0x00000000000031f8                PendSV_Handler
                0x00000000000031f8                NMI_Handler
                0x00000000000031f8                SYNTH_IRQHandler
                0x00000000000031f8                HFXO0_IRQHandler
                0x00000000000031f8                I2C1_IRQHandler
                0x00000000000031f8                PDM_IRQHandler
                0x00000000000031f8                WDOG0_IRQHandler
                0x00000000000031f8                TIMER3_IRQHandler
                0x00000000000031f8                SYSCFG_IRQHandler
                0x00000000000031f8                EMUSE_IRQHandler
                0x00000000000031f8                EMUDG_IRQHandler
                0x00000000000031f8                USART1_TX_IRQHandler
                0x00000000000031f8                MSC_IRQHandler
                0x00000000000031f8                DPLL0_IRQHandler
                0x00000000000031f8                UsageFault_Handler
                0x00000000000031f8                M33CTI1_IRQHandler
                0x00000000000031f8                TIMER4_IRQHandler
                0x00000000000031f8                GPIO_EVEN_IRQHandler
                0x00000000000031f8                SW0_IRQHandler
                0x00000000000031f8                TIMER0_IRQHandler
                0x00000000000031f8                LETIMER0_IRQHandler
                0x00000000000031f8                TIMER1_IRQHandler
                0x00000000000031f8                HFRCO0_IRQHandler
                0x00000000000031f8                RFSENSE_IRQHandler
                0x00000000000031f8                SecureFault_Handler
                0x00000000000031f8                BUFC_IRQHandler
                0x00000000000031f8                DCDC_IRQHandler
                0x00000000000031f8                MODEM_IRQHandler
                0x00000000000031f8                Default_Handler
                0x00000000000031f8                RAC_SEQ_IRQHandler
                0x00000000000031f8                FRC_PRI_IRQHandler
                0x00000000000031f8                EMU_IRQHandler
                0x00000000000031f8                SW3_IRQHandler
                0x00000000000031f8                KERNEL0_IRQHandler
                0x00000000000031f8                FRC_IRQHandler
                0x00000000000031f8                KERNEL1_IRQHandler
                0x00000000000031f8                AGC_IRQHandler
                0x00000000000031f8                sl_app_properties
                0x00000000000031f8                BURTC_IRQHandler
                0x00000000000031f8                LFRCO_IRQHandler
                0x00000000000031f8                USART0_RX_IRQHandler
                0x00000000000031f8                MemManage_Handler
                0x00000000000031f8                RDMAILBOX_IRQHandler
                0x00000000000031f8                SVC_Handler
                0x00000000000031f8                SMU_S_PRIVILEGED_IRQHandler
                0x00000000000031f8                SW1_IRQHandler
                0x00000000000031f8                CMU_IRQHandler
                0x00000000000031f8                RAC_RSM_IRQHandler
                0x00000000000031f8                EUART0_TX_IRQHandler
                0x00000000000031f8                EUART0_RX_IRQHandler
                0x00000000000031f8                GPIO_ODD_IRQHandler
                0x00000000000031f8                AES_IRQHandler
                0x00000000000031f8                M33CTI0_IRQHandler
                0x00000000000031f8                ICACHE0_IRQHandler
                0x00000000000031f8                SMU_NS_PRIVILEGED_IRQHandler
                0x00000000000031f8                PROTIMER_IRQHandler
                0x00000000000031f8                BusFault_Handler
                0x00000000000031f8                TRNG_IRQHandler
 .text.FlashToRamCopy
                0x00000000000031fa       0x16 ./gecko_sdk_4.4.6/platform/Device/SiliconLabs/BGM22/Source/system_bgm22.o
                0x00000000000031fa                FlashToRamCopy
 .text.SystemCLKIN0Get
                0x0000000000003210        0x4 ./gecko_sdk_4.4.6/platform/Device/SiliconLabs/BGM22/Source/system_bgm22.o
                0x0000000000003210                SystemCLKIN0Get
 .text.SystemLFRCOClockGet
                0x0000000000003214        0x6 ./gecko_sdk_4.4.6/platform/Device/SiliconLabs/BGM22/Source/system_bgm22.o
                0x0000000000003214                SystemLFRCOClockGet
 .text.SystemULFRCOClockGet
                0x000000000000321a        0x6 ./gecko_sdk_4.4.6/platform/Device/SiliconLabs/BGM22/Source/system_bgm22.o
                0x000000000000321a                SystemULFRCOClockGet
 .text.assertEFM
                0x0000000000003220        0x2 ./gecko_sdk_4.4.6/platform/common/src/sl_assert.o
                0x0000000000003220                assertEFM
 .text._exit    0x0000000000003222        0x2 ./gecko_sdk_4.4.6/platform/common/src/sl_syscalls.o
                0x0000000000003222                _exit
 .text.DMADRV_MemoryPeripheral
                0x0000000000003224       0x34 ./gecko_sdk_4.4.6/platform/emdrv/dmadrv/src/dmadrv.o
                0x0000000000003224                DMADRV_MemoryPeripheral
 .text.DMADRV_PeripheralMemory
                0x0000000000003258       0x34 ./gecko_sdk_4.4.6/platform/emdrv/dmadrv/src/dmadrv.o
                0x0000000000003258                DMADRV_PeripheralMemory
 .text.BlockingComplete
                0x000000000000328c        0xa ./gecko_sdk_4.4.6/platform/emdrv/spidrv/src/spidrv.o
 .text.WaitForTransferCompletion
                0x0000000000003296       0x24 ./gecko_sdk_4.4.6/platform/emdrv/spidrv/src/spidrv.o
 .text.waitStateMax
                0x00000000000032ba       0x10 ./gecko_sdk_4.4.6/platform/emlib/src/em_cmu.o
 .text.CMU_UpdateWaitStates
                0x00000000000032ca        0xc ./gecko_sdk_4.4.6/platform/emlib/src/em_cmu.o
                0x00000000000032ca                CMU_UpdateWaitStates
 .text.pclkDivMax
                0x00000000000032d6        0xa ./gecko_sdk_4.4.6/platform/emlib/src/em_cmu.o
 .text.sli_em_cmu_SYSCLKInitPostClockSelect
                0x00000000000032e0       0x2a ./gecko_sdk_4.4.6/platform/emlib/src/em_cmu.o
                0x00000000000032e0                sli_em_cmu_SYSCLKInitPostClockSelect
 .text.CORE_EnterCritical
                0x000000000000330a        0x8 ./gecko_sdk_4.4.6/platform/emlib/src/em_core.o
                0x000000000000330a                CORE_EnterCritical
 .text.CORE_ExitCritical
                0x0000000000003312        0x6 ./gecko_sdk_4.4.6/platform/emlib/src/em_core.o
                0x0000000000003312                CORE_ExitCritical
 .text.CORE_EnterAtomic
                0x0000000000003318        0xc ./gecko_sdk_4.4.6/platform/emlib/src/em_core.o
                0x0000000000003318                CORE_EnterAtomic
 .text.CORE_ExitAtomic
                0x0000000000003324        0x6 ./gecko_sdk_4.4.6/platform/emlib/src/em_core.o
                0x0000000000003324                CORE_ExitAtomic
 .text.EMU_EFPEM01VScale
                0x000000000000332a        0x2 ./gecko_sdk_4.4.6/platform/emlib/src/em_emu.o
                0x000000000000332a                EMU_EFPEM01VScale
 .text.EMU_DCDCUpdatedHook
                0x000000000000332c        0x2 ./gecko_sdk_4.4.6/platform/emlib/src/em_emu.o
                0x000000000000332c                EMU_DCDCUpdatedHook
 .text.BUS_RegMaskedWrite
                0x000000000000332e       0x1e ./gecko_sdk_4.4.6/platform/emlib/src/em_gpio.o
 .text.RTCC_SyncWait
                0x000000000000334c       0x10 ./gecko_sdk_4.4.6/platform/emlib/src/em_rtcc.o
 .text.delay_callback
                0x000000000000335c        0x6 ./gecko_sdk_4.4.6/platform/service/sleeptimer/src/sl_sleeptimer.o
 .text.sl_sleeptimer_start_timer
                0x0000000000003362       0x48 ./gecko_sdk_4.4.6/platform/service/sleeptimer/src/sl_sleeptimer.o
                0x0000000000003362                sl_sleeptimer_start_timer
 .text.CMU_PrescToLog2.constprop.0
                0x00000000000033aa        0x4 ./gecko_sdk_4.4.6/platform/service/sleeptimer/src/sl_sleeptimer_hal_rtcc.o
 .text.sleeptimer_hal_get_counter
                0x00000000000033ae        0xe ./gecko_sdk_4.4.6/platform/service/sleeptimer/src/sl_sleeptimer_hal_rtcc.o
                0x00000000000033ae                sleeptimer_hal_get_counter
 .text.sleeptimer_hal_get_timer_frequency
                0x00000000000033bc       0x14 ./gecko_sdk_4.4.6/platform/service/sleeptimer/src/sl_sleeptimer_hal_rtcc.o
                0x00000000000033bc                sleeptimer_hal_get_timer_frequency
 .text.sl_system_init
                0x00000000000033d0       0x1a ./gecko_sdk_4.4.6/platform/service/system/src/sl_system_init.o
                0x00000000000033d0                sl_system_init
 .text.sl_system_process_action
                0x00000000000033ea       0x16 ./gecko_sdk_4.4.6/platform/service/system/src/sl_system_process_action.o
                0x00000000000033ea                sl_system_process_action
 .text.memset   0x0000000000003400       0x10 /home/abarnika/Downloads/SimplicityStudio_v5/developer/toolchains/gnu_arm/12.2.rel1_2023.7/bin/../lib/gcc/arm-none-eabi/12.2.1/../../../../arm-none-eabi/lib/thumb/v8-m.main+fp/hard/libc_nano.a(libc_a-memset.o)
                0x0000000000003400                memset
                0x0000000000003420                . = ALIGN (0x20)
 *fill*         0x0000000000003410       0x10 
                0x0000000000003420                linker_code_end = .
 *(.init)
 .init          0x0000000000003420        0x4 /home/abarnika/Downloads/SimplicityStudio_v5/developer/toolchains/gnu_arm/12.2.rel1_2023.7/bin/../lib/gcc/arm-none-eabi/12.2.1/thumb/v8-m.main+fp/hard/crti.o
                0x0000000000003420                _init
 .init          0x0000000000003424        0x8 /home/abarnika/Downloads/SimplicityStudio_v5/developer/toolchains/gnu_arm/12.2.rel1_2023.7/bin/../lib/gcc/arm-none-eabi/12.2.1/thumb/v8-m.main+fp/hard/crtn.o
 *(.fini)
 .fini          0x000000000000342c        0x4 /home/abarnika/Downloads/SimplicityStudio_v5/developer/toolchains/gnu_arm/12.2.rel1_2023.7/bin/../lib/gcc/arm-none-eabi/12.2.1/thumb/v8-m.main+fp/hard/crti.o
                0x000000000000342c                _fini
 .fini          0x0000000000003430        0x8 /home/abarnika/Downloads/SimplicityStudio_v5/developer/toolchains/gnu_arm/12.2.rel1_2023.7/bin/../lib/gcc/arm-none-eabi/12.2.1/thumb/v8-m.main+fp/hard/crtn.o
 *crtbegin.o(.ctors)
 *crtbegin?.o(.ctors)
 *(EXCLUDE_FILE(*crtend.o *crtend?.o) .ctors)
 *(SORT_BY_NAME(.ctors.*))
 *(.ctors)
 *crtbegin.o(.dtors)
 *crtbegin?.o(.dtors)
 *(EXCLUDE_FILE(*crtend.o *crtend?.o) .dtors)
 *(SORT_BY_NAME(.dtors.*))
 *(.dtors)
                0x0000000000003438                __code_classification_validator_start__ = .
                0x0000000000003458                . = (. + 0x20)
 *fill*         0x0000000000003438       0x20 
 *(code_classification_validator)
                0x0000000000003460                . = ALIGN (0x20)
 *fill*         0x0000000000003458        0x8 
                0x0000000000003460                __code_classification_validator_end__ = .
 *(.rodata*)
 .rodata.GPIO_PinOutClear.str1.1
                0x0000000000003460       0x4d ./ABC_lcd_tft/GC9A01.o
 *fill*         0x00000000000034ad        0x1 
 .rodata.CSWTCH.11
                0x00000000000034ae        0x8 ./ABC_lcd_tft/GC9A01.o
 .rodata        0x00000000000034b6       0x5f ./ABC_lcd_tft/GC9A01.o
 .rodata.GPIO_PinOutSet.str1.1
                0x0000000000003515       0x4d ./app.o
 .rodata.app_init.str1.1
                0x0000000000003515        0x6 ./app.o
 *fill*         0x000000000000351b        0x1 
 .rodata.CSWTCH.20
                0x000000000000351c        0x8 ./app.o
 .rodata.glyph_5x7
                0x0000000000003524       0x50 ./app.o
 .rodata.GC9A01_logo
                0x0000000000003574    0x1c200 ./app.o
 .rodata.font32x48
                0x000000000001f774      0x840 ./app.o
 .rodata        0x000000000001ffb4        0x4 ./gecko_sdk_4.4.6/platform/emdrv/dmadrv/src/dmadrv.o
 .rodata.RxDMAComplete.str1.1
                0x000000000001ffb8       0x52 ./gecko_sdk_4.4.6/platform/emdrv/spidrv/src/spidrv.o
 *fill*         0x000000000002000a        0x2 
 .rodata        0x000000000002000c       0x1c ./gecko_sdk_4.4.6/platform/emdrv/spidrv/src/spidrv.o
 .rodata.HFRCODPLLDevinfoGet.str1.1
                0x0000000000020028       0x4b ./gecko_sdk_4.4.6/platform/emlib/src/em_cmu.o
 .rodata.CORE_NvicMaskSetIRQ.str1.1
                0x0000000000020073       0x4c ./gecko_sdk_4.4.6/platform/emlib/src/em_core.o
 .rodata.EMU_VScaleEM01.str1.1
                0x00000000000200bf       0x4b ./gecko_sdk_4.4.6/platform/emlib/src/em_emu.o
 .rodata.GPIO_PinOutSet.str1.1
                0x000000000002010a       0x4d ./gecko_sdk_4.4.6/platform/emlib/src/em_gpio.o
 .rodata.GPIO_ExtIntConfig.str1.1
                0x000000000002010a       0x4c ./gecko_sdk_4.4.6/platform/emlib/src/em_gpio.o
 .rodata.CSWTCH.31
                0x0000000000020156        0x8 ./gecko_sdk_4.4.6/platform/emlib/src/em_gpio.o
 .rodata.LDMA_EnableChannelRequest.str1.1
                0x000000000002015e       0x98 ./gecko_sdk_4.4.6/platform/emlib/src/em_ldma.o
 .rodata.RTCC_ChannelInit.str1.1
                0x00000000000201f6       0x4c ./gecko_sdk_4.4.6/platform/emlib/src/em_rtcc.o
 .rodata.USART_BaudrateAsyncSet.str1.1
                0x0000000000020242       0x4d ./gecko_sdk_4.4.6/platform/emlib/src/em_usart.o
 .rodata        0x000000000002028f        0x8 ./gecko_sdk_4.4.6/platform/service/device_init/src/sl_device_init_dcdc_s2.o
 *fill*         0x0000000000020297        0x1 
 .rodata        0x0000000000020298       0x28 ./gecko_sdk_4.4.6/platform/service/device_init/src/sl_device_init_hfxo_s2.o
 .rodata        0x00000000000202c0       0x14 ./gecko_sdk_4.4.6/platform/service/device_init/src/sl_device_init_lfxo_s2.o
 .rodata.process_timer_irq.str1.1
                0x00000000000202d4       0x5f ./gecko_sdk_4.4.6/platform/service/sleeptimer/src/sl_sleeptimer.o
 .rodata        0x0000000000020333        0xb ./gecko_sdk_4.4.6/platform/service/sleeptimer/src/sl_sleeptimer_hal_rtcc.o
 *(.eh_frame*)
 *fill*         0x000000000002033e        0x2 
 .eh_frame      0x0000000000020340        0x0 /home/abarnika/Downloads/SimplicityStudio_v5/developer/toolchains/gnu_arm/12.2.rel1_2023.7/bin/../lib/gcc/arm-none-eabi/12.2.1/thumb/v8-m.main+fp/hard/crtbegin.o

.glue_7         0x0000000000020340        0x0
 .glue_7        0x0000000000020340        0x0 linker stubs

.glue_7t        0x0000000000020340        0x0
 .glue_7t       0x0000000000020340        0x0 linker stubs

.vfp11_veneer   0x0000000000020340        0x0
 .vfp11_veneer  0x0000000000020340        0x0 linker stubs

.v4_bx          0x0000000000020340        0x0
 .v4_bx         0x0000000000020340        0x0 linker stubs

.iplt           0x0000000000020340        0x0
 .iplt          0x0000000000020340        0x0 /home/abarnika/Downloads/SimplicityStudio_v5/developer/toolchains/gnu_arm/12.2.rel1_2023.7/bin/../lib/gcc/arm-none-eabi/12.2.1/thumb/v8-m.main+fp/hard/crtbegin.o

.ARM.extab
 *(.ARM.extab* .gnu.linkonce.armextab.*)
                0x0000000000020340                __exidx_start = .

.ARM.exidx      0x0000000000020340        0x8
 *(.ARM.exidx* .gnu.linkonce.armexidx.*)
 .ARM.exidx     0x0000000000020340        0x8 /home/abarnika/Downloads/SimplicityStudio_v5/developer/toolchains/gnu_arm/12.2.rel1_2023.7/bin/../lib/gcc/arm-none-eabi/12.2.1/../../../../arm-none-eabi/lib/thumb/v8-m.main+fp/hard/crt0.o
                                         0x10 (size before relaxing)
 .ARM.exidx.text.__udivmoddi4
                0x0000000000020348        0x0 /home/abarnika/Downloads/SimplicityStudio_v5/developer/toolchains/gnu_arm/12.2.rel1_2023.7/bin/../lib/gcc/arm-none-eabi/12.2.1/thumb/v8-m.main+fp/hard/libgcc.a(_udivmoddi4.o)
                                          0x8 (size before relaxing)
                0x0000000000020348                __exidx_end = .

.rel.dyn        0x0000000000020348        0x0
 .rel.iplt      0x0000000000020348        0x0 /home/abarnika/Downloads/SimplicityStudio_v5/developer/toolchains/gnu_arm/12.2.rel1_2023.7/bin/../lib/gcc/arm-none-eabi/12.2.1/thumb/v8-m.main+fp/hard/crtbegin.o

.copy.table     0x0000000000020348        0xc
                0x0000000000020348                . = ALIGN (0x4)
                0x0000000000020348                __copy_table_start__ = .
                0x0000000000020348        0x4 LONG 0x20354 __etext
                0x000000000002034c        0x4 LONG 0x20001000 __data_start__
                0x0000000000020350        0x4 LONG 0x11 ((__data_end__ - __data_start__) / 0x4)
                0x0000000000020354                __copy_table_end__ = .

.zero.table     0x0000000000020354        0x0
                0x0000000000020354                . = ALIGN (0x4)
                0x0000000000020354                __zero_table_start__ = .
                0x0000000000020354                __zero_table_end__ = .
                0x0000000000020354                __etext = .
                0x0000000020000000                . = ORIGIN (RAM)

.stack          0x0000000020000000     0x1000
                0x0000000020000000                __StackLimit = .
 *(.stack*)
 .stack         0x0000000020000000     0x1000 ./gecko_sdk_4.4.6/platform/common/toolchain/src/sl_memory.o
                0x0000000020001000                . = ALIGN (0x4)
                0x0000000020001000                __StackTop = .
                0x0000000020001000                PROVIDE (__stack = __StackTop)

.noinit
 *(.noinit*)

.data           0x0000000020001000       0x44 load address 0x0000000000020354
                0x0000000020001000                . = ALIGN (0x4)
                0x0000000020001000                __data_start__ = .
 *(vtable)
 *(SORT_BY_ALIGNMENT(.data*))
 .data.sl_spidrv_usart_init_mikroe
                0x0000000020001000       0x20 ./autogen/sl_spidrv_init.o
                0x0000000020001000                sl_spidrv_usart_init_mikroe
 .data.sl_spidrv_usart_mikroe_handle
                0x0000000020001020        0x4 ./autogen/sl_spidrv_init.o
                0x0000000020001020                sl_spidrv_usart_mikroe_handle
 .data.SystemCoreClock
                0x0000000020001024        0x4 ./gecko_sdk_4.4.6/platform/Device/SiliconLabs/BGM22/Source/system_bgm22.o
                0x0000000020001024                SystemCoreClock
 .data.SystemHFRCODPLLClock
                0x0000000020001028        0x4 ./gecko_sdk_4.4.6/platform/Device/SiliconLabs/BGM22/Source/system_bgm22.o
 .data.SystemLFXOClock
                0x000000002000102c        0x4 ./gecko_sdk_4.4.6/platform/Device/SiliconLabs/BGM22/Source/system_bgm22.o
 .data.SystemHFXOClock
                0x0000000020001030        0x4 ./gecko_sdk_4.4.6/platform/Device/SiliconLabs/BGM22/Source/system_bgm22.o
 .data.hfxo_precision
                0x0000000020001034        0x2 ./gecko_sdk_4.4.6/platform/emlib/src/em_cmu.o
 .data.lfxo_precision
                0x0000000020001036        0x2 ./gecko_sdk_4.4.6/platform/emlib/src/em_cmu.o
 .data.cc_disabled
                0x0000000020001038        0x1 ./gecko_sdk_4.4.6/platform/service/sleeptimer/src/sl_sleeptimer_hal_rtcc.o
                0x000000002000103c                . = ALIGN (0x4)
 *fill*         0x0000000020001039        0x3 
                [!provide]                        PROVIDE (__ram_func_section_start = .)
 *(.ram)
                [!provide]                        PROVIDE (__ram_func_section_end = .)
                0x000000002000103c                . = ALIGN (0x4)
                0x000000002000103c                PROVIDE (__preinit_array_start = .)
 *(.preinit_array)
                0x000000002000103c                PROVIDE (__preinit_array_end = .)
                0x000000002000103c                . = ALIGN (0x4)
                0x000000002000103c                PROVIDE (__init_array_start = .)
 *(SORT_BY_NAME(.init_array.*))
 *(.init_array)
 .init_array    0x000000002000103c        0x4 /home/abarnika/Downloads/SimplicityStudio_v5/developer/toolchains/gnu_arm/12.2.rel1_2023.7/bin/../lib/gcc/arm-none-eabi/12.2.1/thumb/v8-m.main+fp/hard/crtbegin.o
                0x0000000020001040                PROVIDE (__init_array_end = .)
                0x0000000020001040                . = ALIGN (0x4)
                [!provide]                        PROVIDE (__fini_array_start = .)
 *(SORT_BY_NAME(.fini_array.*))
 *(.fini_array)
 .fini_array    0x0000000020001040        0x4 /home/abarnika/Downloads/SimplicityStudio_v5/developer/toolchains/gnu_arm/12.2.rel1_2023.7/bin/../lib/gcc/arm-none-eabi/12.2.1/thumb/v8-m.main+fp/hard/crtbegin.o
                [!provide]                        PROVIDE (__fini_array_end = .)
                0x0000000020001044                . = ALIGN (0x4)
                0x0000000020001044                __data_end__ = .

.tm_clone_table
                0x0000000020001044        0x0 load address 0x0000000000020398
 .tm_clone_table
                0x0000000020001044        0x0 /home/abarnika/Downloads/SimplicityStudio_v5/developer/toolchains/gnu_arm/12.2.rel1_2023.7/bin/../lib/gcc/arm-none-eabi/12.2.1/thumb/v8-m.main+fp/hard/crtbegin.o
 .tm_clone_table
                0x0000000020001044        0x0 /home/abarnika/Downloads/SimplicityStudio_v5/developer/toolchains/gnu_arm/12.2.rel1_2023.7/bin/../lib/gcc/arm-none-eabi/12.2.1/thumb/v8-m.main+fp/hard/crtend.o

.igot.plt       0x0000000020001044        0x0 load address 0x0000000000020398
 .igot.plt      0x0000000020001044        0x0 /home/abarnika/Downloads/SimplicityStudio_v5/developer/toolchains/gnu_arm/12.2.rel1_2023.7/bin/../lib/gcc/arm-none-eabi/12.2.1/thumb/v8-m.main+fp/hard/crtbegin.o

.bss            0x0000000020001044      0x23c load address 0x0000000000020398
                0x0000000020001044                . = ALIGN (0x4)
                0x0000000020001044                __bss_start__ = .
 *(SORT_BY_ALIGNMENT(.bss*))
 .bss.object.0  0x0000000020001044       0x18 /home/abarnika/Downloads/SimplicityStudio_v5/developer/toolchains/gnu_arm/12.2.rel1_2023.7/bin/../lib/gcc/arm-none-eabi/12.2.1/thumb/v8-m.main+fp/hard/crtbegin.o
 .bss.sl_spidrv_usart_mikroe_handle_data
                0x000000002000105c       0x84 ./autogen/sl_spidrv_init.o
                0x000000002000105c                sl_spidrv_usart_mikroe_handle_data
 .bss.dmaXfer   0x00000000200010e0      0x100 ./gecko_sdk_4.4.6/platform/emdrv/dmadrv/src/dmadrv.o
 .bss.chTable   0x00000000200011e0       0x80 ./gecko_sdk_4.4.6/platform/emdrv/dmadrv/src/dmadrv.o
 .bss.max_millisecond_conversion
                0x0000000020001260        0x4 ./gecko_sdk_4.4.6/platform/service/sleeptimer/src/sl_sleeptimer.o
 .bss.last_delta_update_count
                0x0000000020001264        0x4 ./gecko_sdk_4.4.6/platform/service/sleeptimer/src/sl_sleeptimer.o
 .bss.timer_head
                0x0000000020001268        0x4 ./gecko_sdk_4.4.6/platform/service/sleeptimer/src/sl_sleeptimer.o
 .bss.timer_frequency
                0x000000002000126c        0x4 ./gecko_sdk_4.4.6/platform/service/sleeptimer/src/sl_sleeptimer.o
 .bss.__stdio_exit_handler
                0x0000000020001270        0x4 /home/abarnika/Downloads/SimplicityStudio_v5/developer/toolchains/gnu_arm/12.2.rel1_2023.7/bin/../lib/gcc/arm-none-eabi/12.2.1/../../../../arm-none-eabi/lib/thumb/v8-m.main+fp/hard/libc_nano.a(libc_a-findfp.o)
                0x0000000020001270                __stdio_exit_handler
 .bss.overflow_counter
                0x0000000020001274        0x2 ./gecko_sdk_4.4.6/platform/service/sleeptimer/src/sl_sleeptimer.o
 .bss.completed.1
                0x0000000020001276        0x1 /home/abarnika/Downloads/SimplicityStudio_v5/developer/toolchains/gnu_arm/12.2.rel1_2023.7/bin/../lib/gcc/arm-none-eabi/12.2.1/thumb/v8-m.main+fp/hard/crtbegin.o
 .bss.count.0   0x0000000020001277        0x1 ./app.o
 .bss.initialized
                0x0000000020001278        0x1 ./gecko_sdk_4.4.6/platform/emdrv/dmadrv/src/dmadrv.o
 .bss.spidrvIsInitialized
                0x0000000020001279        0x1 ./gecko_sdk_4.4.6/platform/emdrv/spidrv/src/spidrv.o
 .bss.ctuneDelta
                0x000000002000127a        0x1 ./gecko_sdk_4.4.6/platform/emlib/src/em_cmu.o
 .bss.vScaleEM01Config
                0x000000002000127b        0x1 ./gecko_sdk_4.4.6/platform/emlib/src/em_emu.o
 .bss.sleep_on_isr_exit
                0x000000002000127c        0x1 ./gecko_sdk_4.4.6/platform/service/sleeptimer/src/sl_sleeptimer.o
 .bss.next_timer_to_expire_is_power_manager
                0x000000002000127d        0x1 ./gecko_sdk_4.4.6/platform/service/sleeptimer/src/sl_sleeptimer.o
 .bss.is_sleeptimer_initialized
                0x000000002000127e        0x1 ./gecko_sdk_4.4.6/platform/service/sleeptimer/src/sl_sleeptimer.o
 *(COMMON)
                0x0000000020001280                . = ALIGN (0x4)
 *fill*         0x000000002000127f        0x1 
                0x0000000020001280                __bss_end__ = .
                0x0000000020001280                __ramfuncs_start__ = .
                0x0000000020001280                __vma_ramfuncs_start__ = .
                0x0000000000020398                __lma_ramfuncs_start__ = (__etext + SIZEOF (.data))
                0x0000000000000000                __text_application_ram_offset__ = (. - __vma_ramfuncs_start__)

text_application_ram
                0x0000000020001280        0x0 load address 0x0000000000020398
                0x0000000020001280                . = ALIGN (0x4)
                0x0000000020001280                __text_application_ram_start__ = .
 *(text_application_ram)
                0x0000000020001280                . = ALIGN (0x4)
                0x0000000020001280                __text_application_ram_end__ = .
                0x0000000020001280                . = ALIGN (0x4)
                0x0000000020001280                __vma_ramfuncs_end__ = .
                0x0000000000020398                __lma_ramfuncs_end__ = ((__lma_ramfuncs_start__ + __text_application_ram_offset__) + SIZEOF (text_application_ram))
                0x0000000020001280                __ramfuncs_end__ = .

.heap           0x0000000020001280      0x800
                0x0000000020001280                __HeapBase = .
                0x0000000020001280                __end__ = .
                0x0000000020001280                end = __end__
                0x0000000020001280                _end = __end__
 *(.heap*)
 .heap          0x0000000020001280      0x800 ./gecko_sdk_4.4.6/platform/common/toolchain/src/sl_memory.o
                0x0000000020008000                __HeapLimit = (ORIGIN (RAM) + LENGTH (RAM))
                0x0000000000006d80                __heap_size = (__HeapLimit - __HeapBase)
                0x0000000020008000                __ram_end__ = 0x20008000
                0x000000000007e000                __main_flash_end__ = 0x7e000

.internal_storage
 *(.internal_storage*)

.nvm
 *(.simee*)
                0x000000000007e000                linker_nvm_end = __main_flash_end__
                0x000000000007e000                linker_nvm_begin = (linker_nvm_end - SIZEOF (.nvm))
                0x0000000000000000                linker_nvm_size = SIZEOF (.nvm)
                0x000000000007e000                linker_storage_end = linker_nvm_begin
                0x000000000007e000                __nvm3Base = linker_nvm_begin
                0x000000000007e000                linker_storage_begin = (linker_storage_end - SIZEOF (.internal_storage))
                0x0000000000000000                linker_storage_size = SIZEOF (.internal_storage)
                0x0000000000000001                ASSERT ((linker_storage_begin >= (__etext + SIZEOF (.data))), FLASH memory overflowed !)
OUTPUT(test_lcd.axf elf32-littlearm)
LOAD linker stubs

.ARM.attributes
                0x0000000000000000       0x36
 .ARM.attributes
                0x0000000000000000       0x26 /home/abarnika/Downloads/SimplicityStudio_v5/developer/toolchains/gnu_arm/12.2.rel1_2023.7/bin/../lib/gcc/arm-none-eabi/12.2.1/thumb/v8-m.main+fp/hard/crti.o
 .ARM.attributes
                0x0000000000000026       0x38 /home/abarnika/Downloads/SimplicityStudio_v5/developer/toolchains/gnu_arm/12.2.rel1_2023.7/bin/../lib/gcc/arm-none-eabi/12.2.1/thumb/v8-m.main+fp/hard/crtbegin.o
 .ARM.attributes
                0x000000000000005e       0x24 /home/abarnika/Downloads/SimplicityStudio_v5/developer/toolchains/gnu_arm/12.2.rel1_2023.7/bin/../lib/gcc/arm-none-eabi/12.2.1/../../../../arm-none-eabi/lib/thumb/v8-m.main+fp/hard/crt0.o
 .ARM.attributes
                0x0000000000000082       0x3a ./ABC_lcd_tft/GC9A01.o
 .ARM.attributes
                0x00000000000000bc       0x3a ./app.o
 .ARM.attributes
                0x00000000000000f6       0x3a ./main.o
 .ARM.attributes
                0x0000000000000130       0x3a ./autogen/sl_board_default_init.o
 .ARM.attributes
                0x000000000000016a       0x3a ./autogen/sl_device_init_clocks.o
 .ARM.attributes
                0x00000000000001a4       0x3a ./autogen/sl_event_handler.o
 .ARM.attributes
                0x00000000000001de       0x3a ./autogen/sl_spidrv_init.o
 .ARM.attributes
                0x0000000000000218       0x3a ./gecko_sdk_4.4.6/hardware/board/src/sl_board_control_gpio.o
 .ARM.attributes
                0x0000000000000252       0x3a ./gecko_sdk_4.4.6/hardware/board/src/sl_board_init.o
 .ARM.attributes
                0x000000000000028c       0x3a ./gecko_sdk_4.4.6/platform/Device/SiliconLabs/BGM22/Source/startup_bgm22.o
 .ARM.attributes
                0x00000000000002c6       0x3a ./gecko_sdk_4.4.6/platform/Device/SiliconLabs/BGM22/Source/system_bgm22.o
 .ARM.attributes
                0x0000000000000300       0x3a ./gecko_sdk_4.4.6/platform/common/src/sl_assert.o
 .ARM.attributes
                0x000000000000033a       0x3a ./gecko_sdk_4.4.6/platform/common/src/sl_syscalls.o
 .ARM.attributes
                0x0000000000000374       0x3a ./gecko_sdk_4.4.6/platform/common/toolchain/src/sl_memory.o
 .ARM.attributes
                0x00000000000003ae       0x3a ./gecko_sdk_4.4.6/platform/emdrv/dmadrv/src/dmadrv.o
 .ARM.attributes
                0x00000000000003e8       0x3a ./gecko_sdk_4.4.6/platform/emdrv/spidrv/src/spidrv.o
 .ARM.attributes
                0x0000000000000422       0x3a ./gecko_sdk_4.4.6/platform/emlib/src/em_cmu.o
 .ARM.attributes
                0x000000000000045c       0x3a ./gecko_sdk_4.4.6/platform/emlib/src/em_core.o
 .ARM.attributes
                0x0000000000000496       0x3a ./gecko_sdk_4.4.6/platform/emlib/src/em_emu.o
 .ARM.attributes
                0x00000000000004d0       0x3a ./gecko_sdk_4.4.6/platform/emlib/src/em_gpio.o
 .ARM.attributes
                0x000000000000050a       0x3a ./gecko_sdk_4.4.6/platform/emlib/src/em_ldma.o
 .ARM.attributes
                0x0000000000000544       0x3a ./gecko_sdk_4.4.6/platform/emlib/src/em_rtcc.o
 .ARM.attributes
                0x000000000000057e       0x3a ./gecko_sdk_4.4.6/platform/emlib/src/em_system.o
 .ARM.attributes
                0x00000000000005b8       0x3a ./gecko_sdk_4.4.6/platform/emlib/src/em_usart.o
 .ARM.attributes
                0x00000000000005f2       0x3a ./gecko_sdk_4.4.6/platform/service/device_init/src/sl_device_init_dcdc_s2.o
 .ARM.attributes
                0x000000000000062c       0x3a ./gecko_sdk_4.4.6/platform/service/device_init/src/sl_device_init_emu_s2.o
 .ARM.attributes
                0x0000000000000666       0x3a ./gecko_sdk_4.4.6/platform/service/device_init/src/sl_device_init_hfxo_s2.o
 .ARM.attributes
                0x00000000000006a0       0x3a ./gecko_sdk_4.4.6/platform/service/device_init/src/sl_device_init_lfxo_s2.o
 .ARM.attributes
                0x00000000000006da       0x3a ./gecko_sdk_4.4.6/platform/service/device_init/src/sl_device_init_nvic.o
 .ARM.attributes
                0x0000000000000714       0x3a ./gecko_sdk_4.4.6/platform/service/sleeptimer/src/sl_sleeptimer.o
 .ARM.attributes
                0x000000000000074e       0x3a ./gecko_sdk_4.4.6/platform/service/sleeptimer/src/sl_sleeptimer_hal_rtcc.o
 .ARM.attributes
                0x0000000000000788       0x3a ./gecko_sdk_4.4.6/platform/service/system/src/sl_system_init.o
 .ARM.attributes
                0x00000000000007c2       0x3a ./gecko_sdk_4.4.6/platform/service/system/src/sl_system_process_action.o
 .ARM.attributes
                0x00000000000007fc       0x26 /home/abarnika/Downloads/SimplicityStudio_v5/developer/toolchains/gnu_arm/12.2.rel1_2023.7/bin/../lib/gcc/arm-none-eabi/12.2.1/thumb/v8-m.main+fp/hard/libgcc.a(_aeabi_uldivmod.o)
 .ARM.attributes
                0x0000000000000822       0x38 /home/abarnika/Downloads/SimplicityStudio_v5/developer/toolchains/gnu_arm/12.2.rel1_2023.7/bin/../lib/gcc/arm-none-eabi/12.2.1/thumb/v8-m.main+fp/hard/libgcc.a(_udivmoddi4.o)
 .ARM.attributes
                0x000000000000085a       0x26 /home/abarnika/Downloads/SimplicityStudio_v5/developer/toolchains/gnu_arm/12.2.rel1_2023.7/bin/../lib/gcc/arm-none-eabi/12.2.1/thumb/v8-m.main+fp/hard/libgcc.a(_dvmd_tls.o)
 .ARM.attributes
                0x0000000000000880       0x38 /home/abarnika/Downloads/SimplicityStudio_v5/developer/toolchains/gnu_arm/12.2.rel1_2023.7/bin/../lib/gcc/arm-none-eabi/12.2.1/../../../../arm-none-eabi/lib/thumb/v8-m.main+fp/hard/libc_nano.a(libc_a-exit.o)
 .ARM.attributes
                0x00000000000008b8       0x38 /home/abarnika/Downloads/SimplicityStudio_v5/developer/toolchains/gnu_arm/12.2.rel1_2023.7/bin/../lib/gcc/arm-none-eabi/12.2.1/../../../../arm-none-eabi/lib/thumb/v8-m.main+fp/hard/libc_nano.a(libc_a-init.o)
 .ARM.attributes
                0x00000000000008f0       0x38 /home/abarnika/Downloads/SimplicityStudio_v5/developer/toolchains/gnu_arm/12.2.rel1_2023.7/bin/../lib/gcc/arm-none-eabi/12.2.1/../../../../arm-none-eabi/lib/thumb/v8-m.main+fp/hard/libc_nano.a(libc_a-findfp.o)
 .ARM.attributes
                0x0000000000000928       0x38 /home/abarnika/Downloads/SimplicityStudio_v5/developer/toolchains/gnu_arm/12.2.rel1_2023.7/bin/../lib/gcc/arm-none-eabi/12.2.1/../../../../arm-none-eabi/lib/thumb/v8-m.main+fp/hard/libc_nano.a(libc_a-memset.o)
 .ARM.attributes
                0x0000000000000960       0x38 /home/abarnika/Downloads/SimplicityStudio_v5/developer/toolchains/gnu_arm/12.2.rel1_2023.7/bin/../lib/gcc/arm-none-eabi/12.2.1/thumb/v8-m.main+fp/hard/crtend.o
 .ARM.attributes
                0x0000000000000998       0x26 /home/abarnika/Downloads/SimplicityStudio_v5/developer/toolchains/gnu_arm/12.2.rel1_2023.7/bin/../lib/gcc/arm-none-eabi/12.2.1/thumb/v8-m.main+fp/hard/crtn.o

.comment        0x0000000000000000       0x45
 .comment       0x0000000000000000       0x45 ./ABC_lcd_tft/GC9A01.o
                                         0x46 (size before relaxing)
 .comment       0x0000000000000045       0x46 ./app.o
 .comment       0x0000000000000045       0x46 ./main.o
 .comment       0x0000000000000045       0x46 ./autogen/sl_board_default_init.o
 .comment       0x0000000000000045       0x46 ./autogen/sl_device_init_clocks.o
 .comment       0x0000000000000045       0x46 ./autogen/sl_event_handler.o
 .comment       0x0000000000000045       0x46 ./autogen/sl_spidrv_init.o
 .comment       0x0000000000000045       0x46 ./gecko_sdk_4.4.6/hardware/board/src/sl_board_control_gpio.o
 .comment       0x0000000000000045       0x46 ./gecko_sdk_4.4.6/hardware/board/src/sl_board_init.o
 .comment       0x0000000000000045       0x46 ./gecko_sdk_4.4.6/platform/Device/SiliconLabs/BGM22/Source/startup_bgm22.o
 .comment       0x0000000000000045       0x46 ./gecko_sdk_4.4.6/platform/Device/SiliconLabs/BGM22/Source/system_bgm22.o
 .comment       0x0000000000000045       0x46 ./gecko_sdk_4.4.6/platform/common/src/sl_assert.o
 .comment       0x0000000000000045       0x46 ./gecko_sdk_4.4.6/platform/common/src/sl_syscalls.o
 .comment       0x0000000000000045       0x46 ./gecko_sdk_4.4.6/platform/common/toolchain/src/sl_memory.o
 .comment       0x0000000000000045       0x46 ./gecko_sdk_4.4.6/platform/emdrv/dmadrv/src/dmadrv.o
 .comment       0x0000000000000045       0x46 ./gecko_sdk_4.4.6/platform/emdrv/spidrv/src/spidrv.o
 .comment       0x0000000000000045       0x46 ./gecko_sdk_4.4.6/platform/emlib/src/em_cmu.o
 .comment       0x0000000000000045       0x46 ./gecko_sdk_4.4.6/platform/emlib/src/em_core.o
 .comment       0x0000000000000045       0x46 ./gecko_sdk_4.4.6/platform/emlib/src/em_emu.o
 .comment       0x0000000000000045       0x46 ./gecko_sdk_4.4.6/platform/emlib/src/em_gpio.o
 .comment       0x0000000000000045       0x46 ./gecko_sdk_4.4.6/platform/emlib/src/em_ldma.o
 .comment       0x0000000000000045       0x46 ./gecko_sdk_4.4.6/platform/emlib/src/em_rtcc.o
 .comment       0x0000000000000045       0x46 ./gecko_sdk_4.4.6/platform/emlib/src/em_system.o
 .comment       0x0000000000000045       0x46 ./gecko_sdk_4.4.6/platform/emlib/src/em_usart.o
 .comment       0x0000000000000045       0x46 ./gecko_sdk_4.4.6/platform/service/device_init/src/sl_device_init_dcdc_s2.o
 .comment       0x0000000000000045       0x46 ./gecko_sdk_4.4.6/platform/service/device_init/src/sl_device_init_emu_s2.o
 .comment       0x0000000000000045       0x46 ./gecko_sdk_4.4.6/platform/service/device_init/src/sl_device_init_hfxo_s2.o
 .comment       0x0000000000000045       0x46 ./gecko_sdk_4.4.6/platform/service/device_init/src/sl_device_init_lfxo_s2.o
 .comment       0x0000000000000045       0x46 ./gecko_sdk_4.4.6/platform/service/device_init/src/sl_device_init_nvic.o
 .comment       0x0000000000000045       0x46 ./gecko_sdk_4.4.6/platform/service/sleeptimer/src/sl_sleeptimer.o
 .comment       0x0000000000000045       0x46 ./gecko_sdk_4.4.6/platform/service/sleeptimer/src/sl_sleeptimer_hal_rtcc.o
 .comment       0x0000000000000045       0x46 ./gecko_sdk_4.4.6/platform/service/system/src/sl_system_init.o
 .comment       0x0000000000000045       0x46 ./gecko_sdk_4.4.6/platform/service/system/src/sl_system_process_action.o

.debug_line_str
                0x0000000000000000      0x1b2
 .debug_line_str
                0x0000000000000000       0xe0 /home/abarnika/Downloads/SimplicityStudio_v5/developer/toolchains/gnu_arm/12.2.rel1_2023.7/bin/../lib/gcc/arm-none-eabi/12.2.1/../../../../arm-none-eabi/lib/thumb/v8-m.main+fp/hard/crt0.o
 .debug_line_str
                0x00000000000000e0       0xc6 /home/abarnika/Downloads/SimplicityStudio_v5/developer/toolchains/gnu_arm/12.2.rel1_2023.7/bin/../lib/gcc/arm-none-eabi/12.2.1/thumb/v8-m.main+fp/hard/libgcc.a(_aeabi_uldivmod.o)
 .debug_line_str
                0x00000000000001a6        0xc /home/abarnika/Downloads/SimplicityStudio_v5/developer/toolchains/gnu_arm/12.2.rel1_2023.7/bin/../lib/gcc/arm-none-eabi/12.2.1/thumb/v8-m.main+fp/hard/libgcc.a(_dvmd_tls.o)
                                         0xca (size before relaxing)

.debug_info     0x0000000000000000    0x31881
 .debug_info    0x0000000000000000     0x3189 ./ABC_lcd_tft/GC9A01.o
 .debug_info    0x0000000000003189     0x3673 ./app.o
 .debug_info    0x00000000000067fc       0xa1 ./main.o
 .debug_info    0x000000000000689d       0x86 ./autogen/sl_board_default_init.o
 .debug_info    0x0000000000006923     0x11e8 ./autogen/sl_device_init_clocks.o
 .debug_info    0x0000000000007b0b      0xee8 ./autogen/sl_event_handler.o
 .debug_info    0x00000000000089f3      0xdb2 ./autogen/sl_spidrv_init.o
 .debug_info    0x00000000000097a5      0x3c2 ./gecko_sdk_4.4.6/hardware/board/src/sl_board_control_gpio.o
 .debug_info    0x0000000000009b67      0x2ae ./gecko_sdk_4.4.6/hardware/board/src/sl_board_init.o
 .debug_info    0x0000000000009e15      0x3a9 ./gecko_sdk_4.4.6/platform/Device/SiliconLabs/BGM22/Source/startup_bgm22.o
 .debug_info    0x000000000000a1be     0x201d ./gecko_sdk_4.4.6/platform/Device/SiliconLabs/BGM22/Source/system_bgm22.o
 .debug_info    0x000000000000c1db       0x86 ./gecko_sdk_4.4.6/platform/common/src/sl_assert.o
 .debug_info    0x000000000000c261      0x306 ./gecko_sdk_4.4.6/platform/common/src/sl_syscalls.o
 .debug_info    0x000000000000c567      0x205 ./gecko_sdk_4.4.6/platform/common/toolchain/src/sl_memory.o
 .debug_info    0x000000000000c76c     0x1eb9 ./gecko_sdk_4.4.6/platform/emdrv/dmadrv/src/dmadrv.o
 .debug_info    0x000000000000e625     0x4b9c ./gecko_sdk_4.4.6/platform/emdrv/spidrv/src/spidrv.o
 .debug_info    0x00000000000131c1     0x78d0 ./gecko_sdk_4.4.6/platform/emlib/src/em_cmu.o
 .debug_info    0x000000000001aa91     0x13b2 ./gecko_sdk_4.4.6/platform/emlib/src/em_core.o
 .debug_info    0x000000000001be43     0x4c58 ./gecko_sdk_4.4.6/platform/emlib/src/em_emu.o
 .debug_info    0x0000000000020a9b     0x21a4 ./gecko_sdk_4.4.6/platform/emlib/src/em_gpio.o
 .debug_info    0x0000000000022c3f     0x1f1f ./gecko_sdk_4.4.6/platform/emlib/src/em_ldma.o
 .debug_info    0x0000000000024b5e     0x1f35 ./gecko_sdk_4.4.6/platform/emlib/src/em_rtcc.o
 .debug_info    0x0000000000026a93     0x1b6a ./gecko_sdk_4.4.6/platform/emlib/src/em_system.o
 .debug_info    0x00000000000285fd     0x4071 ./gecko_sdk_4.4.6/platform/emlib/src/em_usart.o
 .debug_info    0x000000000002c66e      0x2c7 ./gecko_sdk_4.4.6/platform/service/device_init/src/sl_device_init_dcdc_s2.o
 .debug_info    0x000000000002c935      0x9b5 ./gecko_sdk_4.4.6/platform/service/device_init/src/sl_device_init_emu_s2.o
 .debug_info    0x000000000002d2ea      0x898 ./gecko_sdk_4.4.6/platform/service/device_init/src/sl_device_init_hfxo_s2.o
 .debug_info    0x000000000002db82      0x29e ./gecko_sdk_4.4.6/platform/service/device_init/src/sl_device_init_lfxo_s2.o
 .debug_info    0x000000000002de20      0x7ff ./gecko_sdk_4.4.6/platform/service/device_init/src/sl_device_init_nvic.o
 .debug_info    0x000000000002e61f     0x1a68 ./gecko_sdk_4.4.6/platform/service/sleeptimer/src/sl_sleeptimer.o
 .debug_info    0x0000000000030087     0x16c0 ./gecko_sdk_4.4.6/platform/service/sleeptimer/src/sl_sleeptimer_hal_rtcc.o
 .debug_info    0x0000000000031747       0xa7 ./gecko_sdk_4.4.6/platform/service/system/src/sl_system_init.o
 .debug_info    0x00000000000317ee       0x93 ./gecko_sdk_4.4.6/platform/service/system/src/sl_system_process_action.o

.debug_abbrev   0x0000000000000000     0x4ea6
 .debug_abbrev  0x0000000000000000      0x3a9 ./ABC_lcd_tft/GC9A01.o
 .debug_abbrev  0x00000000000003a9      0x45a ./app.o
 .debug_abbrev  0x0000000000000803       0x5d ./main.o
 .debug_abbrev  0x0000000000000860       0x46 ./autogen/sl_board_default_init.o
 .debug_abbrev  0x00000000000008a6       0xde ./autogen/sl_device_init_clocks.o
 .debug_abbrev  0x0000000000000984      0x1a9 ./autogen/sl_event_handler.o
 .debug_abbrev  0x0000000000000b2d      0x1ae ./autogen/sl_spidrv_init.o
 .debug_abbrev  0x0000000000000cdb      0x185 ./gecko_sdk_4.4.6/hardware/board/src/sl_board_control_gpio.o
 .debug_abbrev  0x0000000000000e60      0x10b ./gecko_sdk_4.4.6/hardware/board/src/sl_board_init.o
 .debug_abbrev  0x0000000000000f6b      0x22e ./gecko_sdk_4.4.6/platform/Device/SiliconLabs/BGM22/Source/startup_bgm22.o
 .debug_abbrev  0x0000000000001199      0x34d ./gecko_sdk_4.4.6/platform/Device/SiliconLabs/BGM22/Source/system_bgm22.o
 .debug_abbrev  0x00000000000014e6       0x6c ./gecko_sdk_4.4.6/platform/common/src/sl_assert.o
 .debug_abbrev  0x0000000000001552      0x143 ./gecko_sdk_4.4.6/platform/common/src/sl_syscalls.o
 .debug_abbrev  0x0000000000001695      0x11e ./gecko_sdk_4.4.6/platform/common/toolchain/src/sl_memory.o
 .debug_abbrev  0x00000000000017b3      0x3d4 ./gecko_sdk_4.4.6/platform/emdrv/dmadrv/src/dmadrv.o
 .debug_abbrev  0x0000000000001b87      0x525 ./gecko_sdk_4.4.6/platform/emdrv/spidrv/src/spidrv.o
 .debug_abbrev  0x00000000000020ac      0x5cf ./gecko_sdk_4.4.6/platform/emlib/src/em_cmu.o
 .debug_abbrev  0x000000000000267b      0x32f ./gecko_sdk_4.4.6/platform/emlib/src/em_core.o
 .debug_abbrev  0x00000000000029aa      0x54a ./gecko_sdk_4.4.6/platform/emlib/src/em_emu.o
 .debug_abbrev  0x0000000000002ef4      0x336 ./gecko_sdk_4.4.6/platform/emlib/src/em_gpio.o
 .debug_abbrev  0x000000000000322a      0x3f2 ./gecko_sdk_4.4.6/platform/emlib/src/em_ldma.o
 .debug_abbrev  0x000000000000361c      0x268 ./gecko_sdk_4.4.6/platform/emlib/src/em_rtcc.o
 .debug_abbrev  0x0000000000003884      0x2a6 ./gecko_sdk_4.4.6/platform/emlib/src/em_system.o
 .debug_abbrev  0x0000000000003b2a      0x341 ./gecko_sdk_4.4.6/platform/emlib/src/em_usart.o
 .debug_abbrev  0x0000000000003e6b       0xf8 ./gecko_sdk_4.4.6/platform/service/device_init/src/sl_device_init_dcdc_s2.o
 .debug_abbrev  0x0000000000003f63      0x149 ./gecko_sdk_4.4.6/platform/service/device_init/src/sl_device_init_emu_s2.o
 .debug_abbrev  0x00000000000040ac      0x196 ./gecko_sdk_4.4.6/platform/service/device_init/src/sl_device_init_hfxo_s2.o
 .debug_abbrev  0x0000000000004242      0x105 ./gecko_sdk_4.4.6/platform/service/device_init/src/sl_device_init_lfxo_s2.o
 .debug_abbrev  0x0000000000004347      0x14b ./gecko_sdk_4.4.6/platform/service/device_init/src/sl_device_init_nvic.o
 .debug_abbrev  0x0000000000004492      0x495 ./gecko_sdk_4.4.6/platform/service/sleeptimer/src/sl_sleeptimer.o
 .debug_abbrev  0x0000000000004927      0x4c7 ./gecko_sdk_4.4.6/platform/service/sleeptimer/src/sl_sleeptimer_hal_rtcc.o
 .debug_abbrev  0x0000000000004dee       0x5c ./gecko_sdk_4.4.6/platform/service/system/src/sl_system_init.o
 .debug_abbrev  0x0000000000004e4a       0x5c ./gecko_sdk_4.4.6/platform/service/system/src/sl_system_process_action.o

.debug_loc      0x0000000000000000     0xd75f
 .debug_loc     0x0000000000000000      0xa4f ./ABC_lcd_tft/GC9A01.o
 .debug_loc     0x0000000000000a4f      0x865 ./app.o
 .debug_loc     0x00000000000012b4       0x20 ./main.o
 .debug_loc     0x00000000000012d4       0x20 ./autogen/sl_device_init_clocks.o
 .debug_loc     0x00000000000012f4       0x75 ./autogen/sl_event_handler.o
 .debug_loc     0x0000000000001369      0x20a ./gecko_sdk_4.4.6/hardware/board/src/sl_board_control_gpio.o
 .debug_loc     0x0000000000001573       0x2c ./gecko_sdk_4.4.6/hardware/board/src/sl_board_init.o
 .debug_loc     0x000000000000159f       0x8e ./gecko_sdk_4.4.6/platform/Device/SiliconLabs/BGM22/Source/startup_bgm22.o
 .debug_loc     0x000000000000162d      0x22a ./gecko_sdk_4.4.6/platform/Device/SiliconLabs/BGM22/Source/system_bgm22.o
 .debug_loc     0x0000000000001857       0x2a ./gecko_sdk_4.4.6/platform/common/src/sl_assert.o
 .debug_loc     0x0000000000001881      0x118 ./gecko_sdk_4.4.6/platform/common/src/sl_syscalls.o
 .debug_loc     0x0000000000001999       0xa9 ./gecko_sdk_4.4.6/platform/common/toolchain/src/sl_memory.o
 .debug_loc     0x0000000000001a42     0x1105 ./gecko_sdk_4.4.6/platform/emdrv/dmadrv/src/dmadrv.o
 .debug_loc     0x0000000000002b47     0x2408 ./gecko_sdk_4.4.6/platform/emdrv/spidrv/src/spidrv.o
 .debug_loc     0x0000000000004f4f     0x382a ./gecko_sdk_4.4.6/platform/emlib/src/em_cmu.o
 .debug_loc     0x0000000000008779      0x926 ./gecko_sdk_4.4.6/platform/emlib/src/em_core.o
 .debug_loc     0x000000000000909f      0x99e ./gecko_sdk_4.4.6/platform/emlib/src/em_emu.o
 .debug_loc     0x0000000000009a3d      0x941 ./gecko_sdk_4.4.6/platform/emlib/src/em_gpio.o
 .debug_loc     0x000000000000a37e      0x5db ./gecko_sdk_4.4.6/platform/emlib/src/em_ldma.o
 .debug_loc     0x000000000000a959      0x13c ./gecko_sdk_4.4.6/platform/emlib/src/em_rtcc.o
 .debug_loc     0x000000000000aa95      0x146 ./gecko_sdk_4.4.6/platform/emlib/src/em_system.o
 .debug_loc     0x000000000000abdb      0xaaa ./gecko_sdk_4.4.6/platform/emlib/src/em_usart.o
 .debug_loc     0x000000000000b685       0x2c ./gecko_sdk_4.4.6/platform/service/device_init/src/sl_device_init_dcdc_s2.o
 .debug_loc     0x000000000000b6b1       0x2c ./gecko_sdk_4.4.6/platform/service/device_init/src/sl_device_init_emu_s2.o
 .debug_loc     0x000000000000b6dd       0xbd ./gecko_sdk_4.4.6/platform/service/device_init/src/sl_device_init_hfxo_s2.o
 .debug_loc     0x000000000000b79a       0x38 ./gecko_sdk_4.4.6/platform/service/device_init/src/sl_device_init_lfxo_s2.o
 .debug_loc     0x000000000000b7d2       0x79 ./gecko_sdk_4.4.6/platform/service/device_init/src/sl_device_init_nvic.o
 .debug_loc     0x000000000000b84b     0x197f ./gecko_sdk_4.4.6/platform/service/sleeptimer/src/sl_sleeptimer.o
 .debug_loc     0x000000000000d1ca      0x53d ./gecko_sdk_4.4.6/platform/service/sleeptimer/src/sl_sleeptimer_hal_rtcc.o
 .debug_loc     0x000000000000d707       0x2c ./gecko_sdk_4.4.6/platform/service/system/src/sl_system_init.o
 .debug_loc     0x000000000000d733       0x2c ./gecko_sdk_4.4.6/platform/service/system/src/sl_system_process_action.o

.debug_aranges  0x0000000000000000      0xe30
 .debug_aranges
                0x0000000000000000       0x80 ./ABC_lcd_tft/GC9A01.o
 .debug_aranges
                0x0000000000000080       0x80 ./app.o
 .debug_aranges
                0x0000000000000100       0x20 ./main.o
 .debug_aranges
                0x0000000000000120       0x20 ./autogen/sl_board_default_init.o
 .debug_aranges
                0x0000000000000140       0x20 ./autogen/sl_device_init_clocks.o
 .debug_aranges
                0x0000000000000160       0x60 ./autogen/sl_event_handler.o
 .debug_aranges
                0x00000000000001c0       0x20 ./autogen/sl_spidrv_init.o
 .debug_aranges
                0x00000000000001e0       0x70 ./gecko_sdk_4.4.6/hardware/board/src/sl_board_control_gpio.o
 .debug_aranges
                0x0000000000000250       0x28 ./gecko_sdk_4.4.6/hardware/board/src/sl_board_init.o
 .debug_aranges
                0x0000000000000278       0x30 ./gecko_sdk_4.4.6/platform/Device/SiliconLabs/BGM22/Source/startup_bgm22.o
 .debug_aranges
                0x00000000000002a8       0x90 ./gecko_sdk_4.4.6/platform/Device/SiliconLabs/BGM22/Source/system_bgm22.o
 .debug_aranges
                0x0000000000000338       0x20 ./gecko_sdk_4.4.6/platform/common/src/sl_assert.o
 .debug_aranges
                0x0000000000000358       0x68 ./gecko_sdk_4.4.6/platform/common/src/sl_syscalls.o
 .debug_aranges
                0x00000000000003c0       0x30 ./gecko_sdk_4.4.6/platform/common/toolchain/src/sl_memory.o
 .debug_aranges
                0x00000000000003f0       0xa8 ./gecko_sdk_4.4.6/platform/emdrv/dmadrv/src/dmadrv.o
 .debug_aranges
                0x0000000000000498      0x110 ./gecko_sdk_4.4.6/platform/emdrv/spidrv/src/spidrv.o
 .debug_aranges
                0x00000000000005a8      0x1b8 ./gecko_sdk_4.4.6/platform/emlib/src/em_cmu.o
 .debug_aranges
                0x0000000000000760       0xe8 ./gecko_sdk_4.4.6/platform/emlib/src/em_core.o
 .debug_aranges
                0x0000000000000848      0x130 ./gecko_sdk_4.4.6/platform/emlib/src/em_emu.o
 .debug_aranges
                0x0000000000000978       0x68 ./gecko_sdk_4.4.6/platform/emlib/src/em_gpio.o
 .debug_aranges
                0x00000000000009e0       0x50 ./gecko_sdk_4.4.6/platform/emlib/src/em_ldma.o
 .debug_aranges
                0x0000000000000a30       0x48 ./gecko_sdk_4.4.6/platform/emlib/src/em_rtcc.o
 .debug_aranges
                0x0000000000000a78       0x78 ./gecko_sdk_4.4.6/platform/emlib/src/em_system.o
 .debug_aranges
                0x0000000000000af0       0xb8 ./gecko_sdk_4.4.6/platform/emlib/src/em_usart.o
 .debug_aranges
                0x0000000000000ba8       0x20 ./gecko_sdk_4.4.6/platform/service/device_init/src/sl_device_init_dcdc_s2.o
 .debug_aranges
                0x0000000000000bc8       0x20 ./gecko_sdk_4.4.6/platform/service/device_init/src/sl_device_init_emu_s2.o
 .debug_aranges
                0x0000000000000be8       0x20 ./gecko_sdk_4.4.6/platform/service/device_init/src/sl_device_init_hfxo_s2.o
 .debug_aranges
                0x0000000000000c08       0x20 ./gecko_sdk_4.4.6/platform/service/device_init/src/sl_device_init_lfxo_s2.o
 .debug_aranges
                0x0000000000000c28       0x20 ./gecko_sdk_4.4.6/platform/service/device_init/src/sl_device_init_nvic.o
 .debug_aranges
                0x0000000000000c48      0x120 ./gecko_sdk_4.4.6/platform/service/sleeptimer/src/sl_sleeptimer.o
 .debug_aranges
                0x0000000000000d68       0x88 ./gecko_sdk_4.4.6/platform/service/sleeptimer/src/sl_sleeptimer_hal_rtcc.o
 .debug_aranges
                0x0000000000000df0       0x20 ./gecko_sdk_4.4.6/platform/service/system/src/sl_system_init.o
 .debug_aranges
                0x0000000000000e10       0x20 ./gecko_sdk_4.4.6/platform/service/system/src/sl_system_process_action.o

.debug_ranges   0x0000000000000000     0x1678
 .debug_ranges  0x0000000000000000      0x128 ./ABC_lcd_tft/GC9A01.o
 .debug_ranges  0x0000000000000128      0x150 ./app.o
 .debug_ranges  0x0000000000000278       0x10 ./main.o
 .debug_ranges  0x0000000000000288       0x10 ./autogen/sl_board_default_init.o
 .debug_ranges  0x0000000000000298       0x10 ./autogen/sl_device_init_clocks.o
 .debug_ranges  0x00000000000002a8       0x50 ./autogen/sl_event_handler.o
 .debug_ranges  0x00000000000002f8       0x10 ./autogen/sl_spidrv_init.o
 .debug_ranges  0x0000000000000308       0x60 ./gecko_sdk_4.4.6/hardware/board/src/sl_board_control_gpio.o
 .debug_ranges  0x0000000000000368       0x18 ./gecko_sdk_4.4.6/hardware/board/src/sl_board_init.o
 .debug_ranges  0x0000000000000380       0x88 ./gecko_sdk_4.4.6/platform/Device/SiliconLabs/BGM22/Source/startup_bgm22.o
 .debug_ranges  0x0000000000000408       0x98 ./gecko_sdk_4.4.6/platform/Device/SiliconLabs/BGM22/Source/system_bgm22.o
 .debug_ranges  0x00000000000004a0       0x10 ./gecko_sdk_4.4.6/platform/common/src/sl_assert.o
 .debug_ranges  0x00000000000004b0       0x58 ./gecko_sdk_4.4.6/platform/common/src/sl_syscalls.o
 .debug_ranges  0x0000000000000508       0x20 ./gecko_sdk_4.4.6/platform/common/toolchain/src/sl_memory.o
 .debug_ranges  0x0000000000000528       0xb0 ./gecko_sdk_4.4.6/platform/emdrv/dmadrv/src/dmadrv.o
 .debug_ranges  0x00000000000005d8      0x298 ./gecko_sdk_4.4.6/platform/emdrv/spidrv/src/spidrv.o
 .debug_ranges  0x0000000000000870      0x338 ./gecko_sdk_4.4.6/platform/emlib/src/em_cmu.o
 .debug_ranges  0x0000000000000ba8      0x1a0 ./gecko_sdk_4.4.6/platform/emlib/src/em_core.o
 .debug_ranges  0x0000000000000d48      0x2d0 ./gecko_sdk_4.4.6/platform/emlib/src/em_emu.o
 .debug_ranges  0x0000000000001018       0x88 ./gecko_sdk_4.4.6/platform/emlib/src/em_gpio.o
 .debug_ranges  0x00000000000010a0       0x88 ./gecko_sdk_4.4.6/platform/emlib/src/em_ldma.o
 .debug_ranges  0x0000000000001128       0x68 ./gecko_sdk_4.4.6/platform/emlib/src/em_rtcc.o
 .debug_ranges  0x0000000000001190       0x80 ./gecko_sdk_4.4.6/platform/emlib/src/em_system.o
 .debug_ranges  0x0000000000001210      0x108 ./gecko_sdk_4.4.6/platform/emlib/src/em_usart.o
 .debug_ranges  0x0000000000001318       0x10 ./gecko_sdk_4.4.6/platform/service/device_init/src/sl_device_init_dcdc_s2.o
 .debug_ranges  0x0000000000001328       0x10 ./gecko_sdk_4.4.6/platform/service/device_init/src/sl_device_init_emu_s2.o
 .debug_ranges  0x0000000000001338       0x10 ./gecko_sdk_4.4.6/platform/service/device_init/src/sl_device_init_hfxo_s2.o
 .debug_ranges  0x0000000000001348       0x10 ./gecko_sdk_4.4.6/platform/service/device_init/src/sl_device_init_lfxo_s2.o
 .debug_ranges  0x0000000000001358       0x58 ./gecko_sdk_4.4.6/platform/service/device_init/src/sl_device_init_nvic.o
 .debug_ranges  0x00000000000013b0      0x1a0 ./gecko_sdk_4.4.6/platform/service/sleeptimer/src/sl_sleeptimer.o
 .debug_ranges  0x0000000000001550      0x108 ./gecko_sdk_4.4.6/platform/service/sleeptimer/src/sl_sleeptimer_hal_rtcc.o
 .debug_ranges  0x0000000000001658       0x10 ./gecko_sdk_4.4.6/platform/service/system/src/sl_system_init.o
 .debug_ranges  0x0000000000001668       0x10 ./gecko_sdk_4.4.6/platform/service/system/src/sl_system_process_action.o

.debug_line     0x0000000000000000     0xea8f
 .debug_line    0x0000000000000000      0xc83 ./ABC_lcd_tft/GC9A01.o
 .debug_line    0x0000000000000c83      0xa01 ./app.o
 .debug_line    0x0000000000001684       0xe0 ./main.o
 .debug_line    0x0000000000001764       0x55 ./autogen/sl_board_default_init.o
 .debug_line    0x00000000000017b9      0x2af ./autogen/sl_device_init_clocks.o
 .debug_line    0x0000000000001a68      0x549 ./autogen/sl_event_handler.o
 .debug_line    0x0000000000001fb1      0x402 ./autogen/sl_spidrv_init.o
 .debug_line    0x00000000000023b3      0x3ff ./gecko_sdk_4.4.6/hardware/board/src/sl_board_control_gpio.o
 .debug_line    0x00000000000027b2      0x205 ./gecko_sdk_4.4.6/hardware/board/src/sl_board_init.o
 .debug_line    0x00000000000029b7      0x322 ./gecko_sdk_4.4.6/platform/Device/SiliconLabs/BGM22/Source/startup_bgm22.o
 .debug_line    0x0000000000002cd9      0x580 ./gecko_sdk_4.4.6/platform/Device/SiliconLabs/BGM22/Source/system_bgm22.o
 .debug_line    0x0000000000003259       0xa1 ./gecko_sdk_4.4.6/platform/common/src/sl_assert.o
 .debug_line    0x00000000000032fa      0x1a1 ./gecko_sdk_4.4.6/platform/common/src/sl_syscalls.o
 .debug_line    0x000000000000349b      0x309 ./gecko_sdk_4.4.6/platform/common/toolchain/src/sl_memory.o
 .debug_line    0x00000000000037a4      0xab8 ./gecko_sdk_4.4.6/platform/emdrv/dmadrv/src/dmadrv.o
 .debug_line    0x000000000000425c     0x1703 ./gecko_sdk_4.4.6/platform/emdrv/spidrv/src/spidrv.o
 .debug_line    0x000000000000595f     0x295c ./gecko_sdk_4.4.6/platform/emlib/src/em_cmu.o
 .debug_line    0x00000000000082bb      0xa6e ./gecko_sdk_4.4.6/platform/emlib/src/em_core.o
 .debug_line    0x0000000000008d29      0xf11 ./gecko_sdk_4.4.6/platform/emlib/src/em_emu.o
 .debug_line    0x0000000000009c3a      0x6c2 ./gecko_sdk_4.4.6/platform/emlib/src/em_gpio.o
 .debug_line    0x000000000000a2fc      0x768 ./gecko_sdk_4.4.6/platform/emlib/src/em_ldma.o
 .debug_line    0x000000000000aa64      0x54e ./gecko_sdk_4.4.6/platform/emlib/src/em_rtcc.o
 .debug_line    0x000000000000afb2      0x4ab ./gecko_sdk_4.4.6/platform/emlib/src/em_system.o
 .debug_line    0x000000000000b45d      0xcf4 ./gecko_sdk_4.4.6/platform/emlib/src/em_usart.o
 .debug_line    0x000000000000c151      0x25d ./gecko_sdk_4.4.6/platform/service/device_init/src/sl_device_init_dcdc_s2.o
 .debug_line    0x000000000000c3ae      0x2dd ./gecko_sdk_4.4.6/platform/service/device_init/src/sl_device_init_emu_s2.o
 .debug_line    0x000000000000c68b      0x329 ./gecko_sdk_4.4.6/platform/service/device_init/src/sl_device_init_hfxo_s2.o
 .debug_line    0x000000000000c9b4      0x26e ./gecko_sdk_4.4.6/platform/service/device_init/src/sl_device_init_lfxo_s2.o
 .debug_line    0x000000000000cc22      0x341 ./gecko_sdk_4.4.6/platform/service/device_init/src/sl_device_init_nvic.o
 .debug_line    0x000000000000cf63     0x10cf ./gecko_sdk_4.4.6/platform/service/sleeptimer/src/sl_sleeptimer.o
 .debug_line    0x000000000000e032      0x876 ./gecko_sdk_4.4.6/platform/service/sleeptimer/src/sl_sleeptimer_hal_rtcc.o
 .debug_line    0x000000000000e8a8       0xef ./gecko_sdk_4.4.6/platform/service/system/src/sl_system_init.o
 .debug_line    0x000000000000e997       0xf8 ./gecko_sdk_4.4.6/platform/service/system/src/sl_system_process_action.o

.debug_str      0x0000000000000000     0xb4a6
 .debug_str     0x0000000000000000     0x1638 ./ABC_lcd_tft/GC9A01.o
                                       0x181f (size before relaxing)
 .debug_str     0x0000000000001638      0xc41 ./app.o
                                       0x23a8 (size before relaxing)
 .debug_str     0x0000000000002279       0x37 ./main.o
                                        0x187 (size before relaxing)
 .debug_str     0x00000000000022b0       0x39 ./autogen/sl_board_default_init.o
                                        0x1f1 (size before relaxing)
 .debug_str     0x00000000000022e9      0x115 ./autogen/sl_device_init_clocks.o
                                        0xc43 (size before relaxing)
 .debug_str     0x00000000000023fe      0x18a ./autogen/sl_event_handler.o
                                        0xce4 (size before relaxing)
 .debug_str     0x0000000000002588      0x1ba ./autogen/sl_spidrv_init.o
                                        0xc71 (size before relaxing)
 .debug_str     0x0000000000002742      0x2ae ./gecko_sdk_4.4.6/hardware/board/src/sl_board_control_gpio.o
                                        0x4cd (size before relaxing)
 .debug_str     0x00000000000029f0       0x52 ./gecko_sdk_4.4.6/hardware/board/src/sl_board_init.o
                                        0x63c (size before relaxing)
 .debug_str     0x0000000000002a42      0x1b8 ./gecko_sdk_4.4.6/platform/Device/SiliconLabs/BGM22/Source/startup_bgm22.o
                                        0x390 (size before relaxing)
 .debug_str     0x0000000000002bfa      0x9eb ./gecko_sdk_4.4.6/platform/Device/SiliconLabs/BGM22/Source/system_bgm22.o
                                       0x1551 (size before relaxing)
 .debug_str     0x00000000000035e5       0x54 ./gecko_sdk_4.4.6/platform/common/src/sl_assert.o
                                        0x19c (size before relaxing)
 .debug_str     0x0000000000003639       0xa1 ./gecko_sdk_4.4.6/platform/common/src/sl_syscalls.o
                                        0x27c (size before relaxing)
 .debug_str     0x00000000000036da       0xf3 ./gecko_sdk_4.4.6/platform/common/toolchain/src/sl_memory.o
                                        0x2d6 (size before relaxing)
 .debug_str     0x00000000000037cd      0xd0e ./gecko_sdk_4.4.6/platform/emdrv/dmadrv/src/dmadrv.o
                                       0x10a1 (size before relaxing)
 .debug_str     0x00000000000044db      0xcc0 ./gecko_sdk_4.4.6/platform/emdrv/spidrv/src/spidrv.o
                                       0x2de0 (size before relaxing)
 .debug_str     0x000000000000519b     0x1913 ./gecko_sdk_4.4.6/platform/emlib/src/em_cmu.o
                                       0x35b9 (size before relaxing)
 .debug_str     0x0000000000006aae      0x30e ./gecko_sdk_4.4.6/platform/emlib/src/em_core.o
                                        0xa9a (size before relaxing)
 .debug_str     0x0000000000006dbc      0xa35 ./gecko_sdk_4.4.6/platform/emlib/src/em_emu.o
                                       0x2d10 (size before relaxing)
 .debug_str     0x00000000000077f1      0x11a ./gecko_sdk_4.4.6/platform/emlib/src/em_gpio.o
                                       0x136f (size before relaxing)
 .debug_str     0x000000000000790b       0xc9 ./gecko_sdk_4.4.6/platform/emlib/src/em_ldma.o
                                       0x13ec (size before relaxing)
 .debug_str     0x00000000000079d4     0x2036 ./gecko_sdk_4.4.6/platform/emlib/src/em_rtcc.o
                                       0x24cf (size before relaxing)
 .debug_str     0x0000000000009a0a      0x344 ./gecko_sdk_4.4.6/platform/emlib/src/em_system.o
                                       0x13ae (size before relaxing)
 .debug_str     0x0000000000009d4e      0x56f ./gecko_sdk_4.4.6/platform/emlib/src/em_usart.o
                                       0x38a6 (size before relaxing)
 .debug_str     0x000000000000a2bd       0x69 ./gecko_sdk_4.4.6/platform/service/device_init/src/sl_device_init_dcdc_s2.o
                                        0x64e (size before relaxing)
 .debug_str     0x000000000000a326       0x71 ./gecko_sdk_4.4.6/platform/service/device_init/src/sl_device_init_emu_s2.o
                                        0x82e (size before relaxing)
 .debug_str     0x000000000000a397      0x540 ./gecko_sdk_4.4.6/platform/service/device_init/src/sl_device_init_hfxo_s2.o
                                        0xbf2 (size before relaxing)
 .debug_str     0x000000000000a8d7      0x1de ./gecko_sdk_4.4.6/platform/service/device_init/src/sl_device_init_lfxo_s2.o
                                        0x4d0 (size before relaxing)
 .debug_str     0x000000000000aab5       0x66 ./gecko_sdk_4.4.6/platform/service/device_init/src/sl_device_init_nvic.o
                                        0x790 (size before relaxing)
 .debug_str     0x000000000000ab1b      0x716 ./gecko_sdk_4.4.6/platform/service/sleeptimer/src/sl_sleeptimer.o
                                        0xbf9 (size before relaxing)
 .debug_str     0x000000000000b231      0x1b3 ./gecko_sdk_4.4.6/platform/service/sleeptimer/src/sl_sleeptimer_hal_rtcc.o
                                       0x13ae (size before relaxing)