Archive member included to satisfy reference by file (symbol)

/home/abarnika/Downloads/SimplicityStudio_v5/developer/toolchains/gnu_arm/12.2.rel1_2023.7/bin/../lib/gcc/arm-none-eabi/12.2.1/thumb/v8-m.main+fp/hard/libgcc.a(_aeabi_ldivmod.o)
                              ./gecko_sdk_4.4.6/platform/emlib/src/em_usart.o (__aeabi_ldivmod)
/home/abarnika/Downloads/SimplicityStudio_v5/developer/toolchains/gnu_arm/12.2.rel1_2023.7/bin/../lib/gcc/arm-none-eabi/12.2.1/thumb/v8-m.main+fp/hard/libgcc.a(_aeabi_uldivmod.o)
                              ./gecko_sdk_4.4.6/platform/emlib/src/em_usart.o (__aeabi_uldivmod)
/home/abarnika/Downloads/SimplicityStudio_v5/developer/toolchains/gnu_arm/12.2.rel1_2023.7/bin/../lib/gcc/arm-none-eabi/12.2.1/thumb/v8-m.main+fp/hard/libgcc.a(_udivmoddi4.o)
                              /home/abarnika/Downloads/SimplicityStudio_v5/developer/toolchains/gnu_arm/12.2.rel1_2023.7/bin/../lib/gcc/arm-none-eabi/12.2.1/thumb/v8-m.main+fp/hard/libgcc.a(_aeabi_ldivmod.o) (__udivmoddi4)
/home/abarnika/Downloads/SimplicityStudio_v5/developer/toolchains/gnu_arm/12.2.rel1_2023.7/bin/../lib/gcc/arm-none-eabi/12.2.1/thumb/v8-m.main+fp/hard/libgcc.a(_dvmd_tls.o)
                              /home/abarnika/Downloads/SimplicityStudio_v5/developer/toolchains/gnu_arm/12.2.rel1_2023.7/bin/../lib/gcc/arm-none-eabi/12.2.1/thumb/v8-m.main+fp/hard/libgcc.a(_aeabi_ldivmod.o) (__aeabi_ldiv0)
/home/abarnika/Downloads/SimplicityStudio_v5/developer/toolchains/gnu_arm/12.2.rel1_2023.7/bin/../lib/gcc/arm-none-eabi/12.2.1/../../../../arm-none-eabi/lib/thumb/v8-m.main+fp/hard/libc_nano.a(libc_a-exit.o)
                              /home/abarnika/Downloads/SimplicityStudio_v5/developer/toolchains/gnu_arm/12.2.rel1_2023.7/bin/../lib/gcc/arm-none-eabi/12.2.1/../../../../arm-none-eabi/lib/thumb/v8-m.main+fp/hard/crt0.o (exit)
/home/abarnika/Downloads/SimplicityStudio_v5/developer/toolchains/gnu_arm/12.2.rel1_2023.7/bin/../lib/gcc/arm-none-eabi/12.2.1/../../../../arm-none-eabi/lib/thumb/v8-m.main+fp/hard/libc_nano.a(libc_a-init.o)
                              /home/abarnika/Downloads/SimplicityStudio_v5/developer/toolchains/gnu_arm/12.2.rel1_2023.7/bin/../lib/gcc/arm-none-eabi/12.2.1/../../../../arm-none-eabi/lib/thumb/v8-m.main+fp/hard/crt0.o (__libc_init_array)
/home/abarnika/Downloads/SimplicityStudio_v5/developer/toolchains/gnu_arm/12.2.rel1_2023.7/bin/../lib/gcc/arm-none-eabi/12.2.1/../../../../arm-none-eabi/lib/thumb/v8-m.main+fp/hard/libc_nano.a(libc_a-findfp.o)
                              /home/abarnika/Downloads/SimplicityStudio_v5/developer/toolchains/gnu_arm/12.2.rel1_2023.7/bin/../lib/gcc/arm-none-eabi/12.2.1/../../../../arm-none-eabi/lib/thumb/v8-m.main+fp/hard/libc_nano.a(libc_a-exit.o) (__stdio_exit_handler)
/home/abarnika/Downloads/SimplicityStudio_v5/developer/toolchains/gnu_arm/12.2.rel1_2023.7/bin/../lib/gcc/arm-none-eabi/12.2.1/../../../../arm-none-eabi/lib/thumb/v8-m.main+fp/hard/libc_nano.a(libc_a-stdio.o)
                              /home/abarnika/Downloads/SimplicityStudio_v5/developer/toolchains/gnu_arm/12.2.rel1_2023.7/bin/../lib/gcc/arm-none-eabi/12.2.1/../../../../arm-none-eabi/lib/thumb/v8-m.main+fp/hard/libc_nano.a(libc_a-findfp.o) (__sread)
/home/abarnika/Downloads/SimplicityStudio_v5/developer/toolchains/gnu_arm/12.2.rel1_2023.7/bin/../lib/gcc/arm-none-eabi/12.2.1/../../../../arm-none-eabi/lib/thumb/v8-m.main+fp/hard/libc_nano.a(libc_a-writer.o)
                              /home/abarnika/Downloads/SimplicityStudio_v5/developer/toolchains/gnu_arm/12.2.rel1_2023.7/bin/../lib/gcc/arm-none-eabi/12.2.1/../../../../arm-none-eabi/lib/thumb/v8-m.main+fp/hard/libc_nano.a(libc_a-stdio.o) (_write_r)
/home/abarnika/Downloads/SimplicityStudio_v5/developer/toolchains/gnu_arm/12.2.rel1_2023.7/bin/../lib/gcc/arm-none-eabi/12.2.1/../../../../arm-none-eabi/lib/thumb/v8-m.main+fp/hard/libc_nano.a(libc_a-fwalk.o)
                              /home/abarnika/Downloads/SimplicityStudio_v5/developer/toolchains/gnu_arm/12.2.rel1_2023.7/bin/../lib/gcc/arm-none-eabi/12.2.1/../../../../arm-none-eabi/lib/thumb/v8-m.main+fp/hard/libc_nano.a(libc_a-findfp.o) (_fwalk_sglue)
/home/abarnika/Downloads/SimplicityStudio_v5/developer/toolchains/gnu_arm/12.2.rel1_2023.7/bin/../lib/gcc/arm-none-eabi/12.2.1/../../../../arm-none-eabi/lib/thumb/v8-m.main+fp/hard/libc_nano.a(libc_a-memset.o)
                              /home/abarnika/Downloads/SimplicityStudio_v5/developer/toolchains/gnu_arm/12.2.rel1_2023.7/bin/../lib/gcc/arm-none-eabi/12.2.1/../../../../arm-none-eabi/lib/thumb/v8-m.main+fp/hard/crt0.o (memset)
/home/abarnika/Downloads/SimplicityStudio_v5/developer/toolchains/gnu_arm/12.2.rel1_2023.7/bin/../lib/gcc/arm-none-eabi/12.2.1/../../../../arm-none-eabi/lib/thumb/v8-m.main+fp/hard/libc_nano.a(libc_a-lock.o)
[...]
Memory Configuration

Name             Origin             Length             Attributes
FLASH            0x0000000000000000 0x000000000007e000 xr
RAM              0x0000000020000000 0x0000000000008000 xrw
*default*        0x0000000000000000 0xffffffffffffffff

Linker script and memory map

LOAD /home/abarnika/Downloads/SimplicityStudio_v5/developer/toolchains/gnu_arm/12.2.rel1_2023.7/bin/../lib/gcc/arm-none-eabi/12.2.1/thumb/v8-m.main+fp/hard/crti.o
LOAD /home/abarnika/Downloads/SimplicityStudio_v5/developer/toolchains/gnu_arm/12.2.rel1_2023.7/bin/../lib/gcc/arm-none-eabi/12.2.1/thumb/v8-m.main+fp/hard/crtbegin.o
LOAD /home/abarnika/Downloads/SimplicityStudio_v5/developer/toolchains/gnu_arm/12.2.rel1_2023.7/bin/../lib/gcc/arm-none-eabi/12.2.1/../../../../arm-none-eabi/lib/thumb/v8-m.main+fp/hard/crt0.o
START GROUP
LOAD ./ABC_lcd_tft/GC9A01.o
LOAD ./app.o
LOAD ./main.o
LOAD ./autogen/sl_board_default_init.o
LOAD ./autogen/sl_device_init_clocks.o
LOAD ./autogen/sl_event_handler.o
LOAD ./autogen/sl_spidrv_init.o
LOAD ./gecko_sdk_4.4.6/hardware/board/src/sl_board_control_gpio.o
LOAD ./gecko_sdk_4.4.6/hardware/board/src/sl_board_init.o
LOAD ./gecko_sdk_4.4.6/platform/Device/SiliconLabs/BGM22/Source/startup_bgm22.o
LOAD ./gecko_sdk_4.4.6/platform/Device/SiliconLabs/BGM22/Source/system_bgm22.o
LOAD ./gecko_sdk_4.4.6/platform/common/src/sl_assert.o
LOAD ./gecko_sdk_4.4.6/platform/common/src/sl_slist.o
LOAD ./gecko_sdk_4.4.6/platform/common/src/sl_syscalls.o
LOAD ./gecko_sdk_4.4.6/platform/common/toolchain/src/sl_memory.o
LOAD ./gecko_sdk_4.4.6/platform/emdrv/dmadrv/src/dmadrv.o
LOAD ./gecko_sdk_4.4.6/platform/emdrv/spidrv/src/spidrv.o
LOAD ./gecko_sdk_4.4.6/platform/emlib/src/em_burtc.o
LOAD ./gecko_sdk_4.4.6/platform/emlib/src/em_cmu.o
LOAD ./gecko_sdk_4.4.6/platform/emlib/src/em_core.o
LOAD ./gecko_sdk_4.4.6/platform/emlib/src/em_emu.o
LOAD ./gecko_sdk_4.4.6/platform/emlib/src/em_gpio.o
LOAD ./gecko_sdk_4.4.6/platform/emlib/src/em_ldma.o
LOAD ./gecko_sdk_4.4.6/platform/emlib/src/em_msc.o
LOAD ./gecko_sdk_4.4.6/platform/emlib/src/em_rtcc.o
LOAD ./gecko_sdk_4.4.6/platform/emlib/src/em_system.o
LOAD ./gecko_sdk_4.4.6/platform/emlib/src/em_timer.o
LOAD ./gecko_sdk_4.4.6/platform/emlib/src/em_usart.o
LOAD ./gecko_sdk_4.4.6/platform/service/device_init/src/sl_device_init_dcdc_s2.o
LOAD ./gecko_sdk_4.4.6/platform/service/device_init/src/sl_device_init_emu_s2.o
LOAD ./gecko_sdk_4.4.6/platform/service/device_init/src/sl_device_init_hfxo_s2.o
LOAD ./gecko_sdk_4.4.6/platform/service/device_init/src/sl_device_init_lfxo_s2.o
LOAD ./gecko_sdk_4.4.6/platform/service/device_init/src/sl_device_init_nvic.o
LOAD ./gecko_sdk_4.4.6/platform/service/sleeptimer/src/sl_sleeptimer.o
LOAD ./gecko_sdk_4.4.6/platform/service/sleeptimer/src/sl_sleeptimer_hal_burtc.o
LOAD ./gecko_sdk_4.4.6/platform/service/sleeptimer/src/sl_sleeptimer_hal_prortc.o
LOAD ./gecko_sdk_4.4.6/platform/service/sleeptimer/src/sl_sleeptimer_hal_rtcc.o
LOAD ./gecko_sdk_4.4.6/platform/service/sleeptimer/src/sl_sleeptimer_hal_timer.o
LOAD ./gecko_sdk_4.4.6/platform/service/system/src/sl_system_init.o
LOAD ./gecko_sdk_4.4.6/platform/service/system/src/sl_system_process_action.o
LOAD /home/abarnika/Downloads/SimplicityStudio_v5/developer/toolchains/gnu_arm/12.2.rel1_2023.7/bin/../lib/gcc/arm-none-eabi/12.2.1/thumb/v8-m.main+fp/hard/libgcc.a
LOAD /home/abarnika/Downloads/SimplicityStudio_v5/developer/toolchains/gnu_arm/12.2.rel1_2023.7/bin/../lib/gcc/arm-none-eabi/12.2.1/../../../../arm-none-eabi/lib/thumb/v8-m.main+fp/hard/libc_nano.a
LOAD /home/abarnika/Downloads/SimplicityStudio_v5/developer/toolchains/gnu_arm/12.2.rel1_2023.7/bin/../lib/gcc/arm-none-eabi/12.2.1/../../../../arm-none-eabi/lib/thumb/v8-m.main+fp/hard/libm.a
LOAD /home/abarnika/Downloads/SimplicityStudio_v5/developer/toolchains/gnu_arm/12.2.rel1_2023.7/bin/../lib/gcc/arm-none-eabi/12.2.1/../../../../arm-none-eabi/lib/thumb/v8-m.main+fp/hard/libnosys.a
END GROUP
START GROUP
LOAD /home/abarnika/Downloads/SimplicityStudio_v5/developer/toolchains/gnu_arm/12.2.rel1_2023.7/bin/../lib/gcc/arm-none-eabi/12.2.1/thumb/v8-m.main+fp/hard/libgcc.a
LOAD /home/abarnika/Downloads/SimplicityStudio_v5/developer/toolchains/gnu_arm/12.2.rel1_2023.7/bin/../lib/gcc/arm-none-eabi/12.2.1/../../../../arm-none-eabi/lib/thumb/v8-m.main+fp/hard/libc_nano.a
LOAD /home/abarnika/Downloads/SimplicityStudio_v5/developer/toolchains/gnu_arm/12.2.rel1_2023.7/bin/../lib/gcc/arm-none-eabi/12.2.1/../../../../arm-none-eabi/lib/thumb/v8-m.main+fp/hard/libnosys.a
END GROUP
START GROUP
LOAD /home/abarnika/Downloads/SimplicityStudio_v5/developer/toolchains/gnu_arm/12.2.rel1_2023.7/bin/../lib/gcc/arm-none-eabi/12.2.1/thumb/v8-m.main+fp/hard/libgcc.a
LOAD /home/abarnika/Downloads/SimplicityStudio_v5/developer/toolchains/gnu_arm/12.2.rel1_2023.7/bin/../lib/gcc/arm-none-eabi/12.2.1/../../../../arm-none-eabi/lib/thumb/v8-m.main+fp/hard/libg_nano.a
LOAD /home/abarnika/Downloads/SimplicityStudio_v5/developer/toolchains/gnu_arm/12.2.rel1_2023.7/bin/../lib/gcc/arm-none-eabi/12.2.1/../../../../arm-none-eabi/lib/thumb/v8-m.main+fp/hard/libc_nano.a
END GROUP
START GROUP
LOAD /home/abarnika/Downloads/SimplicityStudio_v5/developer/toolchains/gnu_arm/12.2.rel1_2023.7/bin/../lib/gcc/arm-none-eabi/12.2.1/thumb/v8-m.main+fp/hard/libgcc.a
LOAD /home/abarnika/Downloads/SimplicityStudio_v5/developer/toolchains/gnu_arm/12.2.rel1_2023.7/bin/../lib/gcc/arm-none-eabi/12.2.1/../../../../arm-none-eabi/lib/thumb/v8-m.main+fp/hard/libc_nano.a
END GROUP
LOAD /home/abarnika/Downloads/SimplicityStudio_v5/developer/toolchains/gnu_arm/12.2.rel1_2023.7/bin/../lib/gcc/arm-none-eabi/12.2.1/thumb/v8-m.main+fp/hard/crtend.o
LOAD /home/abarnika/Downloads/SimplicityStudio_v5/developer/toolchains/gnu_arm/12.2.rel1_2023.7/bin/../lib/gcc/arm-none-eabi/12.2.1/thumb/v8-m.main+fp/hard/crtn.o

.text           0x0000000000000000    0x202f8
                0x0000000000000000                linker_vectors_begin = .
 *(.vectors)
 .vectors       0x0000000000000000      0x140 ./gecko_sdk_4.4.6/platform/Device/SiliconLabs/BGM22/Source/startup_bgm22.o
                0x0000000000000000                __Vectors
                0x0000000000000140                linker_vectors_end = .
                0x0000000000000140                __Vectors_End = .
                0x0000000000000140                __Vectors_Size = (__Vectors_End - __Vectors)
                0x0000000000000140                linker_code_begin = .
 *(SORT_BY_ALIGNMENT(.text*))
 .text.deregister_tm_clones
                0x0000000000000140       0x1c /home/abarnika/Downloads/SimplicityStudio_v5/developer/toolchains/gnu_arm/12.2.rel1_2023.7/bin/../lib/gcc/arm-none-eabi/12.2.1/thumb/v8-m.main+fp/hard/crtbegin.o
 .text.register_tm_clones
                0x000000000000015c       0x28 /home/abarnika/Downloads/SimplicityStudio_v5/developer/toolchains/gnu_arm/12.2.rel1_2023.7/bin/../lib/gcc/arm-none-eabi/12.2.1/thumb/v8-m.main+fp/hard/crtbegin.o
 .text.__do_global_dtors_aux
                0x0000000000000184       0x28 /home/abarnika/Downloads/SimplicityStudio_v5/developer/toolchains/gnu_arm/12.2.rel1_2023.7/bin/../lib/gcc/arm-none-eabi/12.2.1/thumb/v8-m.main+fp/hard/crtbegin.o
 .text.frame_dummy
                0x00000000000001ac       0x24 /home/abarnika/Downloads/SimplicityStudio_v5/developer/toolchains/gnu_arm/12.2.rel1_2023.7/bin/../lib/gcc/arm-none-eabi/12.2.1/thumb/v8-m.main+fp/hard/crtbegin.o
 .text          0x00000000000001d0       0x7c /home/abarnika/Downloads/SimplicityStudio_v5/developer/toolchains/gnu_arm/12.2.rel1_2023.7/bin/../lib/gcc/arm-none-eabi/12.2.1/../../../../arm-none-eabi/lib/thumb/v8-m.main+fp/hard/crt0.o
                0x00000000000001d0                _stack_init
                0x00000000000001d8                _mainCRTStartup
                0x00000000000001d8                _start
 .text.GPIO_PinOutClear
                0x000000000000024c       0x40 ./ABC_lcd_tft/GC9A01.o
 .text.GPIO_PinOutSet
                0x000000000000028c       0x40 ./ABC_lcd_tft/GC9A01.o
 .text.write_command
                0x00000000000002cc       0x38 ./ABC_lcd_tft/GC9A01.o
 .text.write_data
                0x0000000000000304       0x34 ./ABC_lcd_tft/GC9A01.o
 .text.GC9A01_init
                0x0000000000000338      0x474 ./ABC_lcd_tft/GC9A01.o
                0x0000000000000338                GC9A01_init
 .text.draw_large_digit
                0x00000000000007ac       0x58 ./app.o
                0x00000000000007ac                draw_large_digit
 .text.restore_logo_region
                0x0000000000000804       0x50 ./app.o
                0x0000000000000804                restore_logo_region
 .text.app_init
                0x0000000000000854      0x154 ./app.o
                0x0000000000000854                app_init
 .text.app_process_action
                0x00000000000009a8       0x60 ./app.o
                0x00000000000009a8                app_process_action
 .text.sl_device_init_clocks
                0x0000000000000a08       0x9c ./autogen/sl_device_init_clocks.o
                0x0000000000000a08                sl_device_init_clocks
 .text.sl_platform_init
                0x0000000000000aa4       0x58 ./autogen/sl_event_handler.o
                0x0000000000000aa4                sl_platform_init
 .text.sl_spidrv_init_instances
                0x0000000000000afc       0x14 ./autogen/sl_spidrv_init.o
                0x0000000000000afc                sl_spidrv_init_instances
 .text.CopyRamFuncs
                0x0000000000000b10       0x1c ./gecko_sdk_4.4.6/platform/Device/SiliconLabs/BGM22/Source/startup_bgm22.o
                0x0000000000000b10                CopyRamFuncs
 .text.Reset_Handler
                0x0000000000000b2c       0x64 ./gecko_sdk_4.4.6/platform/Device/SiliconLabs/BGM22/Source/startup_bgm22.o
                0x0000000000000b2c                Reset_Handler
 .text.SystemInit
                0x0000000000000b90       0x64 ./gecko_sdk_4.4.6/platform/Device/SiliconLabs/BGM22/Source/system_bgm22.o
                0x0000000000000b90                SystemInit
 .text.SystemHFRCODPLLClockGet
                0x0000000000000bf4        0xc ./gecko_sdk_4.4.6/platform/Device/SiliconLabs/BGM22/Source/system_bgm22.o
                0x0000000000000bf4                SystemHFRCODPLLClockGet
 .text.SystemSYSCLKGet
                0x0000000000000c00       0x34 ./gecko_sdk_4.4.6/platform/Device/SiliconLabs/BGM22/Source/system_bgm22.o
                0x0000000000000c00                SystemSYSCLKGet
 .text.SystemHCLKGet
                0x0000000000000c34       0x24 ./gecko_sdk_4.4.6/platform/Device/SiliconLabs/BGM22/Source/system_bgm22.o
                0x0000000000000c34                SystemHCLKGet
 .text.SystemMaxCoreClockGet
                0x0000000000000c58        0x8 ./gecko_sdk_4.4.6/platform/Device/SiliconLabs/BGM22/Source/system_bgm22.o
                0x0000000000000c58                SystemMaxCoreClockGet
 .text.SystemHFXOClockGet
                0x0000000000000c60        0xc ./gecko_sdk_4.4.6/platform/Device/SiliconLabs/BGM22/Source/system_bgm22.o
                0x0000000000000c60                SystemHFXOClockGet
 .text.SystemHFXOClockSet
                0x0000000000000c6c       0x20 ./gecko_sdk_4.4.6/platform/Device/SiliconLabs/BGM22/Source/system_bgm22.o
                0x0000000000000c6c                SystemHFXOClockSet
 .text.SystemFSRCOClockGet
                0x0000000000000c8c        0x8 ./gecko_sdk_4.4.6/platform/Device/SiliconLabs/BGM22/Source/system_bgm22.o
                0x0000000000000c8c                SystemFSRCOClockGet
 .text.SystemLFXOClockGet
                0x0000000000000c94        0xc ./gecko_sdk_4.4.6/platform/Device/SiliconLabs/BGM22/Source/system_bgm22.o
                0x0000000000000c94                SystemLFXOClockGet
 .text.StartTransfer
                0x0000000000000ca0      0x17c ./gecko_sdk_4.4.6/platform/emdrv/dmadrv/src/dmadrv.o
 .text.DMADRV_AllocateChannel
                0x0000000000000e1c       0x60 ./gecko_sdk_4.4.6/platform/emdrv/dmadrv/src/dmadrv.o
                0x0000000000000e1c                DMADRV_AllocateChannel
 .text.DMADRV_Init
                0x0000000000000e7c       0x68 ./gecko_sdk_4.4.6/platform/emdrv/dmadrv/src/dmadrv.o
                0x0000000000000e7c                DMADRV_Init
 .text.LDMA_IRQHandler
                0x0000000000000ee4       0x74 ./gecko_sdk_4.4.6/platform/emdrv/dmadrv/src/dmadrv.o
                0x0000000000000ee4                LDMA_IRQHandler
 .text.RxDMAComplete
                0x0000000000000f58       0x50 ./gecko_sdk_4.4.6/platform/emdrv/spidrv/src/spidrv.o
 .text.TransferApiPrologue
                0x0000000000000fa8       0x48 ./gecko_sdk_4.4.6/platform/emdrv/spidrv/src/spidrv.o
 .text.StartTransmitDMA
                0x0000000000000ff0       0x8c ./gecko_sdk_4.4.6/platform/emdrv/spidrv/src/spidrv.o
 .text.SPIDRV_Init
                0x000000000000107c      0x25c ./gecko_sdk_4.4.6/platform/emdrv/spidrv/src/spidrv.o
                0x000000000000107c                SPIDRV_Init
 .text.SPIDRV_MTransmitB
                0x00000000000012d8       0x38 ./gecko_sdk_4.4.6/platform/emdrv/spidrv/src/spidrv.o
                0x00000000000012d8                SPIDRV_MTransmitB
 .text.EMU_VScaleGet
                0x0000000000001310       0x18 ./gecko_sdk_4.4.6/platform/emlib/src/em_cmu.o
 .text.em01GrpaClkGet
                0x0000000000001328       0x48 ./gecko_sdk_4.4.6/platform/emlib/src/em_cmu.o
 .text.iadcClkGet
                0x0000000000001370       0x54 ./gecko_sdk_4.4.6/platform/emlib/src/em_cmu.o
 .text.em01GrpbClkGet
                0x00000000000013c4       0x74 ./gecko_sdk_4.4.6/platform/emlib/src/em_cmu.o
 .text.em23GrpaClkGet
                0x0000000000001438       0x48 ./gecko_sdk_4.4.6/platform/emlib/src/em_cmu.o
 .text.wdog0ClkGet
                0x0000000000001480       0x64 ./gecko_sdk_4.4.6/platform/emlib/src/em_cmu.o
 .text.rtccClkGet
                0x00000000000014e4       0x54 ./gecko_sdk_4.4.6/platform/emlib/src/em_cmu.o
 .text.em4GrpaClkGet
                0x0000000000001538       0x48 ./gecko_sdk_4.4.6/platform/emlib/src/em_cmu.o
 .text.euart0ClkGet
                0x0000000000001580       0x48 ./gecko_sdk_4.4.6/platform/emlib/src/em_cmu.o
 .text.CMU_ClockDivGet
                0x00000000000015c8       0x84 ./gecko_sdk_4.4.6/platform/emlib/src/em_cmu.o
                0x00000000000015c8                CMU_ClockDivGet
 .text.flashWaitStateControl
                0x000000000000164c       0x4c ./gecko_sdk_4.4.6/platform/emlib/src/em_cmu.o
 .text.CMU_ClockEnable
                0x0000000000001698       0x54 ./gecko_sdk_4.4.6/platform/emlib/src/em_cmu.o
                0x0000000000001698                CMU_ClockEnable
 .text.CMU_ClockFreqGet
                0x00000000000016ec      0x198 ./gecko_sdk_4.4.6/platform/emlib/src/em_cmu.o
                0x00000000000016ec                CMU_ClockFreqGet
 .text.rhclkPrescOptimize
                0x0000000000001884       0x20 ./gecko_sdk_4.4.6/platform/emlib/src/em_cmu.o
 .text.CMU_ClockSelectGet
                0x00000000000018a4      0x168 ./gecko_sdk_4.4.6/platform/emlib/src/em_cmu.o
                0x00000000000018a4                CMU_ClockSelectGet
 .text.sli_em_cmu_HFXOSetForceEnable
                0x0000000000001a0c       0x18 ./gecko_sdk_4.4.6/platform/emlib/src/em_cmu.o
                0x0000000000001a0c                sli_em_cmu_HFXOSetForceEnable
 .text.CMU_HFXOInit
                0x0000000000001a24      0x1dc ./gecko_sdk_4.4.6/platform/emlib/src/em_cmu.o
                0x0000000000001a24                CMU_HFXOInit
 .text.CMU_HFXOCTuneDeltaGet
                0x0000000000001c00        0xc ./gecko_sdk_4.4.6/platform/emlib/src/em_cmu.o
                0x0000000000001c00                CMU_HFXOCTuneDeltaGet
 .text.CMU_LFXOInit
                0x0000000000001c0c       0xc4 ./gecko_sdk_4.4.6/platform/emlib/src/em_cmu.o
                0x0000000000001c0c                CMU_LFXOInit
 .text.CMU_LFXOPrecisionSet
                0x0000000000001cd0        0xc ./gecko_sdk_4.4.6/platform/emlib/src/em_cmu.o
                0x0000000000001cd0                CMU_LFXOPrecisionSet
 .text.CMU_HFXOPrecisionSet
                0x0000000000001cdc        0xc ./gecko_sdk_4.4.6/platform/emlib/src/em_cmu.o
                0x0000000000001cdc                CMU_HFXOPrecisionSet
 .text.CMU_ClockDivSet
                0x0000000000001ce8      0x104 ./gecko_sdk_4.4.6/platform/emlib/src/em_cmu.o
                0x0000000000001ce8                CMU_ClockDivSet
 .text.sli_em_cmu_SYSCLKInitPreClockSelect
                0x0000000000001dec       0x20 ./gecko_sdk_4.4.6/platform/emlib/src/em_cmu.o
                0x0000000000001dec                sli_em_cmu_SYSCLKInitPreClockSelect
 .text.pclkDivOptimize
                0x0000000000001e0c       0x24 ./gecko_sdk_4.4.6/platform/emlib/src/em_cmu.o
 .text.__NVIC_GetPriority
                0x0000000000001e30       0x24 ./gecko_sdk_4.4.6/platform/emlib/src/em_core.o
 .text.CORE_NvicIRQDisabled
                0x0000000000001e54       0x34 ./gecko_sdk_4.4.6/platform/emlib/src/em_core.o
                0x0000000000001e54                CORE_NvicIRQDisabled
 .text.CORE_IrqIsBlocked
                0x0000000000001e88       0x6c ./gecko_sdk_4.4.6/platform/emlib/src/em_core.o
                0x0000000000001e88                CORE_IrqIsBlocked
 .text.EMU_EM4Init
                0x0000000000001ef4       0x14 ./gecko_sdk_4.4.6/platform/emlib/src/em_emu.o
                0x0000000000001ef4                EMU_EM4Init
 .text.EMU_VScaleEM01
                0x0000000000001f08       0xa8 ./gecko_sdk_4.4.6/platform/emlib/src/em_emu.o
                0x0000000000001f08                EMU_VScaleEM01
 .text.EMU_VScaleEM01ByClock
                0x0000000000001fb0       0x30 ./gecko_sdk_4.4.6/platform/emlib/src/em_emu.o
                0x0000000000001fb0                EMU_VScaleEM01ByClock
 .text.EMU_DCDCModeSet
                0x0000000000001fe0       0xb8 ./gecko_sdk_4.4.6/platform/emlib/src/em_emu.o
                0x0000000000001fe0                EMU_DCDCModeSet
 .text.EMU_DCDCInit
                0x0000000000002098       0x74 ./gecko_sdk_4.4.6/platform/emlib/src/em_emu.o
                0x0000000000002098                EMU_DCDCInit
 .text.GPIO_PinOutSet
                0x000000000000210c       0x40 ./gecko_sdk_4.4.6/platform/emlib/src/em_gpio.o
 .text.GPIO_PinOutClear
                0x000000000000214c       0x40 ./gecko_sdk_4.4.6/platform/emlib/src/em_gpio.o
 .text.GPIO_PinModeSet
                0x000000000000218c       0x90 ./gecko_sdk_4.4.6/platform/emlib/src/em_gpio.o
                0x000000000000218c                GPIO_PinModeSet
 .text.LDMA_Init
                0x000000000000221c       0x94 ./gecko_sdk_4.4.6/platform/emlib/src/em_ldma.o
                0x000000000000221c                LDMA_Init
 .text.LDMA_StartTransfer
                0x00000000000022b0       0xf8 ./gecko_sdk_4.4.6/platform/emlib/src/em_ldma.o
                0x00000000000022b0                LDMA_StartTransfer
 .text.RTCC_ChannelInit
                0x00000000000023a8       0x48 ./gecko_sdk_4.4.6/platform/emlib/src/em_rtcc.o
                0x00000000000023a8                RTCC_ChannelInit
 .text.RTCC_Enable
                0x00000000000023f0       0x54 ./gecko_sdk_4.4.6/platform/emlib/src/em_rtcc.o
                0x00000000000023f0                RTCC_Enable
 .text.RTCC_Init
                0x0000000000002444       0x48 ./gecko_sdk_4.4.6/platform/emlib/src/em_rtcc.o
                0x0000000000002444                RTCC_Init
 .text.SYSTEM_GetProdRev
                0x000000000000248c       0x10 ./gecko_sdk_4.4.6/platform/emlib/src/em_system.o
                0x000000000000248c                SYSTEM_GetProdRev
 .text.USART_BaudrateSyncSet
                0x000000000000249c       0x48 ./gecko_sdk_4.4.6/platform/emlib/src/em_usart.o
                0x000000000000249c                USART_BaudrateSyncSet
 .text.USART_Reset
                0x00000000000024e4       0x70 ./gecko_sdk_4.4.6/platform/emlib/src/em_usart.o
                0x00000000000024e4                USART_Reset
 .text.USART_InitSync
                0x0000000000002554       0xc8 ./gecko_sdk_4.4.6/platform/emlib/src/em_usart.o
                0x0000000000002554                USART_InitSync
 .text.sl_device_init_dcdc
                0x000000000000261c       0x20 ./gecko_sdk_4.4.6/platform/service/device_init/src/sl_device_init_dcdc_s2.o
                0x000000000000261c                sl_device_init_dcdc
 .text.sl_device_init_emu
                0x000000000000263c       0x24 ./gecko_sdk_4.4.6/platform/service/device_init/src/sl_device_init_emu_s2.o
                0x000000000000263c                sl_device_init_emu
 .text.sl_device_init_hfxo
                0x0000000000002660       0x70 ./gecko_sdk_4.4.6/platform/service/device_init/src/sl_device_init_hfxo_s2.o
                0x0000000000002660                sl_device_init_hfxo
 .text.sl_device_init_lfxo
                0x00000000000026d0       0x2c ./gecko_sdk_4.4.6/platform/service/device_init/src/sl_device_init_lfxo_s2.o
                0x00000000000026d0                sl_device_init_lfxo
 .text.sl_device_init_nvic
                0x00000000000026fc       0x3c ./gecko_sdk_4.4.6/platform/service/device_init/src/sl_device_init_nvic.o
                0x00000000000026fc                sl_device_init_nvic
 .text.delta_list_insert_timer
                0x0000000000002738       0x40 ./gecko_sdk_4.4.6/platform/service/sleeptimer/src/sl_sleeptimer.o
 .text.update_delta_list
                0x0000000000002778       0x34 ./gecko_sdk_4.4.6/platform/service/sleeptimer/src/sl_sleeptimer.o
 .text.set_comparator_for_next_timer
                0x00000000000027ac       0x5c ./gecko_sdk_4.4.6/platform/service/sleeptimer/src/sl_sleeptimer.o
 .text.create_timer
                0x0000000000002808       0x88 ./gecko_sdk_4.4.6/platform/service/sleeptimer/src/sl_sleeptimer.o
 .text.delta_list_remove_timer
                0x0000000000002890       0x38 ./gecko_sdk_4.4.6/platform/service/sleeptimer/src/sl_sleeptimer.o
 .text.sl_sleeptimer_init
                0x00000000000028c8       0x74 ./gecko_sdk_4.4.6/platform/service/sleeptimer/src/sl_sleeptimer.o
                0x00000000000028c8                sl_sleeptimer_init
 .text.sl_sleeptimer_stop_timer
                0x000000000000293c       0x60 ./gecko_sdk_4.4.6/platform/service/sleeptimer/src/sl_sleeptimer.o
                0x000000000000293c                sl_sleeptimer_stop_timer
 .text.sl_sleeptimer_is_timer_running
                0x000000000000299c       0x3c ./gecko_sdk_4.4.6/platform/service/sleeptimer/src/sl_sleeptimer.o
                0x000000000000299c                sl_sleeptimer_is_timer_running
 .text.sl_sleeptimer_ms_to_tick
                0x00000000000029d8       0x24 ./gecko_sdk_4.4.6/platform/service/sleeptimer/src/sl_sleeptimer.o
                0x00000000000029d8                sl_sleeptimer_ms_to_tick
 .text.sl_sleeptimer_delay_millisecond
                0x00000000000029fc       0x38 ./gecko_sdk_4.4.6/platform/service/sleeptimer/src/sl_sleeptimer.o
                0x00000000000029fc                sl_sleeptimer_delay_millisecond
 .text.process_timer_irq
                0x0000000000002a34      0x154 ./gecko_sdk_4.4.6/platform/service/sleeptimer/src/sl_sleeptimer.o
                0x0000000000002a34                process_timer_irq
 .text.sleeptimer_hal_init_timer
                0x0000000000002b88       0x7c ./gecko_sdk_4.4.6/platform/service/sleeptimer/src/sl_sleeptimer_hal_rtcc.o
                0x0000000000002b88                sleeptimer_hal_init_timer
 .text.sleeptimer_hal_set_compare
                0x0000000000002c04       0x64 ./gecko_sdk_4.4.6/platform/service/sleeptimer/src/sl_sleeptimer_hal_rtcc.o
                0x0000000000002c04                sleeptimer_hal_set_compare
 .text.sleeptimer_hal_enable_int
                0x0000000000002c68       0x18 ./gecko_sdk_4.4.6/platform/service/sleeptimer/src/sl_sleeptimer_hal_rtcc.o
                0x0000000000002c68                sleeptimer_hal_enable_int
 .text.sleeptimer_hal_disable_int
                0x0000000000002c80       0x2c ./gecko_sdk_4.4.6/platform/service/sleeptimer/src/sl_sleeptimer_hal_rtcc.o
                0x0000000000002c80                sleeptimer_hal_disable_int
 .text.sleeptimer_hal_set_int
                0x0000000000002cac       0x10 ./gecko_sdk_4.4.6/platform/service/sleeptimer/src/sl_sleeptimer_hal_rtcc.o
                0x0000000000002cac                sleeptimer_hal_set_int
 .text.RTCC_IRQHandler
                0x0000000000002cbc       0x34 ./gecko_sdk_4.4.6/platform/service/sleeptimer/src/sl_sleeptimer_hal_rtcc.o
                0x0000000000002cbc                RTCC_IRQHandler
 .text          0x0000000000002cf0       0x30 /home/abarnika/Downloads/SimplicityStudio_v5/developer/toolchains/gnu_arm/12.2.rel1_2023.7/bin/../lib/gcc/arm-none-eabi/12.2.1/thumb/v8-m.main+fp/hard/libgcc.a(_aeabi_uldivmod.o)
                0x0000000000002cf0                __aeabi_uldivmod
 .text.__udivmoddi4
                0x0000000000002d20      0x2ec /home/abarnika/Downloads/SimplicityStudio_v5/developer/toolchains/gnu_arm/12.2.rel1_2023.7/bin/../lib/gcc/arm-none-eabi/12.2.1/thumb/v8-m.main+fp/hard/libgcc.a(_udivmoddi4.o)
                0x0000000000002d20                __udivmoddi4
 .text          0x000000000000300c        0x4 /home/abarnika/Downloads/SimplicityStudio_v5/developer/toolchains/gnu_arm/12.2.rel1_2023.7/bin/../lib/gcc/arm-none-eabi/12.2.1/thumb/v8-m.main+fp/hard/libgcc.a(_dvmd_tls.o)
                0x000000000000300c                __aeabi_ldiv0
                0x000000000000300c                __aeabi_idiv0
 .text.exit     0x0000000000003010       0x24 /home/abarnika/Downloads/SimplicityStudio_v5/developer/toolchains/gnu_arm/12.2.rel1_2023.7/bin/../lib/gcc/arm-none-eabi/12.2.1/../../../../arm-none-eabi/lib/thumb/v8-m.main+fp/hard/libc_nano.a(libc_a-exit.o)
                0x0000000000003010                exit
 .text.__libc_init_array
                0x0000000000003034       0x48 /home/abarnika/Downloads/SimplicityStudio_v5/developer/toolchains/gnu_arm/12.2.rel1_2023.7/bin/../lib/gcc/arm-none-eabi/12.2.1/../../../../arm-none-eabi/lib/thumb/v8-m.main+fp/hard/libc_nano.a(libc_a-init.o)
                0x0000000000003034                __libc_init_array
 .text.GC9A01_set_frame
                0x000000000000307c       0x52 ./ABC_lcd_tft/GC9A01.o
                0x000000000000307c                GC9A01_set_frame
 .text.GC9A01_drawPixel
                0x00000000000030ce       0x3e ./ABC_lcd_tft/GC9A01.o
                0x00000000000030ce                GC9A01_drawPixel
 .text.GC9A01_DrawImage
                0x000000000000310c       0x52 ./ABC_lcd_tft/GC9A01.o
                0x000000000000310c                GC9A01_DrawImage
 .text.LCD_PowerEnable
                0x000000000000315e        0xc ./app.o
                0x000000000000315e                LCD_PowerEnable
 .text.startup.main
                0x000000000000316a       0x14 ./main.o
                0x000000000000316a                main
 .text.sl_board_default_init
                0x000000000000317e        0x2 ./autogen/sl_board_default_init.o
                0x000000000000317e                sl_board_default_init
 .text.sl_driver_init
                0x0000000000003180        0x4 ./autogen/sl_event_handler.o
                0x0000000000003180                sl_driver_init
 .text.sl_service_init
                0x0000000000003184        0xe ./autogen/sl_event_handler.o
                0x0000000000003184                sl_service_init
 .text.sl_stack_init
                0x0000000000003192        0x2 ./autogen/sl_event_handler.o
                0x0000000000003192                sl_stack_init
 .text.sl_internal_app_init
                0x0000000000003194        0x2 ./autogen/sl_event_handler.o
                0x0000000000003194                sl_internal_app_init
 .text.sl_platform_process_action
                0x0000000000003196        0x2 ./autogen/sl_event_handler.o
                0x0000000000003196                sl_platform_process_action
 .text.sl_service_process_action
                0x0000000000003198        0x2 ./autogen/sl_event_handler.o
                0x0000000000003198                sl_service_process_action
 .text.sl_stack_process_action
                0x000000000000319a        0x2 ./autogen/sl_event_handler.o
                0x000000000000319a                sl_stack_process_action
 .text.sl_internal_app_process_action
                0x000000000000319c        0x2 ./autogen/sl_event_handler.o
                0x000000000000319c                sl_internal_app_process_action
 .text.sl_board_configure_vcom
                0x000000000000319e        0x4 ./gecko_sdk_4.4.6/hardware/board/src/sl_board_control_gpio.o
                0x000000000000319e                sl_board_configure_vcom
 .text.sl_board_init
                0x00000000000031a2       0x12 ./gecko_sdk_4.4.6/hardware/board/src/sl_board_init.o
                0x00000000000031a2                sl_board_init
 .text.sl_board_preinit
                0x00000000000031b4        0x8 ./gecko_sdk_4.4.6/hardware/board/src/sl_board_init.o
                0x00000000000031b4                sl_board_preinit
 .text.Default_Handler
                0x00000000000031bc        0x2 ./gecko_sdk_4.4.6/platform/Device/SiliconLabs/BGM22/Source/startup_bgm22.o
                0x00000000000031bc                ULFRCO_IRQHandler
                0x00000000000031bc                SW2_IRQHandler
                0x00000000000031bc                TIMER2_IRQHandler
                0x00000000000031bc                DebugMon_Handler
                0x00000000000031bc                PKE_IRQHandler
                0x00000000000031bc                USART0_TX_IRQHandler
                0x00000000000031bc                PRORTC_IRQHandler
                0x00000000000031bc                IADC_IRQHandler
                0x00000000000031bc                I2C0_IRQHandler
                0x00000000000031bc                LFXO_IRQHandler
                0x00000000000031bc                CRYPTOACC_IRQHandler
                0x00000000000031bc                HardFault_Handler
                0x00000000000031bc                SMU_SECURE_IRQHandler
                0x00000000000031bc                SysTick_Handler
                0x00000000000031bc                USART1_RX_IRQHandler
                0x00000000000031bc                EMUEFP_IRQHandler
                0x00000000000031bc                PendSV_Handler
                0x00000000000031bc                NMI_Handler
                0x00000000000031bc                SYNTH_IRQHandler
                0x00000000000031bc                HFXO0_IRQHandler
                0x00000000000031bc                I2C1_IRQHandler
                0x00000000000031bc                PDM_IRQHandler
                0x00000000000031bc                WDOG0_IRQHandler
                0x00000000000031bc                TIMER3_IRQHandler
                0x00000000000031bc                SYSCFG_IRQHandler
                0x00000000000031bc                EMUSE_IRQHandler
                0x00000000000031bc                EMUDG_IRQHandler
                0x00000000000031bc                USART1_TX_IRQHandler
                0x00000000000031bc                MSC_IRQHandler
                0x00000000000031bc                DPLL0_IRQHandler
                0x00000000000031bc                UsageFault_Handler
                0x00000000000031bc                M33CTI1_IRQHandler
                0x00000000000031bc                TIMER4_IRQHandler
                0x00000000000031bc                GPIO_EVEN_IRQHandler
                0x00000000000031bc                SW0_IRQHandler
                0x00000000000031bc                TIMER0_IRQHandler
                0x00000000000031bc                LETIMER0_IRQHandler
                0x00000000000031bc                TIMER1_IRQHandler
                0x00000000000031bc                HFRCO0_IRQHandler
                0x00000000000031bc                RFSENSE_IRQHandler
                0x00000000000031bc                SecureFault_Handler
                0x00000000000031bc                BUFC_IRQHandler
                0x00000000000031bc                DCDC_IRQHandler
                0x00000000000031bc                MODEM_IRQHandler
                0x00000000000031bc                Default_Handler
                0x00000000000031bc                RAC_SEQ_IRQHandler
                0x00000000000031bc                FRC_PRI_IRQHandler
                0x00000000000031bc                EMU_IRQHandler
                0x00000000000031bc                SW3_IRQHandler
                0x00000000000031bc                KERNEL0_IRQHandler
                0x00000000000031bc                FRC_IRQHandler
                0x00000000000031bc                KERNEL1_IRQHandler
                0x00000000000031bc                AGC_IRQHandler
                0x00000000000031bc                sl_app_properties
                0x00000000000031bc                BURTC_IRQHandler
                0x00000000000031bc                LFRCO_IRQHandler
                0x00000000000031bc                USART0_RX_IRQHandler
                0x00000000000031bc                MemManage_Handler
                0x00000000000031bc                RDMAILBOX_IRQHandler
                0x00000000000031bc                SVC_Handler
                0x00000000000031bc                SMU_S_PRIVILEGED_IRQHandler
                0x00000000000031bc                SW1_IRQHandler
                0x00000000000031bc                CMU_IRQHandler
                0x00000000000031bc                RAC_RSM_IRQHandler
                0x00000000000031bc                EUART0_TX_IRQHandler
                0x00000000000031bc                EUART0_RX_IRQHandler
                0x00000000000031bc                GPIO_ODD_IRQHandler
                0x00000000000031bc                AES_IRQHandler
                0x00000000000031bc                M33CTI0_IRQHandler
                0x00000000000031bc                ICACHE0_IRQHandler
                0x00000000000031bc                SMU_NS_PRIVILEGED_IRQHandler
                0x00000000000031bc                PROTIMER_IRQHandler
                0x00000000000031bc                BusFault_Handler
                0x00000000000031bc                TRNG_IRQHandler
 .text.FlashToRamCopy
                0x00000000000031be       0x16 ./gecko_sdk_4.4.6/platform/Device/SiliconLabs/BGM22/Source/system_bgm22.o
                0x00000000000031be                FlashToRamCopy
 .text.SystemCLKIN0Get
                0x00000000000031d4        0x4 ./gecko_sdk_4.4.6/platform/Device/SiliconLabs/BGM22/Source/system_bgm22.o
                0x00000000000031d4                SystemCLKIN0Get
 .text.SystemLFRCOClockGet
                0x00000000000031d8        0x6 ./gecko_sdk_4.4.6/platform/Device/SiliconLabs/BGM22/Source/system_bgm22.o
                0x00000000000031d8                SystemLFRCOClockGet
 .text.SystemULFRCOClockGet
                0x00000000000031de        0x6 ./gecko_sdk_4.4.6/platform/Device/SiliconLabs/BGM22/Source/system_bgm22.o
                0x00000000000031de                SystemULFRCOClockGet
 .text.assertEFM
                0x00000000000031e4        0x2 ./gecko_sdk_4.4.6/platform/common/src/sl_assert.o
                0x00000000000031e4                assertEFM
 .text._exit    0x00000000000031e6        0x2 ./gecko_sdk_4.4.6/platform/common/src/sl_syscalls.o
                0x00000000000031e6                _exit
 .text.DMADRV_MemoryPeripheral
                0x00000000000031e8       0x34 ./gecko_sdk_4.4.6/platform/emdrv/dmadrv/src/dmadrv.o
                0x00000000000031e8                DMADRV_MemoryPeripheral
 .text.DMADRV_PeripheralMemory
                0x000000000000321c       0x34 ./gecko_sdk_4.4.6/platform/emdrv/dmadrv/src/dmadrv.o
                0x000000000000321c                DMADRV_PeripheralMemory
 .text.BlockingComplete
                0x0000000000003250        0xa ./gecko_sdk_4.4.6/platform/emdrv/spidrv/src/spidrv.o
 .text.WaitForTransferCompletion
                0x000000000000325a       0x24 ./gecko_sdk_4.4.6/platform/emdrv/spidrv/src/spidrv.o
 .text.waitStateMax
                0x000000000000327e       0x10 ./gecko_sdk_4.4.6/platform/emlib/src/em_cmu.o
 .text.CMU_UpdateWaitStates
                0x000000000000328e        0xc ./gecko_sdk_4.4.6/platform/emlib/src/em_cmu.o
                0x000000000000328e                CMU_UpdateWaitStates
 .text.pclkDivMax
                0x000000000000329a        0xa ./gecko_sdk_4.4.6/platform/emlib/src/em_cmu.o
 .text.sli_em_cmu_SYSCLKInitPostClockSelect
                0x00000000000032a4       0x2a ./gecko_sdk_4.4.6/platform/emlib/src/em_cmu.o
                0x00000000000032a4                sli_em_cmu_SYSCLKInitPostClockSelect
 .text.CORE_EnterCritical
                0x00000000000032ce        0x8 ./gecko_sdk_4.4.6/platform/emlib/src/em_core.o
                0x00000000000032ce                CORE_EnterCritical
 .text.CORE_ExitCritical
                0x00000000000032d6        0x6 ./gecko_sdk_4.4.6/platform/emlib/src/em_core.o
                0x00000000000032d6                CORE_ExitCritical
 .text.CORE_EnterAtomic
                0x00000000000032dc        0xc ./gecko_sdk_4.4.6/platform/emlib/src/em_core.o
                0x00000000000032dc                CORE_EnterAtomic
 .text.CORE_ExitAtomic
                0x00000000000032e8        0x6 ./gecko_sdk_4.4.6/platform/emlib/src/em_core.o
                0x00000000000032e8                CORE_ExitAtomic
 .text.EMU_EFPEM01VScale
                0x00000000000032ee        0x2 ./gecko_sdk_4.4.6/platform/emlib/src/em_emu.o
                0x00000000000032ee                EMU_EFPEM01VScale
 .text.EMU_DCDCUpdatedHook
                0x00000000000032f0        0x2 ./gecko_sdk_4.4.6/platform/emlib/src/em_emu.o
                0x00000000000032f0                EMU_DCDCUpdatedHook
 .text.BUS_RegMaskedWrite
                0x00000000000032f2       0x1e ./gecko_sdk_4.4.6/platform/emlib/src/em_gpio.o
 .text.RTCC_SyncWait
                0x0000000000003310       0x10 ./gecko_sdk_4.4.6/platform/emlib/src/em_rtcc.o
 .text.delay_callback
                0x0000000000003320        0x6 ./gecko_sdk_4.4.6/platform/service/sleeptimer/src/sl_sleeptimer.o
 .text.sl_sleeptimer_start_timer
                0x0000000000003326       0x48 ./gecko_sdk_4.4.6/platform/service/sleeptimer/src/sl_sleeptimer.o
                0x0000000000003326                sl_sleeptimer_start_timer
 .text.CMU_PrescToLog2.constprop.0
                0x000000000000336e        0x4 ./gecko_sdk_4.4.6/platform/service/sleeptimer/src/sl_sleeptimer_hal_rtcc.o
 .text.sleeptimer_hal_get_counter
                0x0000000000003372        0xe ./gecko_sdk_4.4.6/platform/service/sleeptimer/src/sl_sleeptimer_hal_rtcc.o
                0x0000000000003372                sleeptimer_hal_get_counter
 .text.sleeptimer_hal_get_timer_frequency
                0x0000000000003380       0x14 ./gecko_sdk_4.4.6/platform/service/sleeptimer/src/sl_sleeptimer_hal_rtcc.o
                0x0000000000003380                sleeptimer_hal_get_timer_frequency
 .text.sl_system_init
                0x0000000000003394       0x1a ./gecko_sdk_4.4.6/platform/service/system/src/sl_system_init.o
                0x0000000000003394                sl_system_init
 .text.sl_system_process_action
                0x00000000000033ae       0x16 ./gecko_sdk_4.4.6/platform/service/system/src/sl_system_process_action.o
                0x00000000000033ae                sl_system_process_action
 .text.memset   0x00000000000033c4       0x10 /home/abarnika/Downloads/SimplicityStudio_v5/developer/toolchains/gnu_arm/12.2.rel1_2023.7/bin/../lib/gcc/arm-none-eabi/12.2.1/../../../../arm-none-eabi/lib/thumb/v8-m.main+fp/hard/libc_nano.a(libc_a-memset.o)
                0x00000000000033c4                memset
                0x00000000000033e0                . = ALIGN (0x20)
 *fill*         0x00000000000033d4        0xc 
                0x00000000000033e0                linker_code_end = .
 *(.init)
 .init          0x00000000000033e0        0x4 /home/abarnika/Downloads/SimplicityStudio_v5/developer/toolchains/gnu_arm/12.2.rel1_2023.7/bin/../lib/gcc/arm-none-eabi/12.2.1/thumb/v8-m.main+fp/hard/crti.o
                0x00000000000033e0                _init
 .init          0x00000000000033e4        0x8 /home/abarnika/Downloads/SimplicityStudio_v5/developer/toolchains/gnu_arm/12.2.rel1_2023.7/bin/../lib/gcc/arm-none-eabi/12.2.1/thumb/v8-m.main+fp/hard/crtn.o
 *(.fini)
 .fini          0x00000000000033ec        0x4 /home/abarnika/Downloads/SimplicityStudio_v5/developer/toolchains/gnu_arm/12.2.rel1_2023.7/bin/../lib/gcc/arm-none-eabi/12.2.1/thumb/v8-m.main+fp/hard/crti.o
                0x00000000000033ec                _fini
 .fini          0x00000000000033f0        0x8 /home/abarnika/Downloads/SimplicityStudio_v5/developer/toolchains/gnu_arm/12.2.rel1_2023.7/bin/../lib/gcc/arm-none-eabi/12.2.1/thumb/v8-m.main+fp/hard/crtn.o
 *crtbegin.o(.ctors)
 *crtbegin?.o(.ctors)
 *(EXCLUDE_FILE(*crtend.o *crtend?.o) .ctors)
 *(SORT_BY_NAME(.ctors.*))
 *(.ctors)
 *crtbegin.o(.dtors)
 *crtbegin?.o(.dtors)
 *(EXCLUDE_FILE(*crtend.o *crtend?.o) .dtors)
 *(SORT_BY_NAME(.dtors.*))
 *(.dtors)
                0x00000000000033f8                __code_classification_validator_start__ = .
                0x0000000000003418                . = (. + 0x20)
 *fill*         0x00000000000033f8       0x20 
 *(code_classification_validator)
                0x0000000000003420                . = ALIGN (0x20)
 *fill*         0x0000000000003418        0x8 
                0x0000000000003420                __code_classification_validator_end__ = .
 *(.rodata*)
 .rodata.GPIO_PinOutClear.str1.1
                0x0000000000003420       0x4d ./ABC_lcd_tft/GC9A01.o
 *fill*         0x000000000000346d        0x1 
 .rodata.CSWTCH.11
                0x000000000000346e        0x8 ./ABC_lcd_tft/GC9A01.o
 .rodata        0x0000000000003476       0x5f ./ABC_lcd_tft/GC9A01.o
 .rodata.app_init.str1.1
                0x00000000000034d5        0x6 ./app.o
 .rodata.glyph_5x7
                0x00000000000034db       0x50 ./app.o
 *fill*         0x000000000000352b        0x1 
 .rodata.GC9A01_logo
                0x000000000000352c    0x1c200 ./app.o
 .rodata.font32x48
                0x000000000001f72c      0x840 ./app.o
 .rodata        0x000000000001ff6c        0x4 ./gecko_sdk_4.4.6/platform/emdrv/dmadrv/src/dmadrv.o
 .rodata.RxDMAComplete.str1.1
                0x000000000001ff70       0x52 ./gecko_sdk_4.4.6/platform/emdrv/spidrv/src/spidrv.o
 *fill*         0x000000000001ffc2        0x2 
 .rodata        0x000000000001ffc4       0x1c ./gecko_sdk_4.4.6/platform/emdrv/spidrv/src/spidrv.o
 .rodata.HFRCODPLLDevinfoGet.str1.1
                0x000000000001ffe0       0x4b ./gecko_sdk_4.4.6/platform/emlib/src/em_cmu.o
 .rodata.CORE_NvicMaskSetIRQ.str1.1
                0x000000000002002b       0x4c ./gecko_sdk_4.4.6/platform/emlib/src/em_core.o
 .rodata.EMU_VScaleEM01.str1.1
                0x0000000000020077       0x4b ./gecko_sdk_4.4.6/platform/emlib/src/em_emu.o
 .rodata.GPIO_PinOutSet.str1.1
                0x00000000000200c2       0x4d ./gecko_sdk_4.4.6/platform/emlib/src/em_gpio.o
 .rodata.GPIO_ExtIntConfig.str1.1
                0x00000000000200c2       0x4c ./gecko_sdk_4.4.6/platform/emlib/src/em_gpio.o
 .rodata.CSWTCH.31
                0x000000000002010e        0x8 ./gecko_sdk_4.4.6/platform/emlib/src/em_gpio.o
 .rodata.LDMA_EnableChannelRequest.str1.1
                0x0000000000020116       0x98 ./gecko_sdk_4.4.6/platform/emlib/src/em_ldma.o
 .rodata.RTCC_ChannelInit.str1.1
                0x00000000000201ae       0x4c ./gecko_sdk_4.4.6/platform/emlib/src/em_rtcc.o
 .rodata.USART_BaudrateAsyncSet.str1.1
                0x00000000000201fa       0x4d ./gecko_sdk_4.4.6/platform/emlib/src/em_usart.o
 .rodata        0x0000000000020247        0x8 ./gecko_sdk_4.4.6/platform/service/device_init/src/sl_device_init_dcdc_s2.o
 *fill*         0x000000000002024f        0x1 
 .rodata        0x0000000000020250       0x28 ./gecko_sdk_4.4.6/platform/service/device_init/src/sl_device_init_hfxo_s2.o
 .rodata        0x0000000000020278       0x14 ./gecko_sdk_4.4.6/platform/service/device_init/src/sl_device_init_lfxo_s2.o
 .rodata.process_timer_irq.str1.1
                0x000000000002028c       0x5f ./gecko_sdk_4.4.6/platform/service/sleeptimer/src/sl_sleeptimer.o
 .rodata        0x00000000000202eb        0xb ./gecko_sdk_4.4.6/platform/service/sleeptimer/src/sl_sleeptimer_hal_rtcc.o
 *(.eh_frame*)
 *fill*         0x00000000000202f6        0x2 
 .eh_frame      0x00000000000202f8        0x0 /home/abarnika/Downloads/SimplicityStudio_v5/developer/toolchains/gnu_arm/12.2.rel1_2023.7/bin/../lib/gcc/arm-none-eabi/12.2.1/thumb/v8-m.main+fp/hard/crtbegin.o

.glue_7         0x00000000000202f8        0x0
 .glue_7        0x00000000000202f8        0x0 linker stubs

.glue_7t        0x00000000000202f8        0x0
 .glue_7t       0x00000000000202f8        0x0 linker stubs

.vfp11_veneer   0x00000000000202f8        0x0
 .vfp11_veneer  0x00000000000202f8        0x0 linker stubs

.v4_bx          0x00000000000202f8        0x0
 .v4_bx         0x00000000000202f8        0x0 linker stubs

.iplt           0x00000000000202f8        0x0
 .iplt          0x00000000000202f8        0x0 /home/abarnika/Downloads/SimplicityStudio_v5/developer/toolchains/gnu_arm/12.2.rel1_2023.7/bin/../lib/gcc/arm-none-eabi/12.2.1/thumb/v8-m.main+fp/hard/crtbegin.o

.ARM.extab
 *(.ARM.extab* .gnu.linkonce.armextab.*)
                0x00000000000202f8                __exidx_start = .

.ARM.exidx      0x00000000000202f8        0x8
 *(.ARM.exidx* .gnu.linkonce.armexidx.*)
 .ARM.exidx     0x00000000000202f8        0x8 /home/abarnika/Downloads/SimplicityStudio_v5/developer/toolchains/gnu_arm/12.2.rel1_2023.7/bin/../lib/gcc/arm-none-eabi/12.2.1/../../../../arm-none-eabi/lib/thumb/v8-m.main+fp/hard/crt0.o
                                         0x10 (size before relaxing)
 .ARM.exidx.text.__udivmoddi4
                0x0000000000020300        0x0 /home/abarnika/Downloads/SimplicityStudio_v5/developer/toolchains/gnu_arm/12.2.rel1_2023.7/bin/../lib/gcc/arm-none-eabi/12.2.1/thumb/v8-m.main+fp/hard/libgcc.a(_udivmoddi4.o)
                                          0x8 (size before relaxing)
                0x0000000000020300                __exidx_end = .

.rel.dyn        0x0000000000020300        0x0
 .rel.iplt      0x0000000000020300        0x0 /home/abarnika/Downloads/SimplicityStudio_v5/developer/toolchains/gnu_arm/12.2.rel1_2023.7/bin/../lib/gcc/arm-none-eabi/12.2.1/thumb/v8-m.main+fp/hard/crtbegin.o

.copy.table     0x0000000000020300        0xc
                0x0000000000020300                . = ALIGN (0x4)
                0x0000000000020300                __copy_table_start__ = .
                0x0000000000020300        0x4 LONG 0x2030c __etext
                0x0000000000020304        0x4 LONG 0x20001000 __data_start__
                0x0000000000020308        0x4 LONG 0x11 ((__data_end__ - __data_start__) / 0x4)
                0x000000000002030c                __copy_table_end__ = .

.zero.table     0x000000000002030c        0x0
                0x000000000002030c                . = ALIGN (0x4)
                0x000000000002030c                __zero_table_start__ = .
                0x000000000002030c                __zero_table_end__ = .
                0x000000000002030c                __etext = .
                0x0000000020000000                . = ORIGIN (RAM)

.stack          0x0000000020000000     0x1000
                0x0000000020000000                __StackLimit = .
 *(.stack*)
 .stack         0x0000000020000000     0x1000 ./gecko_sdk_4.4.6/platform/common/toolchain/src/sl_memory.o
                0x0000000020001000                . = ALIGN (0x4)
                0x0000000020001000                __StackTop = .
                0x0000000020001000                PROVIDE (__stack = __StackTop)

.noinit
 *(.noinit*)

.data           0x0000000020001000       0x44 load address 0x000000000002030c
                0x0000000020001000                . = ALIGN (0x4)
                0x0000000020001000                __data_start__ = .
 *(vtable)
 *(SORT_BY_ALIGNMENT(.data*))
 .data.sl_spidrv_usart_init_mikroe
                0x0000000020001000       0x20 ./autogen/sl_spidrv_init.o
                0x0000000020001000                sl_spidrv_usart_init_mikroe
 .data.sl_spidrv_usart_mikroe_handle
                0x0000000020001020        0x4 ./autogen/sl_spidrv_init.o
                0x0000000020001020                sl_spidrv_usart_mikroe_handle
 .data.SystemCoreClock
                0x0000000020001024        0x4 ./gecko_sdk_4.4.6/platform/Device/SiliconLabs/BGM22/Source/system_bgm22.o
                0x0000000020001024                SystemCoreClock
 .data.SystemHFRCODPLLClock
                0x0000000020001028        0x4 ./gecko_sdk_4.4.6/platform/Device/SiliconLabs/BGM22/Source/system_bgm22.o
 .data.SystemLFXOClock
                0x000000002000102c        0x4 ./gecko_sdk_4.4.6/platform/Device/SiliconLabs/BGM22/Source/system_bgm22.o
 .data.SystemHFXOClock
                0x0000000020001030        0x4 ./gecko_sdk_4.4.6/platform/Device/SiliconLabs/BGM22/Source/system_bgm22.o
 .data.hfxo_precision
                0x0000000020001034        0x2 ./gecko_sdk_4.4.6/platform/emlib/src/em_cmu.o
 .data.lfxo_precision
                0x0000000020001036        0x2 ./gecko_sdk_4.4.6/platform/emlib/src/em_cmu.o
 .data.cc_disabled
                0x0000000020001038        0x1 ./gecko_sdk_4.4.6/platform/service/sleeptimer/src/sl_sleeptimer_hal_rtcc.o
                0x000000002000103c                . = ALIGN (0x4)
 *fill*         0x0000000020001039        0x3 
                [!provide]                        PROVIDE (__ram_func_section_start = .)
 *(.ram)
                [!provide]                        PROVIDE (__ram_func_section_end = .)
                0x000000002000103c                . = ALIGN (0x4)
                0x000000002000103c                PROVIDE (__preinit_array_start = .)
 *(.preinit_array)
                0x000000002000103c                PROVIDE (__preinit_array_end = .)
                0x000000002000103c                . = ALIGN (0x4)
                0x000000002000103c                PROVIDE (__init_array_start = .)
 *(SORT_BY_NAME(.init_array.*))
 *(.init_array)
 .init_array    0x000000002000103c        0x4 /home/abarnika/Downloads/SimplicityStudio_v5/developer/toolchains/gnu_arm/12.2.rel1_2023.7/bin/../lib/gcc/arm-none-eabi/12.2.1/thumb/v8-m.main+fp/hard/crtbegin.o
                0x0000000020001040                PROVIDE (__init_array_end = .)
                0x0000000020001040                . = ALIGN (0x4)
                [!provide]                        PROVIDE (__fini_array_start = .)
 *(SORT_BY_NAME(.fini_array.*))
 *(.fini_array)
 .fini_array    0x0000000020001040        0x4 /home/abarnika/Downloads/SimplicityStudio_v5/developer/toolchains/gnu_arm/12.2.rel1_2023.7/bin/../lib/gcc/arm-none-eabi/12.2.1/thumb/v8-m.main+fp/hard/crtbegin.o
                [!provide]                        PROVIDE (__fini_array_end = .)
                0x0000000020001044                . = ALIGN (0x4)
                0x0000000020001044                __data_end__ = .

.tm_clone_table
                0x0000000020001044        0x0 load address 0x0000000000020350
 .tm_clone_table
                0x0000000020001044        0x0 /home/abarnika/Downloads/SimplicityStudio_v5/developer/toolchains/gnu_arm/12.2.rel1_2023.7/bin/../lib/gcc/arm-none-eabi/12.2.1/thumb/v8-m.main+fp/hard/crtbegin.o
 .tm_clone_table
                0x0000000020001044        0x0 /home/abarnika/Downloads/SimplicityStudio_v5/developer/toolchains/gnu_arm/12.2.rel1_2023.7/bin/../lib/gcc/arm-none-eabi/12.2.1/thumb/v8-m.main+fp/hard/crtend.o

.igot.plt       0x0000000020001044        0x0 load address 0x0000000000020350
 .igot.plt      0x0000000020001044        0x0 /home/abarnika/Downloads/SimplicityStudio_v5/developer/toolchains/gnu_arm/12.2.rel1_2023.7/bin/../lib/gcc/arm-none-eabi/12.2.1/thumb/v8-m.main+fp/hard/crtbegin.o

.bss            0x0000000020001044      0x23c load address 0x0000000000020350
                0x0000000020001044                . = ALIGN (0x4)
                0x0000000020001044                __bss_start__ = .
 *(SORT_BY_ALIGNMENT(.bss*))
 .bss.object.0  0x0000000020001044       0x18 /home/abarnika/Downloads/SimplicityStudio_v5/developer/toolchains/gnu_arm/12.2.rel1_2023.7/bin/../lib/gcc/arm-none-eabi/12.2.1/thumb/v8-m.main+fp/hard/crtbegin.o
 .bss.sl_spidrv_usart_mikroe_handle_data
                0x000000002000105c       0x84 ./autogen/sl_spidrv_init.o
                0x000000002000105c                sl_spidrv_usart_mikroe_handle_data
 .bss.dmaXfer   0x00000000200010e0      0x100 ./gecko_sdk_4.4.6/platform/emdrv/dmadrv/src/dmadrv.o
 .bss.chTable   0x00000000200011e0       0x80 ./gecko_sdk_4.4.6/platform/emdrv/dmadrv/src/dmadrv.o
 .bss.max_millisecond_conversion
                0x0000000020001260        0x4 ./gecko_sdk_4.4.6/platform/service/sleeptimer/src/sl_sleeptimer.o
 .bss.last_delta_update_count
                0x0000000020001264        0x4 ./gecko_sdk_4.4.6/platform/service/sleeptimer/src/sl_sleeptimer.o
 .bss.timer_head
                0x0000000020001268        0x4 ./gecko_sdk_4.4.6/platform/service/sleeptimer/src/sl_sleeptimer.o
 .bss.timer_frequency
                0x000000002000126c        0x4 ./gecko_sdk_4.4.6/platform/service/sleeptimer/src/sl_sleeptimer.o
 .bss.__stdio_exit_handler
                0x0000000020001270        0x4 /home/abarnika/Downloads/SimplicityStudio_v5/developer/toolchains/gnu_arm/12.2.rel1_2023.7/bin/../lib/gcc/arm-none-eabi/12.2.1/../../../../arm-none-eabi/lib/thumb/v8-m.main+fp/hard/libc_nano.a(libc_a-findfp.o)
                0x0000000020001270                __stdio_exit_handler
 .bss.overflow_counter
                0x0000000020001274        0x2 ./gecko_sdk_4.4.6/platform/service/sleeptimer/src/sl_sleeptimer.o
 .bss.completed.1
                0x0000000020001276        0x1 /home/abarnika/Downloads/SimplicityStudio_v5/developer/toolchains/gnu_arm/12.2.rel1_2023.7/bin/../lib/gcc/arm-none-eabi/12.2.1/thumb/v8-m.main+fp/hard/crtbegin.o
 .bss.count.0   0x0000000020001277        0x1 ./app.o
 .bss.initialized
                0x0000000020001278        0x1 ./gecko_sdk_4.4.6/platform/emdrv/dmadrv/src/dmadrv.o
 .bss.spidrvIsInitialized
                0x0000000020001279        0x1 ./gecko_sdk_4.4.6/platform/emdrv/spidrv/src/spidrv.o
 .bss.ctuneDelta
                0x000000002000127a        0x1 ./gecko_sdk_4.4.6/platform/emlib/src/em_cmu.o
 .bss.vScaleEM01Config
                0x000000002000127b        0x1 ./gecko_sdk_4.4.6/platform/emlib/src/em_emu.o
 .bss.sleep_on_isr_exit
                0x000000002000127c        0x1 ./gecko_sdk_4.4.6/platform/service/sleeptimer/src/sl_sleeptimer.o
 .bss.next_timer_to_expire_is_power_manager
                0x000000002000127d        0x1 ./gecko_sdk_4.4.6/platform/service/sleeptimer/src/sl_sleeptimer.o
 .bss.is_sleeptimer_initialized
                0x000000002000127e        0x1 ./gecko_sdk_4.4.6/platform/service/sleeptimer/src/sl_sleeptimer.o
 *(COMMON)
                0x0000000020001280                . = ALIGN (0x4)
 *fill*         0x000000002000127f        0x1 
                0x0000000020001280                __bss_end__ = .
                0x0000000020001280                __ramfuncs_start__ = .
                0x0000000020001280                __vma_ramfuncs_start__ = .
                0x0000000000020350                __lma_ramfuncs_start__ = (__etext + SIZEOF (.data))
                0x0000000000000000                __text_application_ram_offset__ = (. - __vma_ramfuncs_start__)

text_application_ram
                0x0000000020001280        0x0 load address 0x0000000000020350
                0x0000000020001280                . = ALIGN (0x4)
                0x0000000020001280                __text_application_ram_start__ = .
 *(text_application_ram)
                0x0000000020001280                . = ALIGN (0x4)
                0x0000000020001280                __text_application_ram_end__ = .
                0x0000000020001280                . = ALIGN (0x4)
                0x0000000020001280                __vma_ramfuncs_end__ = .
                0x0000000000020350                __lma_ramfuncs_end__ = ((__lma_ramfuncs_start__ + __text_application_ram_offset__) + SIZEOF (text_application_ram))
                0x0000000020001280                __ramfuncs_end__ = .

.heap           0x0000000020001280      0x800
                0x0000000020001280                __HeapBase = .
                0x0000000020001280                __end__ = .
                0x0000000020001280                end = __end__
                0x0000000020001280                _end = __end__
 *(.heap*)
 .heap          0x0000000020001280      0x800 ./gecko_sdk_4.4.6/platform/common/toolchain/src/sl_memory.o
                0x0000000020008000                __HeapLimit = (ORIGIN (RAM) + LENGTH (RAM))
                0x0000000000006d80                __heap_size = (__HeapLimit - __HeapBase)
                0x0000000020008000                __ram_end__ = 0x20008000
                0x000000000007e000                __main_flash_end__ = 0x7e000

.internal_storage
 *(.internal_storage*)

.nvm
 *(.simee*)
                0x000000000007e000                linker_nvm_end = __main_flash_end__
                0x000000000007e000                linker_nvm_begin = (linker_nvm_end - SIZEOF (.nvm))
                0x0000000000000000                linker_nvm_size = SIZEOF (.nvm)
                0x000000000007e000                linker_storage_end = linker_nvm_begin
                0x000000000007e000                __nvm3Base = linker_nvm_begin
                0x000000000007e000                linker_storage_begin = (linker_storage_end - SIZEOF (.internal_storage))
                0x0000000000000000                linker_storage_size = SIZEOF (.internal_storage)
                0x0000000000000001                ASSERT ((linker_storage_begin >= (__etext + SIZEOF (.data))), FLASH memory overflowed !)
OUTPUT(test_lcd.axf elf32-littlearm)
LOAD linker stubs

.ARM.attributes
                0x0000000000000000       0x36
 .ARM.attributes
                0x0000000000000000       0x26 /home/abarnika/Downloads/SimplicityStudio_v5/developer/toolchains/gnu_arm/12.2.rel1_2023.7/bin/../lib/gcc/arm-none-eabi/12.2.1/thumb/v8-m.main+fp/hard/crti.o
 .ARM.attributes
                0x0000000000000026       0x38 /home/abarnika/Downloads/SimplicityStudio_v5/developer/toolchains/gnu_arm/12.2.rel1_2023.7/bin/../lib/gcc/arm-none-eabi/12.2.1/thumb/v8-m.main+fp/hard/crtbegin.o
 .ARM.attributes
                0x000000000000005e       0x24 /home/abarnika/Downloads/SimplicityStudio_v5/developer/toolchains/gnu_arm/12.2.rel1_2023.7/bin/../lib/gcc/arm-none-eabi/12.2.1/../../../../arm-none-eabi/lib/thumb/v8-m.main+fp/hard/crt0.o
 .ARM.attributes
                0x0000000000000082       0x3a ./ABC_lcd_tft/GC9A01.o
 .ARM.attributes
                0x00000000000000bc       0x3a ./app.o
 .ARM.attributes
                0x00000000000000f6       0x3a ./main.o
 .ARM.attributes
                0x0000000000000130       0x3a ./autogen/sl_board_default_init.o
 .ARM.attributes
                0x000000000000016a       0x3a ./autogen/sl_device_init_clocks.o
 .ARM.attributes
                0x00000000000001a4       0x3a ./autogen/sl_event_handler.o
 .ARM.attributes
                0x00000000000001de       0x3a ./autogen/sl_spidrv_init.o
 .ARM.attributes
                0x0000000000000218       0x3a ./gecko_sdk_4.4.6/hardware/board/src/sl_board_control_gpio.o
 .ARM.attributes
                0x0000000000000252       0x3a ./gecko_sdk_4.4.6/hardware/board/src/sl_board_init.o
 .ARM.attributes
                0x000000000000028c       0x3a ./gecko_sdk_4.4.6/platform/Device/SiliconLabs/BGM22/Source/startup_bgm22.o
 .ARM.attributes
                0x00000000000002c6       0x3a ./gecko_sdk_4.4.6/platform/Device/SiliconLabs/BGM22/Source/system_bgm22.o
 .ARM.attributes
                0x0000000000000300       0x3a ./gecko_sdk_4.4.6/platform/common/src/sl_assert.o
 .ARM.attributes
                0x000000000000033a       0x3a ./gecko_sdk_4.4.6/platform/common/src/sl_syscalls.o
 .ARM.attributes
                0x0000000000000374       0x3a ./gecko_sdk_4.4.6/platform/common/toolchain/src/sl_memory.o
 .ARM.attributes
                0x00000000000003ae       0x3a ./gecko_sdk_4.4.6/platform/emdrv/dmadrv/src/dmadrv.o
 .ARM.attributes
                0x00000000000003e8       0x3a ./gecko_sdk_4.4.6/platform/emdrv/spidrv/src/spidrv.o
 .ARM.attributes
                0x0000000000000422       0x3a ./gecko_sdk_4.4.6/platform/emlib/src/em_cmu.o
 .ARM.attributes
                0x000000000000045c       0x3a ./gecko_sdk_4.4.6/platform/emlib/src/em_core.o
 .ARM.attributes
                0x0000000000000496       0x3a ./gecko_sdk_4.4.6/platform/emlib/src/em_emu.o
 .ARM.attributes
                0x00000000000004d0       0x3a ./gecko_sdk_4.4.6/platform/emlib/src/em_gpio.o
 .ARM.attributes
                0x000000000000050a       0x3a ./gecko_sdk_4.4.6/platform/emlib/src/em_ldma.o
 .ARM.attributes
                0x0000000000000544       0x3a ./gecko_sdk_4.4.6/platform/emlib/src/em_rtcc.o
 .ARM.attributes
                0x000000000000057e       0x3a ./gecko_sdk_4.4.6/platform/emlib/src/em_system.o
 .ARM.attributes
                0x00000000000005b8       0x3a ./gecko_sdk_4.4.6/platform/emlib/src/em_usart.o
 .ARM.attributes
                0x00000000000005f2       0x3a ./gecko_sdk_4.4.6/platform/service/device_init/src/sl_device_init_dcdc_s2.o
 .ARM.attributes
                0x000000000000062c       0x3a ./gecko_sdk_4.4.6/platform/service/device_init/src/sl_device_init_emu_s2.o
 .ARM.attributes
                0x0000000000000666       0x3a ./gecko_sdk_4.4.6/platform/service/device_init/src/sl_device_init_hfxo_s2.o
 .ARM.attributes
                0x00000000000006a0       0x3a ./gecko_sdk_4.4.6/platform/service/device_init/src/sl_device_init_lfxo_s2.o
 .ARM.attributes
                0x00000000000006da       0x3a ./gecko_sdk_4.4.6/platform/service/device_init/src/sl_device_init_nvic.o
 .ARM.attributes
                0x0000000000000714       0x3a ./gecko_sdk_4.4.6/platform/service/sleeptimer/src/sl_sleeptimer.o
 .ARM.attributes
                0x000000000000074e       0x3a ./gecko_sdk_4.4.6/platform/service/sleeptimer/src/sl_sleeptimer_hal_rtcc.o
 .ARM.attributes
                0x0000000000000788       0x3a ./gecko_sdk_4.4.6/platform/service/system/src/sl_system_init.o
 .ARM.attributes
                0x00000000000007c2       0x3a ./gecko_sdk_4.4.6/platform/service/system/src/sl_system_process_action.o
 .ARM.attributes
                0x00000000000007fc       0x26 /home/abarnika/Downloads/SimplicityStudio_v5/developer/toolchains/gnu_arm/12.2.rel1_2023.7/bin/../lib/gcc/arm-none-eabi/12.2.1/thumb/v8-m.main+fp/hard/libgcc.a(_aeabi_uldivmod.o)
 .ARM.attributes
                0x0000000000000822       0x38 /home/abarnika/Downloads/SimplicityStudio_v5/developer/toolchains/gnu_arm/12.2.rel1_2023.7/bin/../lib/gcc/arm-none-eabi/12.2.1/thumb/v8-m.main+fp/hard/libgcc.a(_udivmoddi4.o)
 .ARM.attributes
                0x000000000000085a       0x26 /home/abarnika/Downloads/SimplicityStudio_v5/developer/toolchains/gnu_arm/12.2.rel1_2023.7/bin/../lib/gcc/arm-none-eabi/12.2.1/thumb/v8-m.main+fp/hard/libgcc.a(_dvmd_tls.o)
 .ARM.attributes
                0x0000000000000880       0x38 /home/abarnika/Downloads/SimplicityStudio_v5/developer/toolchains/gnu_arm/12.2.rel1_2023.7/bin/../lib/gcc/arm-none-eabi/12.2.1/../../../../arm-none-eabi/lib/thumb/v8-m.main+fp/hard/libc_nano.a(libc_a-exit.o)
 .ARM.attributes
                0x00000000000008b8       0x38 /home/abarnika/Downloads/SimplicityStudio_v5/developer/toolchains/gnu_arm/12.2.rel1_2023.7/bin/../lib/gcc/arm-none-eabi/12.2.1/../../../../arm-none-eabi/lib/thumb/v8-m.main+fp/hard/libc_nano.a(libc_a-init.o)
 .ARM.attributes
                0x00000000000008f0       0x38 /home/abarnika/Downloads/SimplicityStudio_v5/developer/toolchains/gnu_arm/12.2.rel1_2023.7/bin/../lib/gcc/arm-none-eabi/12.2.1/../../../../arm-none-eabi/lib/thumb/v8-m.main+fp/hard/libc_nano.a(libc_a-findfp.o)
 .ARM.attributes
                0x0000000000000928       0x38 /home/abarnika/Downloads/SimplicityStudio_v5/developer/toolchains/gnu_arm/12.2.rel1_2023.7/bin/../lib/gcc/arm-none-eabi/12.2.1/../../../../arm-none-eabi/lib/thumb/v8-m.main+fp/hard/libc_nano.a(libc_a-memset.o)
 .ARM.attributes
                0x0000000000000960       0x38 /home/abarnika/Downloads/SimplicityStudio_v5/developer/toolchains/gnu_arm/12.2.rel1_2023.7/bin/../lib/gcc/arm-none-eabi/12.2.1/thumb/v8-m.main+fp/hard/crtend.o
 .ARM.attributes
                0x0000000000000998       0x26 /home/abarnika/Downloads/SimplicityStudio_v5/developer/toolchains/gnu_arm/12.2.rel1_2023.7/bin/../lib/gcc/arm-none-eabi/12.2.1/thumb/v8-m.main+fp/hard/crtn.o

.comment        0x0000000000000000       0x45
 .comment       0x0000000000000000       0x45 ./ABC_lcd_tft/GC9A01.o
                                         0x46 (size before relaxing)
 .comment       0x0000000000000045       0x46 ./app.o
 .comment       0x0000000000000045       0x46 ./main.o
 .comment       0x0000000000000045       0x46 ./autogen/sl_board_default_init.o
 .comment       0x0000000000000045       0x46 ./autogen/sl_device_init_clocks.o
 .comment       0x0000000000000045       0x46 ./autogen/sl_event_handler.o
 .comment       0x0000000000000045       0x46 ./autogen/sl_spidrv_init.o
 .comment       0x0000000000000045       0x46 ./gecko_sdk_4.4.6/hardware/board/src/sl_board_control_gpio.o
 .comment       0x0000000000000045       0x46 ./gecko_sdk_4.4.6/hardware/board/src/sl_board_init.o
 .comment       0x0000000000000045       0x46 ./gecko_sdk_4.4.6/platform/Device/SiliconLabs/BGM22/Source/startup_bgm22.o
 .comment       0x0000000000000045       0x46 ./gecko_sdk_4.4.6/platform/Device/SiliconLabs/BGM22/Source/system_bgm22.o
 .comment       0x0000000000000045       0x46 ./gecko_sdk_4.4.6/platform/common/src/sl_assert.o
 .comment       0x0000000000000045       0x46 ./gecko_sdk_4.4.6/platform/common/src/sl_syscalls.o
 .comment       0x0000000000000045       0x46 ./gecko_sdk_4.4.6/platform/common/toolchain/src/sl_memory.o
 .comment       0x0000000000000045       0x46 ./gecko_sdk_4.4.6/platform/emdrv/dmadrv/src/dmadrv.o
 .comment       0x0000000000000045       0x46 ./gecko_sdk_4.4.6/platform/emdrv/spidrv/src/spidrv.o
 .comment       0x0000000000000045       0x46 ./gecko_sdk_4.4.6/platform/emlib/src/em_cmu.o
 .comment       0x0000000000000045       0x46 ./gecko_sdk_4.4.6/platform/emlib/src/em_core.o
 .comment       0x0000000000000045       0x46 ./gecko_sdk_4.4.6/platform/emlib/src/em_emu.o
 .comment       0x0000000000000045       0x46 ./gecko_sdk_4.4.6/platform/emlib/src/em_gpio.o
 .comment       0x0000000000000045       0x46 ./gecko_sdk_4.4.6/platform/emlib/src/em_ldma.o
 .comment       0x0000000000000045       0x46 ./gecko_sdk_4.4.6/platform/emlib/src/em_rtcc.o
 .comment       0x0000000000000045       0x46 ./gecko_sdk_4.4.6/platform/emlib/src/em_system.o
 .comment       0x0000000000000045       0x46 ./gecko_sdk_4.4.6/platform/emlib/src/em_usart.o
 .comment       0x0000000000000045       0x46 ./gecko_sdk_4.4.6/platform/service/device_init/src/sl_device_init_dcdc_s2.o
 .comment       0x0000000000000045       0x46 ./gecko_sdk_4.4.6/platform/service/device_init/src/sl_device_init_emu_s2.o
 .comment       0x0000000000000045       0x46 ./gecko_sdk_4.4.6/platform/service/device_init/src/sl_device_init_hfxo_s2.o
 .comment       0x0000000000000045       0x46 ./gecko_sdk_4.4.6/platform/service/device_init/src/sl_device_init_lfxo_s2.o
 .comment       0x0000000000000045       0x46 ./gecko_sdk_4.4.6/platform/service/device_init/src/sl_device_init_nvic.o
 .comment       0x0000000000000045       0x46 ./gecko_sdk_4.4.6/platform/service/sleeptimer/src/sl_sleeptimer.o
 .comment       0x0000000000000045       0x46 ./gecko_sdk_4.4.6/platform/service/sleeptimer/src/sl_sleeptimer_hal_rtcc.o
 .comment       0x0000000000000045       0x46 ./gecko_sdk_4.4.6/platform/service/system/src/sl_system_init.o
 .comment       0x0000000000000045       0x46 ./gecko_sdk_4.4.6/platform/service/system/src/sl_system_process_action.o

.debug_line_str
                0x0000000000000000      0x1b2
 .debug_line_str
                0x0000000000000000       0xe0 /home/abarnika/Downloads/SimplicityStudio_v5/developer/toolchains/gnu_arm/12.2.rel1_2023.7/bin/../lib/gcc/arm-none-eabi/12.2.1/../../../../arm-none-eabi/lib/thumb/v8-m.main+fp/hard/crt0.o
 .debug_line_str
                0x00000000000000e0       0xc6 /home/abarnika/Downloads/SimplicityStudio_v5/developer/toolchains/gnu_arm/12.2.rel1_2023.7/bin/../lib/gcc/arm-none-eabi/12.2.1/thumb/v8-m.main+fp/hard/libgcc.a(_aeabi_uldivmod.o)
 .debug_line_str
                0x00000000000001a6        0xc /home/abarnika/Downloads/SimplicityStudio_v5/developer/toolchains/gnu_arm/12.2.rel1_2023.7/bin/../lib/gcc/arm-none-eabi/12.2.1/thumb/v8-m.main+fp/hard/libgcc.a(_dvmd_tls.o)
                                         0xca (size before relaxing)

.debug_info     0x0000000000000000    0x31716
 .debug_info    0x0000000000000000     0x3189 ./ABC_lcd_tft/GC9A01.o
 .debug_info    0x0000000000003189     0x3508 ./app.o
 .debug_info    0x0000000000006691       0xa1 ./main.o
 .debug_info    0x0000000000006732       0x86 ./autogen/sl_board_default_init.o
 .debug_info    0x00000000000067b8     0x11e8 ./autogen/sl_device_init_clocks.o
 .debug_info    0x00000000000079a0      0xee8 ./autogen/sl_event_handler.o
 .debug_info    0x0000000000008888      0xdb2 ./autogen/sl_spidrv_init.o
 .debug_info    0x000000000000963a      0x3c2 ./gecko_sdk_4.4.6/hardware/board/src/sl_board_control_gpio.o
 .debug_info    0x00000000000099fc      0x2ae ./gecko_sdk_4.4.6/hardware/board/src/sl_board_init.o
 .debug_info    0x0000000000009caa      0x3a9 ./gecko_sdk_4.4.6/platform/Device/SiliconLabs/BGM22/Source/startup_bgm22.o
 .debug_info    0x000000000000a053     0x201d ./gecko_sdk_4.4.6/platform/Device/SiliconLabs/BGM22/Source/system_bgm22.o
 .debug_info    0x000000000000c070       0x86 ./gecko_sdk_4.4.6/platform/common/src/sl_assert.o
 .debug_info    0x000000000000c0f6      0x306 ./gecko_sdk_4.4.6/platform/common/src/sl_syscalls.o
 .debug_info    0x000000000000c3fc      0x205 ./gecko_sdk_4.4.6/platform/common/toolchain/src/sl_memory.o
 .debug_info    0x000000000000c601     0x1eb9 ./gecko_sdk_4.4.6/platform/emdrv/dmadrv/src/dmadrv.o
 .debug_info    0x000000000000e4ba     0x4b9c ./gecko_sdk_4.4.6/platform/emdrv/spidrv/src/spidrv.o
 .debug_info    0x0000000000013056     0x78d0 ./gecko_sdk_4.4.6/platform/emlib/src/em_cmu.o
 .debug_info    0x000000000001a926     0x13b2 ./gecko_sdk_4.4.6/platform/emlib/src/em_core.o
 .debug_info    0x000000000001bcd8     0x4c58 ./gecko_sdk_4.4.6/platform/emlib/src/em_emu.o
 .debug_info    0x0000000000020930     0x21a4 ./gecko_sdk_4.4.6/platform/emlib/src/em_gpio.o
 .debug_info    0x0000000000022ad4     0x1f1f ./gecko_sdk_4.4.6/platform/emlib/src/em_ldma.o
 .debug_info    0x00000000000249f3     0x1f35 ./gecko_sdk_4.4.6/platform/emlib/src/em_rtcc.o
 .debug_info    0x0000000000026928     0x1b6a ./gecko_sdk_4.4.6/platform/emlib/src/em_system.o
 .debug_info    0x0000000000028492     0x4071 ./gecko_sdk_4.4.6/platform/emlib/src/em_usart.o
 .debug_info    0x000000000002c503      0x2c7 ./gecko_sdk_4.4.6/platform/service/device_init/src/sl_device_init_dcdc_s2.o
 .debug_info    0x000000000002c7ca      0x9b5 ./gecko_sdk_4.4.6/platform/service/device_init/src/sl_device_init_emu_s2.o
 .debug_info    0x000000000002d17f      0x898 ./gecko_sdk_4.4.6/platform/service/device_init/src/sl_device_init_hfxo_s2.o
 .debug_info    0x000000000002da17      0x29e ./gecko_sdk_4.4.6/platform/service/device_init/src/sl_device_init_lfxo_s2.o
 .debug_info    0x000000000002dcb5      0x7ff ./gecko_sdk_4.4.6/platform/service/device_init/src/sl_device_init_nvic.o
 .debug_info    0x000000000002e4b4     0x1a68 ./gecko_sdk_4.4.6/platform/service/sleeptimer/src/sl_sleeptimer.o
 .debug_info    0x000000000002ff1c     0x16c0 ./gecko_sdk_4.4.6/platform/service/sleeptimer/src/sl_sleeptimer_hal_rtcc.o
 .debug_info    0x00000000000315dc       0xa7 ./gecko_sdk_4.4.6/platform/service/system/src/sl_system_init.o
 .debug_info    0x0000000000031683       0x93 ./gecko_sdk_4.4.6/platform/service/system/src/sl_system_process_action.o

.debug_abbrev   0x0000000000000000     0x4e85
 .debug_abbrev  0x0000000000000000      0x3a9 ./ABC_lcd_tft/GC9A01.o
 .debug_abbrev  0x00000000000003a9      0x439 ./app.o
 .debug_abbrev  0x00000000000007e2       0x5d ./main.o
 .debug_abbrev  0x000000000000083f       0x46 ./autogen/sl_board_default_init.o
 .debug_abbrev  0x0000000000000885       0xde ./autogen/sl_device_init_clocks.o
 .debug_abbrev  0x0000000000000963      0x1a9 ./autogen/sl_event_handler.o
 .debug_abbrev  0x0000000000000b0c      0x1ae ./autogen/sl_spidrv_init.o
 .debug_abbrev  0x0000000000000cba      0x185 ./gecko_sdk_4.4.6/hardware/board/src/sl_board_control_gpio.o
 .debug_abbrev  0x0000000000000e3f      0x10b ./gecko_sdk_4.4.6/hardware/board/src/sl_board_init.o
 .debug_abbrev  0x0000000000000f4a      0x22e ./gecko_sdk_4.4.6/platform/Device/SiliconLabs/BGM22/Source/startup_bgm22.o
 .debug_abbrev  0x0000000000001178      0x34d ./gecko_sdk_4.4.6/platform/Device/SiliconLabs/BGM22/Source/system_bgm22.o
 .debug_abbrev  0x00000000000014c5       0x6c ./gecko_sdk_4.4.6/platform/common/src/sl_assert.o
 .debug_abbrev  0x0000000000001531      0x143 ./gecko_sdk_4.4.6/platform/common/src/sl_syscalls.o
 .debug_abbrev  0x0000000000001674      0x11e ./gecko_sdk_4.4.6/platform/common/toolchain/src/sl_memory.o
 .debug_abbrev  0x0000000000001792      0x3d4 ./gecko_sdk_4.4.6/platform/emdrv/dmadrv/src/dmadrv.o
 .debug_abbrev  0x0000000000001b66      0x525 ./gecko_sdk_4.4.6/platform/emdrv/spidrv/src/spidrv.o
 .debug_abbrev  0x000000000000208b      0x5cf ./gecko_sdk_4.4.6/platform/emlib/src/em_cmu.o
 .debug_abbrev  0x000000000000265a      0x32f ./gecko_sdk_4.4.6/platform/emlib/src/em_core.o
 .debug_abbrev  0x0000000000002989      0x54a ./gecko_sdk_4.4.6/platform/emlib/src/em_emu.o
 .debug_abbrev  0x0000000000002ed3      0x336 ./gecko_sdk_4.4.6/platform/emlib/src/em_gpio.o
 .debug_abbrev  0x0000000000003209      0x3f2 ./gecko_sdk_4.4.6/platform/emlib/src/em_ldma.o
 .debug_abbrev  0x00000000000035fb      0x268 ./gecko_sdk_4.4.6/platform/emlib/src/em_rtcc.o
 .debug_abbrev  0x0000000000003863      0x2a6 ./gecko_sdk_4.4.6/platform/emlib/src/em_system.o
 .debug_abbrev  0x0000000000003b09      0x341 ./gecko_sdk_4.4.6/platform/emlib/src/em_usart.o
 .debug_abbrev  0x0000000000003e4a       0xf8 ./gecko_sdk_4.4.6/platform/service/device_init/src/sl_device_init_dcdc_s2.o
 .debug_abbrev  0x0000000000003f42      0x149 ./gecko_sdk_4.4.6/platform/service/device_init/src/sl_device_init_emu_s2.o
 .debug_abbrev  0x000000000000408b      0x196 ./gecko_sdk_4.4.6/platform/service/device_init/src/sl_device_init_hfxo_s2.o
 .debug_abbrev  0x0000000000004221      0x105 ./gecko_sdk_4.4.6/platform/service/device_init/src/sl_device_init_lfxo_s2.o
 .debug_abbrev  0x0000000000004326      0x14b ./gecko_sdk_4.4.6/platform/service/device_init/src/sl_device_init_nvic.o
 .debug_abbrev  0x0000000000004471      0x495 ./gecko_sdk_4.4.6/platform/service/sleeptimer/src/sl_sleeptimer.o
 .debug_abbrev  0x0000000000004906      0x4c7 ./gecko_sdk_4.4.6/platform/service/sleeptimer/src/sl_sleeptimer_hal_rtcc.o
 .debug_abbrev  0x0000000000004dcd       0x5c ./gecko_sdk_4.4.6/platform/service/system/src/sl_system_init.o
 .debug_abbrev  0x0000000000004e29       0x5c ./gecko_sdk_4.4.6/platform/service/system/src/sl_system_process_action.o

.debug_loc      0x0000000000000000     0xd5f7
 .debug_loc     0x0000000000000000      0xa4f ./ABC_lcd_tft/GC9A01.o
 .debug_loc     0x0000000000000a4f      0x6fd ./app.o
 .debug_loc     0x000000000000114c       0x20 ./main.o
 .debug_loc     0x000000000000116c       0x20 ./autogen/sl_device_init_clocks.o
 .debug_loc     0x000000000000118c       0x75 ./autogen/sl_event_handler.o
 .debug_loc     0x0000000000001201      0x20a ./gecko_sdk_4.4.6/hardware/board/src/sl_board_control_gpio.o
 .debug_loc     0x000000000000140b       0x2c ./gecko_sdk_4.4.6/hardware/board/src/sl_board_init.o
 .debug_loc     0x0000000000001437       0x8e ./gecko_sdk_4.4.6/platform/Device/SiliconLabs/BGM22/Source/startup_bgm22.o
 .debug_loc     0x00000000000014c5      0x22a ./gecko_sdk_4.4.6/platform/Device/SiliconLabs/BGM22/Source/system_bgm22.o
 .debug_loc     0x00000000000016ef       0x2a ./gecko_sdk_4.4.6/platform/common/src/sl_assert.o
 .debug_loc     0x0000000000001719      0x118 ./gecko_sdk_4.4.6/platform/common/src/sl_syscalls.o
 .debug_loc     0x0000000000001831       0xa9 ./gecko_sdk_4.4.6/platform/common/toolchain/src/sl_memory.o
 .debug_loc     0x00000000000018da     0x1105 ./gecko_sdk_4.4.6/platform/emdrv/dmadrv/src/dmadrv.o
 .debug_loc     0x00000000000029df     0x2408 ./gecko_sdk_4.4.6/platform/emdrv/spidrv/src/spidrv.o
 .debug_loc     0x0000000000004de7     0x382a ./gecko_sdk_4.4.6/platform/emlib/src/em_cmu.o
 .debug_loc     0x0000000000008611      0x926 ./gecko_sdk_4.4.6/platform/emlib/src/em_core.o
 .debug_loc     0x0000000000008f37      0x99e ./gecko_sdk_4.4.6/platform/emlib/src/em_emu.o
 .debug_loc     0x00000000000098d5      0x941 ./gecko_sdk_4.4.6/platform/emlib/src/em_gpio.o
 .debug_loc     0x000000000000a216      0x5db ./gecko_sdk_4.4.6/platform/emlib/src/em_ldma.o
 .debug_loc     0x000000000000a7f1      0x13c ./gecko_sdk_4.4.6/platform/emlib/src/em_rtcc.o
 .debug_loc     0x000000000000a92d      0x146 ./gecko_sdk_4.4.6/platform/emlib/src/em_system.o
 .debug_loc     0x000000000000aa73      0xaaa ./gecko_sdk_4.4.6/platform/emlib/src/em_usart.o
 .debug_loc     0x000000000000b51d       0x2c ./gecko_sdk_4.4.6/platform/service/device_init/src/sl_device_init_dcdc_s2.o
 .debug_loc     0x000000000000b549       0x2c ./gecko_sdk_4.4.6/platform/service/device_init/src/sl_device_init_emu_s2.o
 .debug_loc     0x000000000000b575       0xbd ./gecko_sdk_4.4.6/platform/service/device_init/src/sl_device_init_hfxo_s2.o
 .debug_loc     0x000000000000b632       0x38 ./gecko_sdk_4.4.6/platform/service/device_init/src/sl_device_init_lfxo_s2.o
 .debug_loc     0x000000000000b66a       0x79 ./gecko_sdk_4.4.6/platform/service/device_init/src/sl_device_init_nvic.o
 .debug_loc     0x000000000000b6e3     0x197f ./gecko_sdk_4.4.6/platform/service/sleeptimer/src/sl_sleeptimer.o
 .debug_loc     0x000000000000d062      0x53d ./gecko_sdk_4.4.6/platform/service/sleeptimer/src/sl_sleeptimer_hal_rtcc.o
 .debug_loc     0x000000000000d59f       0x2c ./gecko_sdk_4.4.6/platform/service/system/src/sl_system_init.o
 .debug_loc     0x000000000000d5cb       0x2c ./gecko_sdk_4.4.6/platform/service/system/src/sl_system_process_action.o

.debug_aranges  0x0000000000000000      0xe08
 .debug_aranges
                0x0000000000000000       0x80 ./ABC_lcd_tft/GC9A01.o
 .debug_aranges
                0x0000000000000080       0x58 ./app.o
 .debug_aranges
                0x00000000000000d8       0x20 ./main.o
 .debug_aranges
                0x00000000000000f8       0x20 ./autogen/sl_board_default_init.o
 .debug_aranges
                0x0000000000000118       0x20 ./autogen/sl_device_init_clocks.o
 .debug_aranges
                0x0000000000000138       0x60 ./autogen/sl_event_handler.o
 .debug_aranges
                0x0000000000000198       0x20 ./autogen/sl_spidrv_init.o
 .debug_aranges
                0x00000000000001b8       0x70 ./gecko_sdk_4.4.6/hardware/board/src/sl_board_control_gpio.o
 .debug_aranges
                0x0000000000000228       0x28 ./gecko_sdk_4.4.6/hardware/board/src/sl_board_init.o
 .debug_aranges
                0x0000000000000250       0x30 ./gecko_sdk_4.4.6/platform/Device/SiliconLabs/BGM22/Source/startup_bgm22.o
 .debug_aranges
                0x0000000000000280       0x90 ./gecko_sdk_4.4.6/platform/Device/SiliconLabs/BGM22/Source/system_bgm22.o
 .debug_aranges
                0x0000000000000310       0x20 ./gecko_sdk_4.4.6/platform/common/src/sl_assert.o
 .debug_aranges
                0x0000000000000330       0x68 ./gecko_sdk_4.4.6/platform/common/src/sl_syscalls.o
 .debug_aranges
                0x0000000000000398       0x30 ./gecko_sdk_4.4.6/platform/common/toolchain/src/sl_memory.o
 .debug_aranges
                0x00000000000003c8       0xa8 ./gecko_sdk_4.4.6/platform/emdrv/dmadrv/src/dmadrv.o
 .debug_aranges
                0x0000000000000470      0x110 ./gecko_sdk_4.4.6/platform/emdrv/spidrv/src/spidrv.o
 .debug_aranges
                0x0000000000000580      0x1b8 ./gecko_sdk_4.4.6/platform/emlib/src/em_cmu.o
 .debug_aranges
                0x0000000000000738       0xe8 ./gecko_sdk_4.4.6/platform/emlib/src/em_core.o
 .debug_aranges
                0x0000000000000820      0x130 ./gecko_sdk_4.4.6/platform/emlib/src/em_emu.o
 .debug_aranges
                0x0000000000000950       0x68 ./gecko_sdk_4.4.6/platform/emlib/src/em_gpio.o
 .debug_aranges
                0x00000000000009b8       0x50 ./gecko_sdk_4.4.6/platform/emlib/src/em_ldma.o
 .debug_aranges
                0x0000000000000a08       0x48 ./gecko_sdk_4.4.6/platform/emlib/src/em_rtcc.o
 .debug_aranges
                0x0000000000000a50       0x78 ./gecko_sdk_4.4.6/platform/emlib/src/em_system.o
 .debug_aranges
                0x0000000000000ac8       0xb8 ./gecko_sdk_4.4.6/platform/emlib/src/em_usart.o
 .debug_aranges
                0x0000000000000b80       0x20 ./gecko_sdk_4.4.6/platform/service/device_init/src/sl_device_init_dcdc_s2.o
 .debug_aranges
                0x0000000000000ba0       0x20 ./gecko_sdk_4.4.6/platform/service/device_init/src/sl_device_init_emu_s2.o
 .debug_aranges
                0x0000000000000bc0       0x20 ./gecko_sdk_4.4.6/platform/service/device_init/src/sl_device_init_hfxo_s2.o
 .debug_aranges
                0x0000000000000be0       0x20 ./gecko_sdk_4.4.6/platform/service/device_init/src/sl_device_init_lfxo_s2.o
 .debug_aranges
                0x0000000000000c00       0x20 ./gecko_sdk_4.4.6/platform/service/device_init/src/sl_device_init_nvic.o
 .debug_aranges
                0x0000000000000c20      0x120 ./gecko_sdk_4.4.6/platform/service/sleeptimer/src/sl_sleeptimer.o
 .debug_aranges
                0x0000000000000d40       0x88 ./gecko_sdk_4.4.6/platform/service/sleeptimer/src/sl_sleeptimer_hal_rtcc.o
 .debug_aranges
                0x0000000000000dc8       0x20 ./gecko_sdk_4.4.6/platform/service/system/src/sl_system_init.o
 .debug_aranges
                0x0000000000000de8       0x20 ./gecko_sdk_4.4.6/platform/service/system/src/sl_system_process_action.o

.debug_ranges   0x0000000000000000     0x1660
 .debug_ranges  0x0000000000000000      0x128 ./ABC_lcd_tft/GC9A01.o
 .debug_ranges  0x0000000000000128      0x138 ./app.o
 .debug_ranges  0x0000000000000260       0x10 ./main.o
 .debug_ranges  0x0000000000000270       0x10 ./autogen/sl_board_default_init.o
 .debug_ranges  0x0000000000000280       0x10 ./autogen/sl_device_init_clocks.o
 .debug_ranges  0x0000000000000290       0x50 ./autogen/sl_event_handler.o
 .debug_ranges  0x00000000000002e0       0x10 ./autogen/sl_spidrv_init.o
 .debug_ranges  0x00000000000002f0       0x60 ./gecko_sdk_4.4.6/hardware/board/src/sl_board_control_gpio.o
 .debug_ranges  0x0000000000000350       0x18 ./gecko_sdk_4.4.6/hardware/board/src/sl_board_init.o
 .debug_ranges  0x0000000000000368       0x88 ./gecko_sdk_4.4.6/platform/Device/SiliconLabs/BGM22/Source/startup_bgm22.o
 .debug_ranges  0x00000000000003f0       0x98 ./gecko_sdk_4.4.6/platform/Device/SiliconLabs/BGM22/Source/system_bgm22.o
 .debug_ranges  0x0000000000000488       0x10 ./gecko_sdk_4.4.6/platform/common/src/sl_assert.o
 .debug_ranges  0x0000000000000498       0x58 ./gecko_sdk_4.4.6/platform/common/src/sl_syscalls.o
 .debug_ranges  0x00000000000004f0       0x20 ./gecko_sdk_4.4.6/platform/common/toolchain/src/sl_memory.o
 .debug_ranges  0x0000000000000510       0xb0 ./gecko_sdk_4.4.6/platform/emdrv/dmadrv/src/dmadrv.o
 .debug_ranges  0x00000000000005c0      0x298 ./gecko_sdk_4.4.6/platform/emdrv/spidrv/src/spidrv.o
 .debug_ranges  0x0000000000000858      0x338 ./gecko_sdk_4.4.6/platform/emlib/src/em_cmu.o
 .debug_ranges  0x0000000000000b90      0x1a0 ./gecko_sdk_4.4.6/platform/emlib/src/em_core.o
 .debug_ranges  0x0000000000000d30      0x2d0 ./gecko_sdk_4.4.6/platform/emlib/src/em_emu.o
 .debug_ranges  0x0000000000001000       0x88 ./gecko_sdk_4.4.6/platform/emlib/src/em_gpio.o
 .debug_ranges  0x0000000000001088       0x88 ./gecko_sdk_4.4.6/platform/emlib/src/em_ldma.o
 .debug_ranges  0x0000000000001110       0x68 ./gecko_sdk_4.4.6/platform/emlib/src/em_rtcc.o
 .debug_ranges  0x0000000000001178       0x80 ./gecko_sdk_4.4.6/platform/emlib/src/em_system.o
 .debug_ranges  0x00000000000011f8      0x108 ./gecko_sdk_4.4.6/platform/emlib/src/em_usart.o
 .debug_ranges  0x0000000000001300       0x10 ./gecko_sdk_4.4.6/platform/service/device_init/src/sl_device_init_dcdc_s2.o
 .debug_ranges  0x0000000000001310       0x10 ./gecko_sdk_4.4.6/platform/service/device_init/src/sl_device_init_emu_s2.o
 .debug_ranges  0x0000000000001320       0x10 ./gecko_sdk_4.4.6/platform/service/device_init/src/sl_device_init_hfxo_s2.o
 .debug_ranges  0x0000000000001330       0x10 ./gecko_sdk_4.4.6/platform/service/device_init/src/sl_device_init_lfxo_s2.o
 .debug_ranges  0x0000000000001340       0x58 ./gecko_sdk_4.4.6/platform/service/device_init/src/sl_device_init_nvic.o
 .debug_ranges  0x0000000000001398      0x1a0 ./gecko_sdk_4.4.6/platform/service/sleeptimer/src/sl_sleeptimer.o
 .debug_ranges  0x0000000000001538      0x108 ./gecko_sdk_4.4.6/platform/service/sleeptimer/src/sl_sleeptimer_hal_rtcc.o
 .debug_ranges  0x0000000000001640       0x10 ./gecko_sdk_4.4.6/platform/service/system/src/sl_system_init.o
 .debug_ranges  0x0000000000001650       0x10 ./gecko_sdk_4.4.6/platform/service/system/src/sl_system_process_action.o

.debug_line     0x0000000000000000     0xe984
 .debug_line    0x0000000000000000      0xc83 ./ABC_lcd_tft/GC9A01.o
 .debug_line    0x0000000000000c83      0x8f6 ./app.o
 .debug_line    0x0000000000001579       0xe0 ./main.o
 .debug_line    0x0000000000001659       0x55 ./autogen/sl_board_default_init.o
 .debug_line    0x00000000000016ae      0x2af ./autogen/sl_device_init_clocks.o
 .debug_line    0x000000000000195d      0x549 ./autogen/sl_event_handler.o
 .debug_line    0x0000000000001ea6      0x402 ./autogen/sl_spidrv_init.o
 .debug_line    0x00000000000022a8      0x3ff ./gecko_sdk_4.4.6/hardware/board/src/sl_board_control_gpio.o
 .debug_line    0x00000000000026a7      0x205 ./gecko_sdk_4.4.6/hardware/board/src/sl_board_init.o
 .debug_line    0x00000000000028ac      0x322 ./gecko_sdk_4.4.6/platform/Device/SiliconLabs/BGM22/Source/startup_bgm22.o
 .debug_line    0x0000000000002bce      0x580 ./gecko_sdk_4.4.6/platform/Device/SiliconLabs/BGM22/Source/system_bgm22.o
 .debug_line    0x000000000000314e       0xa1 ./gecko_sdk_4.4.6/platform/common/src/sl_assert.o
 .debug_line    0x00000000000031ef      0x1a1 ./gecko_sdk_4.4.6/platform/common/src/sl_syscalls.o
 .debug_line    0x0000000000003390      0x309 ./gecko_sdk_4.4.6/platform/common/toolchain/src/sl_memory.o
 .debug_line    0x0000000000003699      0xab8 ./gecko_sdk_4.4.6/platform/emdrv/dmadrv/src/dmadrv.o
 .debug_line    0x0000000000004151     0x1703 ./gecko_sdk_4.4.6/platform/emdrv/spidrv/src/spidrv.o
 .debug_line    0x0000000000005854     0x295c ./gecko_sdk_4.4.6/platform/emlib/src/em_cmu.o
 .debug_line    0x00000000000081b0      0xa6e ./gecko_sdk_4.4.6/platform/emlib/src/em_core.o
 .debug_line    0x0000000000008c1e      0xf11 ./gecko_sdk_4.4.6/platform/emlib/src/em_emu.o
 .debug_line    0x0000000000009b2f      0x6c2 ./gecko_sdk_4.4.6/platform/emlib/src/em_gpio.o
 .debug_line    0x000000000000a1f1      0x768 ./gecko_sdk_4.4.6/platform/emlib/src/em_ldma.o
 .debug_line    0x000000000000a959      0x54e ./gecko_sdk_4.4.6/platform/emlib/src/em_rtcc.o
 .debug_line    0x000000000000aea7      0x4ab ./gecko_sdk_4.4.6/platform/emlib/src/em_system.o
 .debug_line    0x000000000000b352      0xcf4 ./gecko_sdk_4.4.6/platform/emlib/src/em_usart.o
 .debug_line    0x000000000000c046      0x25d ./gecko_sdk_4.4.6/platform/service/device_init/src/sl_device_init_dcdc_s2.o
 .debug_line    0x000000000000c2a3      0x2dd ./gecko_sdk_4.4.6/platform/service/device_init/src/sl_device_init_emu_s2.o
 .debug_line    0x000000000000c580      0x329 ./gecko_sdk_4.4.6/platform/service/device_init/src/sl_device_init_hfxo_s2.o
 .debug_line    0x000000000000c8a9      0x26e ./gecko_sdk_4.4.6/platform/service/device_init/src/sl_device_init_lfxo_s2.o
 .debug_line    0x000000000000cb17      0x341 ./gecko_sdk_4.4.6/platform/service/device_init/src/sl_device_init_nvic.o
 .debug_line    0x000000000000ce58     0x10cf ./gecko_sdk_4.4.6/platform/service/sleeptimer/src/sl_sleeptimer.o
 .debug_line    0x000000000000df27      0x876 ./gecko_sdk_4.4.6/platform/service/sleeptimer/src/sl_sleeptimer_hal_rtcc.o
 .debug_line    0x000000000000e79d       0xef ./gecko_sdk_4.4.6/platform/service/system/src/sl_system_init.o
 .debug_line    0x000000000000e88c       0xf8 ./gecko_sdk_4.4.6/platform/service/system/src/sl_system_process_action.o

.debug_str      0x0000000000000000     0xb466
 .debug_str     0x0000000000000000     0x1638 ./ABC_lcd_tft/GC9A01.o
                                       0x181f (size before relaxing)
 .debug_str     0x0000000000001638      0xc01 ./app.o
                                       0x2357 (size before relaxing)
 .debug_str     0x0000000000002239       0x37 ./main.o
                                        0x187 (size before relaxing)
 .debug_str     0x0000000000002270       0x39 ./autogen/sl_board_default_init.o
                                        0x1f1 (size before relaxing)
 .debug_str     0x00000000000022a9      0x115 ./autogen/sl_device_init_clocks.o
                                        0xc43 (size before relaxing)
 .debug_str     0x00000000000023be      0x18a ./autogen/sl_event_handler.o
                                        0xce4 (size before relaxing)
 .debug_str     0x0000000000002548      0x1ba ./autogen/sl_spidrv_init.o
                                        0xc71 (size before relaxing)
 .debug_str     0x0000000000002702      0x2ae ./gecko_sdk_4.4.6/hardware/board/src/sl_board_control_gpio.o
                                        0x4cd (size before relaxing)
 .debug_str     0x00000000000029b0       0x52 ./gecko_sdk_4.4.6/hardware/board/src/sl_board_init.o
                                        0x63c (size before relaxing)
 .debug_str     0x0000000000002a02      0x1b8 ./gecko_sdk_4.4.6/platform/Device/SiliconLabs/BGM22/Source/startup_bgm22.o
                                        0x390 (size before relaxing)
 .debug_str     0x0000000000002bba      0x9eb ./gecko_sdk_4.4.6/platform/Device/SiliconLabs/BGM22/Source/system_bgm22.o
                                       0x1551 (size before relaxing)
 .debug_str     0x00000000000035a5       0x54 ./gecko_sdk_4.4.6/platform/common/src/sl_assert.o
                                        0x19c (size before relaxing)
 .debug_str     0x00000000000035f9       0xa1 ./gecko_sdk_4.4.6/platform/common/src/sl_syscalls.o
                                        0x27c (size before relaxing)
 .debug_str     0x000000000000369a       0xf3 ./gecko_sdk_4.4.6/platform/common/toolchain/src/sl_memory.o
                                        0x2d6 (size before relaxing)
 .debug_str     0x000000000000378d      0xd0e ./gecko_sdk_4.4.6/platform/emdrv/dmadrv/src/dmadrv.o
                                       0x10a1 (size before relaxing)
 .debug_str     0x000000000000449b      0xcc0 ./gecko_sdk_4.4.6/platform/emdrv/spidrv/src/spidrv.o
                                       0x2de0 (size before relaxing)
 .debug_str     0x000000000000515b     0x1913 ./gecko_sdk_4.4.6/platform/emlib/src/em_cmu.o
                                       0x35b9 (size before relaxing)
 .debug_str     0x0000000000006a6e      0x30e ./gecko_sdk_4.4.6/platform/emlib/src/em_core.o
                                        0xa9a (size before relaxing)
 .debug_str     0x0000000000006d7c      0xa35 ./gecko_sdk_4.4.6/platform/emlib/src/em_emu.o
                                       0x2d10 (size before relaxing)
 .debug_str     0x00000000000077b1      0x11a ./gecko_sdk_4.4.6/platform/emlib/src/em_gpio.o
                                       0x136f (size before relaxing)
 .debug_str     0x00000000000078cb       0xc9 ./gecko_sdk_4.4.6/platform/emlib/src/em_ldma.o
                                       0x13ec (size before relaxing)
 .debug_str     0x0000000000007994     0x2036 ./gecko_sdk_4.4.6/platform/emlib/src/em_rtcc.o
                                       0x24cf (size before relaxing)
 .debug_str     0x00000000000099ca      0x344 ./gecko_sdk_4.4.6/platform/emlib/src/em_system.o
                                       0x13ae (size before relaxing)
 .debug_str     0x0000000000009d0e      0x56f ./gecko_sdk_4.4.6/platform/emlib/src/em_usart.o
                                       0x38a6 (size before relaxing)
 .debug_str     0x000000000000a27d       0x69 ./gecko_sdk_4.4.6/platform/service/device_init/src/sl_device_init_dcdc_s2.o
                                        0x64e (size before relaxing)
 .debug_str     0x000000000000a2e6       0x71 ./gecko_sdk_4.4.6/platform/service/device_init/src/sl_device_init_emu_s2.o
                                        0x82e (size before relaxing)
 .debug_str     0x000000000000a357      0x540 ./gecko_sdk_4.4.6/platform/service/device_init/src/sl_device_init_hfxo_s2.o
                                        0xbf2 (size before relaxing)
 .debug_str     0x000000000000a897      0x1de ./gecko_sdk_4.4.6/platform/service/device_init/src/sl_device_init_lfxo_s2.o
                                        0x4d0 (size before relaxing)
 .debug_str     0x000000000000aa75       0x66 ./gecko_sdk_4.4.6/platform/service/device_init/src/sl_device_init_nvic.o
                                        0x790 (size before relaxing)
 .debug_str     0x000000000000aadb      0x716 ./gecko_sdk_4.4.6/platform/service/sleeptimer/src/sl_sleeptimer.o
                                        0xbf9 (size before relaxing)
 .debug_str     0x000000000000b1f1      0x1b3 ./gecko_sdk_4.4.6/platform/service/sleeptimer/src/sl_sleeptimer_hal_rtcc.o
                                       0x13ae (size before relaxing)
 .debug_str     0x000000000000b3a4       0x5c ./gecko_sdk_4.4.6/platform/service/system/src/sl_system_init.o
                                        0x1f2 (size before relaxing)
 .debug_str     0x000000000000b400       0x66 ./gecko_sdk_4.4.6/platform/service/system/src/sl_system_process_action.o