Archive member included to satisfy reference by file (symbol)

/home/abarnika/Downloads/SimplicityStudio_v5/developer/toolchains/gnu_arm/12.2.rel1_2023.7/bin/../lib/gcc/arm-none-eabi/12.2.1/thumb/v8-m.main+fp/hard/libgcc.a(_aeabi_ldivmod.o)
                              ./gecko_sdk_4.4.6/platform/emlib/src/em_eusart.o (__aeabi_ldivmod)
/home/abarnika/Downloads/SimplicityStudio_v5/developer/toolchains/gnu_arm/12.2.rel1_2023.7/bin/../lib/gcc/arm-none-eabi/12.2.1/thumb/v8-m.main+fp/hard/libgcc.a(_aeabi_uldivmod.o)
                              ./gecko_sdk_4.4.6/platform/emlib/src/em_eusart.o (__aeabi_uldivmod)
/home/abarnika/Downloads/SimplicityStudio_v5/developer/toolchains/gnu_arm/12.2.rel1_2023.7/bin/../lib/gcc/arm-none-eabi/12.2.1/thumb/v8-m.main+fp/hard/libgcc.a(_udivmoddi4.o)
                              /home/abarnika/Downloads/SimplicityStudio_v5/developer/toolchains/gnu_arm/12.2.rel1_2023.7/bin/../lib/gcc/arm-none-eabi/12.2.1/thumb/v8-m.main+fp/hard/libgcc.a(_aeabi_ldivmod.o) (__udivmoddi4)
/home/abarnika/Downloads/SimplicityStudio_v5/developer/toolchains/gnu_arm/12.2.rel1_2023.7/bin/../lib/gcc/arm-none-eabi/12.2.1/thumb/v8-m.main+fp/hard/libgcc.a(_dvmd_tls.o)
                              /home/abarnika/Downloads/SimplicityStudio_v5/developer/toolchains/gnu_arm/12.2.rel1_2023.7/bin/../lib/gcc/arm-none-eabi/12.2.1/thumb/v8-m.main+fp/hard/libgcc.a(_aeabi_ldivmod.o) (__aeabi_ldiv0)
/home/abarnika/Downloads/SimplicityStudio_v5/developer/toolchains/gnu_arm/12.2.rel1_2023.7/bin/../lib/gcc/arm-none-eabi/12.2.1/../../../../arm-none-eabi/lib/thumb/v8-m.main+fp/hard/libc_nano.a(libc_a-exit.o)
                              /home/abarnika/Downloads/SimplicityStudio_v5/developer/toolchains/gnu_arm/12.2.rel1_2023.7/bin/../lib/gcc/arm-none-eabi/12.2.1/../../../../arm-none-eabi/lib/thumb/v8-m.main+fp/hard/crt0.o (exit)
/home/abarnika/Downloads/SimplicityStudio_v5/developer/toolchains/gnu_arm/12.2.rel1_2023.7/bin/../lib/gcc/arm-none-eabi/12.2.1/../../../../arm-none-eabi/lib/thumb/v8-m.main+fp/hard/libc_nano.a(libc_a-init.o)
                              /home/abarnika/Downloads/SimplicityStudio_v5/developer/toolchains/gnu_arm/12.2.rel1_2023.7/bin/../lib/gcc/arm-none-eabi/12.2.1/../../../../arm-none-eabi/lib/thumb/v8-m.main+fp/hard/crt0.o (__libc_init_array)
/home/abarnika/Downloads/SimplicityStudio_v5/developer/toolchains/gnu_arm/12.2.rel1_2023.7/bin/../lib/gcc/arm-none-eabi/12.2.1/../../../../arm-none-eabi/lib/thumb/v8-m.main+fp/hard/libc_nano.a(libc_a-findfp.o)
                              /home/abarnika/Downloads/SimplicityStudio_v5/developer/toolchains/gnu_arm/12.2.rel1_2023.7/bin/../lib/gcc/arm-none-eabi/12.2.1/../../../../arm-none-eabi/lib/thumb/v8-m.main+fp/hard/libc_nano.a(libc_a-exit.o) (__stdio_exit_handler)
/home/abarnika/Downloads/SimplicityStudio_v5/developer/toolchains/gnu_arm/12.2.rel1_2023.7/bin/../lib/gcc/arm-none-eabi/12.2.1/../../../../arm-none-eabi/lib/thumb/v8-m.main+fp/hard/libc_nano.a(libc_a-stdio.o)
                              /home/abarnika/Downloads/SimplicityStudio_v5/developer/toolchains/gnu_arm/12.2.rel1_2023.7/bin/../lib/gcc/arm-none-eabi/12.2.1/../../../../arm-none-eabi/lib/thumb/v8-m.main+fp/hard/libc_nano.a(libc_a-findfp.o) (__sread)
/home/abarnika/Downloads/SimplicityStudio_v5/developer/toolchains/gnu_arm/12.2.rel1_2023.7/bin/../lib/gcc/arm-none-eabi/12.2.1/../../../../arm-none-eabi/lib/thumb/v8-m.main+fp/hard/libc_nano.a(libc_a-writer.o)
                              /home/abarnika/Downloads/SimplicityStudio_v5/developer/toolchains/gnu_arm/12.2.rel1_2023.7/bin/../lib/gcc/arm-none-eabi/12.2.1/../../../../arm-none-eabi/lib/thumb/v8-m.main+fp/hard/libc_nano.a(libc_a-stdio.o) (_write_r)
/home/abarnika/Downloads/SimplicityStudio_v5/developer/toolchains/gnu_arm/12.2.rel1_2023.7/bin/../lib/gcc/arm-none-eabi/12.2.1/../../../../arm-none-eabi/lib/thumb/v8-m.main+fp/hard/libc_nano.a(libc_a-fwalk.o)
                              /home/abarnika/Downloads/SimplicityStudio_v5/developer/toolchains/gnu_arm/12.2.rel1_2023.7/bin/../lib/gcc/arm-none-eabi/12.2.1/../../../../arm-none-eabi/lib/thumb/v8-m.main+fp/hard/libc_nano.a(libc_a-findfp.o) (_fwalk_sglue)
/home/abarnika/Downloads/SimplicityStudio_v5/developer/toolchains/gnu_arm/12.2.rel1_2023.7/bin/../lib/gcc/arm-none-eabi/12.2.1/../../../../arm-none-eabi/lib/thumb/v8-m.main+fp/hard/libc_nano.a(libc_a-memset.o)
                              /home/abarnika/Downloads/SimplicityStudio_v5/developer/toolchains/gnu_arm/12.2.rel1_2023.7/bin/../lib/gcc/arm-none-eabi/12.2.1/../../../../arm-none-eabi/lib/thumb/v8-m.main+fp/hard/crt0.o (memset)
/home/abarnika/Downloads/SimplicityStudio_v5/developer/toolchains/gnu_arm/12.2.rel1_2023.7/bin/../lib/gcc/arm-none-eabi/12.2.1/../../../../arm-none-eabi/lib/thumb/v8-m.main+fp/hard/libc_nano.a(libc_a-lock.o)
[...]
Memory Configuration

Name             Origin             Length             Attributes
FLASH            0x0000000008000000 0x00000000000fe000 xr
RAM              0x0000000020000000 0x0000000000040000 xrw
*default*        0x0000000000000000 0xffffffffffffffff

Linker script and memory map

LOAD /home/abarnika/Downloads/SimplicityStudio_v5/developer/toolchains/gnu_arm/12.2.rel1_2023.7/bin/../lib/gcc/arm-none-eabi/12.2.1/thumb/v8-m.main+fp/hard/crti.o
LOAD /home/abarnika/Downloads/SimplicityStudio_v5/developer/toolchains/gnu_arm/12.2.rel1_2023.7/bin/../lib/gcc/arm-none-eabi/12.2.1/thumb/v8-m.main+fp/hard/crtbegin.o
LOAD /home/abarnika/Downloads/SimplicityStudio_v5/developer/toolchains/gnu_arm/12.2.rel1_2023.7/bin/../lib/gcc/arm-none-eabi/12.2.1/../../../../arm-none-eabi/lib/thumb/v8-m.main+fp/hard/crt0.o
START GROUP
LOAD ./ABC_tft_lcd/GC9A01.o
LOAD ./app.o
LOAD ./main.o
LOAD ./autogen/sl_board_default_init.o
LOAD ./autogen/sl_device_init_clocks.o
LOAD ./autogen/sl_event_handler.o
LOAD ./autogen/sl_spidrv_init.o
LOAD ./gecko_sdk_4.4.6/hardware/board/src/sl_board_control_gpio.o
LOAD ./gecko_sdk_4.4.6/hardware/board/src/sl_board_init.o
LOAD ./gecko_sdk_4.4.6/platform/Device/SiliconLabs/EFR32ZG28/Source/startup_efr32zg28.o
LOAD ./gecko_sdk_4.4.6/platform/Device/SiliconLabs/EFR32ZG28/Source/system_efr32zg28.o
LOAD ./gecko_sdk_4.4.6/platform/common/src/sl_assert.o
LOAD ./gecko_sdk_4.4.6/platform/common/src/sl_slist.o
LOAD ./gecko_sdk_4.4.6/platform/common/src/sl_syscalls.o
LOAD ./gecko_sdk_4.4.6/platform/common/toolchain/src/sl_memory.o
LOAD ./gecko_sdk_4.4.6/platform/emdrv/dmadrv/src/dmadrv.o
LOAD ./gecko_sdk_4.4.6/platform/emdrv/spidrv/src/spidrv.o
LOAD ./gecko_sdk_4.4.6/platform/emlib/src/em_burtc.o
LOAD ./gecko_sdk_4.4.6/platform/emlib/src/em_cmu.o
LOAD ./gecko_sdk_4.4.6/platform/emlib/src/em_core.o
LOAD ./gecko_sdk_4.4.6/platform/emlib/src/em_emu.o
LOAD ./gecko_sdk_4.4.6/platform/emlib/src/em_eusart.o
LOAD ./gecko_sdk_4.4.6/platform/emlib/src/em_gpio.o
LOAD ./gecko_sdk_4.4.6/platform/emlib/src/em_ldma.o
LOAD ./gecko_sdk_4.4.6/platform/emlib/src/em_msc.o
LOAD ./gecko_sdk_4.4.6/platform/emlib/src/em_prs.o
LOAD ./gecko_sdk_4.4.6/platform/emlib/src/em_system.o
LOAD ./gecko_sdk_4.4.6/platform/emlib/src/em_timer.o
LOAD ./gecko_sdk_4.4.6/platform/emlib/src/em_usart.o
LOAD ./gecko_sdk_4.4.6/platform/peripheral/src/peripheral_sysrtc.o
LOAD ./gecko_sdk_4.4.6/platform/service/device_init/src/sl_device_init_dcdc_s2.o
LOAD ./gecko_sdk_4.4.6/platform/service/device_init/src/sl_device_init_emu_s2.o
LOAD ./gecko_sdk_4.4.6/platform/service/device_init/src/sl_device_init_hfxo_s2.o
LOAD ./gecko_sdk_4.4.6/platform/service/device_init/src/sl_device_init_lfxo_s2.o
LOAD ./gecko_sdk_4.4.6/platform/service/device_init/src/sl_device_init_nvic.o
LOAD ./gecko_sdk_4.4.6/platform/service/sleeptimer/src/sl_sleeptimer.o
LOAD ./gecko_sdk_4.4.6/platform/service/sleeptimer/src/sl_sleeptimer_hal_burtc.o
LOAD ./gecko_sdk_4.4.6/platform/service/sleeptimer/src/sl_sleeptimer_hal_sysrtc.o
LOAD ./gecko_sdk_4.4.6/platform/service/sleeptimer/src/sl_sleeptimer_hal_timer.o
LOAD ./gecko_sdk_4.4.6/platform/service/system/src/sl_system_init.o
LOAD ./gecko_sdk_4.4.6/platform/service/system/src/sl_system_process_action.o
LOAD /home/abarnika/Downloads/SimplicityStudio_v5/developer/toolchains/gnu_arm/12.2.rel1_2023.7/bin/../lib/gcc/arm-none-eabi/12.2.1/thumb/v8-m.main+fp/hard/libgcc.a
LOAD /home/abarnika/Downloads/SimplicityStudio_v5/developer/toolchains/gnu_arm/12.2.rel1_2023.7/bin/../lib/gcc/arm-none-eabi/12.2.1/../../../../arm-none-eabi/lib/thumb/v8-m.main+fp/hard/libc_nano.a
LOAD /home/abarnika/Downloads/SimplicityStudio_v5/developer/toolchains/gnu_arm/12.2.rel1_2023.7/bin/../lib/gcc/arm-none-eabi/12.2.1/../../../../arm-none-eabi/lib/thumb/v8-m.main+fp/hard/libm.a
LOAD /home/abarnika/Downloads/SimplicityStudio_v5/developer/toolchains/gnu_arm/12.2.rel1_2023.7/bin/../lib/gcc/arm-none-eabi/12.2.1/../../../../arm-none-eabi/lib/thumb/v8-m.main+fp/hard/libnosys.a
END GROUP
START GROUP
LOAD /home/abarnika/Downloads/SimplicityStudio_v5/developer/toolchains/gnu_arm/12.2.rel1_2023.7/bin/../lib/gcc/arm-none-eabi/12.2.1/thumb/v8-m.main+fp/hard/libgcc.a
LOAD /home/abarnika/Downloads/SimplicityStudio_v5/developer/toolchains/gnu_arm/12.2.rel1_2023.7/bin/../lib/gcc/arm-none-eabi/12.2.1/../../../../arm-none-eabi/lib/thumb/v8-m.main+fp/hard/libc_nano.a
LOAD /home/abarnika/Downloads/SimplicityStudio_v5/developer/toolchains/gnu_arm/12.2.rel1_2023.7/bin/../lib/gcc/arm-none-eabi/12.2.1/../../../../arm-none-eabi/lib/thumb/v8-m.main+fp/hard/libnosys.a
END GROUP
START GROUP
LOAD /home/abarnika/Downloads/SimplicityStudio_v5/developer/toolchains/gnu_arm/12.2.rel1_2023.7/bin/../lib/gcc/arm-none-eabi/12.2.1/thumb/v8-m.main+fp/hard/libgcc.a
LOAD /home/abarnika/Downloads/SimplicityStudio_v5/developer/toolchains/gnu_arm/12.2.rel1_2023.7/bin/../lib/gcc/arm-none-eabi/12.2.1/../../../../arm-none-eabi/lib/thumb/v8-m.main+fp/hard/libg_nano.a
LOAD /home/abarnika/Downloads/SimplicityStudio_v5/developer/toolchains/gnu_arm/12.2.rel1_2023.7/bin/../lib/gcc/arm-none-eabi/12.2.1/../../../../arm-none-eabi/lib/thumb/v8-m.main+fp/hard/libc_nano.a
END GROUP
START GROUP
LOAD /home/abarnika/Downloads/SimplicityStudio_v5/developer/toolchains/gnu_arm/12.2.rel1_2023.7/bin/../lib/gcc/arm-none-eabi/12.2.1/thumb/v8-m.main+fp/hard/libgcc.a
LOAD /home/abarnika/Downloads/SimplicityStudio_v5/developer/toolchains/gnu_arm/12.2.rel1_2023.7/bin/../lib/gcc/arm-none-eabi/12.2.1/../../../../arm-none-eabi/lib/thumb/v8-m.main+fp/hard/libc_nano.a
END GROUP
LOAD /home/abarnika/Downloads/SimplicityStudio_v5/developer/toolchains/gnu_arm/12.2.rel1_2023.7/bin/../lib/gcc/arm-none-eabi/12.2.1/thumb/v8-m.main+fp/hard/crtend.o
LOAD /home/abarnika/Downloads/SimplicityStudio_v5/developer/toolchains/gnu_arm/12.2.rel1_2023.7/bin/../lib/gcc/arm-none-eabi/12.2.1/thumb/v8-m.main+fp/hard/crtn.o

.text           0x0000000008000000    0x21104
                0x0000000008000000                linker_vectors_begin = .
 *(.vectors)
 .vectors       0x0000000008000000      0x17c ./gecko_sdk_4.4.6/platform/Device/SiliconLabs/EFR32ZG28/Source/startup_efr32zg28.o
                0x0000000008000000                __Vectors
                0x000000000800017c                linker_vectors_end = .
                0x000000000800017c                __Vectors_End = .
                0x000000000800017c                __Vectors_Size = (__Vectors_End - __Vectors)
                0x000000000800017c                linker_code_begin = .
 *(SORT_BY_ALIGNMENT(.text*))
 .text.deregister_tm_clones
                0x000000000800017c       0x1c /home/abarnika/Downloads/SimplicityStudio_v5/developer/toolchains/gnu_arm/12.2.rel1_2023.7/bin/../lib/gcc/arm-none-eabi/12.2.1/thumb/v8-m.main+fp/hard/crtbegin.o
 .text.register_tm_clones
                0x0000000008000198       0x28 /home/abarnika/Downloads/SimplicityStudio_v5/developer/toolchains/gnu_arm/12.2.rel1_2023.7/bin/../lib/gcc/arm-none-eabi/12.2.1/thumb/v8-m.main+fp/hard/crtbegin.o
 .text.__do_global_dtors_aux
                0x00000000080001c0       0x28 /home/abarnika/Downloads/SimplicityStudio_v5/developer/toolchains/gnu_arm/12.2.rel1_2023.7/bin/../lib/gcc/arm-none-eabi/12.2.1/thumb/v8-m.main+fp/hard/crtbegin.o
 .text.frame_dummy
                0x00000000080001e8       0x24 /home/abarnika/Downloads/SimplicityStudio_v5/developer/toolchains/gnu_arm/12.2.rel1_2023.7/bin/../lib/gcc/arm-none-eabi/12.2.1/thumb/v8-m.main+fp/hard/crtbegin.o
 .text          0x000000000800020c       0x7c /home/abarnika/Downloads/SimplicityStudio_v5/developer/toolchains/gnu_arm/12.2.rel1_2023.7/bin/../lib/gcc/arm-none-eabi/12.2.1/../../../../arm-none-eabi/lib/thumb/v8-m.main+fp/hard/crt0.o
                0x000000000800020c                _stack_init
                0x0000000008000214                _mainCRTStartup
                0x0000000008000214                _start
 .text.GPIO_PinOutClear
                0x0000000008000288       0x38 ./ABC_tft_lcd/GC9A01.o
 .text.GPIO_PinOutSet
                0x00000000080002c0       0x38 ./ABC_tft_lcd/GC9A01.o
 .text.write_command
                0x00000000080002f8       0x38 ./ABC_tft_lcd/GC9A01.o
 .text.write_data
                0x0000000008000330       0x34 ./ABC_tft_lcd/GC9A01.o
 .text.GC9A01_init
                0x0000000008000364      0x474 ./ABC_tft_lcd/GC9A01.o
                0x0000000008000364                GC9A01_init
 .text.GPIO_PinOutSet
                0x00000000080007d8       0x38 ./app.o
 .text.draw_large_digit
                0x0000000008000810       0x58 ./app.o
                0x0000000008000810                draw_large_digit
 .text.restore_logo_region
                0x0000000008000868       0x50 ./app.o
                0x0000000008000868                restore_logo_region
 .text.app_init
                0x00000000080008b8      0x120 ./app.o
                0x00000000080008b8                app_init
 .text.app_process_action
                0x00000000080009d8       0x60 ./app.o
                0x00000000080009d8                app_process_action
 .text.sl_device_init_clocks
                0x0000000008000a38       0xac ./autogen/sl_device_init_clocks.o
                0x0000000008000a38                sl_device_init_clocks
 .text.sl_spidrv_init_instances
                0x0000000008000ae4       0x14 ./autogen/sl_spidrv_init.o
                0x0000000008000ae4                sl_spidrv_init_instances
 .text.CopyRamFuncs
                0x0000000008000af8       0x1c ./gecko_sdk_4.4.6/platform/Device/SiliconLabs/EFR32ZG28/Source/startup_efr32zg28.o
                0x0000000008000af8                CopyRamFuncs
 .text.Reset_Handler
                0x0000000008000b14       0x64 ./gecko_sdk_4.4.6/platform/Device/SiliconLabs/EFR32ZG28/Source/startup_efr32zg28.o
                0x0000000008000b14                Reset_Handler
 .text.SystemInit
                0x0000000008000b78       0x68 ./gecko_sdk_4.4.6/platform/Device/SiliconLabs/EFR32ZG28/Source/system_efr32zg28.o
                0x0000000008000b78                SystemInit
 .text.SystemHFRCODPLLClockGet
                0x0000000008000be0        0xc ./gecko_sdk_4.4.6/platform/Device/SiliconLabs/EFR32ZG28/Source/system_efr32zg28.o
                0x0000000008000be0                SystemHFRCODPLLClockGet
 .text.SystemSYSCLKGet
                0x0000000008000bec       0x34 ./gecko_sdk_4.4.6/platform/Device/SiliconLabs/EFR32ZG28/Source/system_efr32zg28.o
                0x0000000008000bec                SystemSYSCLKGet
 .text.SystemHCLKGet
                0x0000000008000c20       0x24 ./gecko_sdk_4.4.6/platform/Device/SiliconLabs/EFR32ZG28/Source/system_efr32zg28.o
                0x0000000008000c20                SystemHCLKGet
 .text.SystemMaxCoreClockGet
                0x0000000008000c44        0x8 ./gecko_sdk_4.4.6/platform/Device/SiliconLabs/EFR32ZG28/Source/system_efr32zg28.o
                0x0000000008000c44                SystemMaxCoreClockGet
 .text.SystemHFXOClockGet
                0x0000000008000c4c        0xc ./gecko_sdk_4.4.6/platform/Device/SiliconLabs/EFR32ZG28/Source/system_efr32zg28.o
                0x0000000008000c4c                SystemHFXOClockGet
 .text.SystemHFXOClockSet
                0x0000000008000c58       0x20 ./gecko_sdk_4.4.6/platform/Device/SiliconLabs/EFR32ZG28/Source/system_efr32zg28.o
                0x0000000008000c58                SystemHFXOClockSet
 .text.SystemFSRCOClockGet
                0x0000000008000c78        0x8 ./gecko_sdk_4.4.6/platform/Device/SiliconLabs/EFR32ZG28/Source/system_efr32zg28.o
                0x0000000008000c78                SystemFSRCOClockGet
 .text.SystemHFRCOEM23ClockGet
                0x0000000008000c80       0x84 ./gecko_sdk_4.4.6/platform/Device/SiliconLabs/EFR32ZG28/Source/system_efr32zg28.o
                0x0000000008000c80                SystemHFRCOEM23ClockGet
 .text.SystemLFXOClockGet
                0x0000000008000d04        0xc ./gecko_sdk_4.4.6/platform/Device/SiliconLabs/EFR32ZG28/Source/system_efr32zg28.o
                0x0000000008000d04                SystemLFXOClockGet
 .text.StartTransfer
                0x0000000008000d10      0x17c ./gecko_sdk_4.4.6/platform/emdrv/dmadrv/src/dmadrv.o
 .text.DMADRV_AllocateChannel
                0x0000000008000e8c       0x60 ./gecko_sdk_4.4.6/platform/emdrv/dmadrv/src/dmadrv.o
                0x0000000008000e8c                DMADRV_AllocateChannel
 .text.DMADRV_Init
                0x0000000008000eec       0x68 ./gecko_sdk_4.4.6/platform/emdrv/dmadrv/src/dmadrv.o
                0x0000000008000eec                DMADRV_Init
 .text.LDMA_IRQHandler
                0x0000000008000f54       0x74 ./gecko_sdk_4.4.6/platform/emdrv/dmadrv/src/dmadrv.o
                0x0000000008000f54                LDMA_IRQHandler
 .text.RxDMAComplete
                0x0000000008000fc8       0x50 ./gecko_sdk_4.4.6/platform/emdrv/spidrv/src/spidrv.o
 .text.StartTransmitDMA
                0x0000000008001018       0xa4 ./gecko_sdk_4.4.6/platform/emdrv/spidrv/src/spidrv.o
 .text.TransferApiPrologue
                0x00000000080010bc       0x48 ./gecko_sdk_4.4.6/platform/emdrv/spidrv/src/spidrv.o
 .text.SPIDRV_Init
                0x0000000008001104      0x370 ./gecko_sdk_4.4.6/platform/emdrv/spidrv/src/spidrv.o
                0x0000000008001104                SPIDRV_Init
 .text.SPIDRV_MTransmitB
                0x0000000008001474       0x38 ./gecko_sdk_4.4.6/platform/emdrv/spidrv/src/spidrv.o
                0x0000000008001474                SPIDRV_MTransmitB
 .text.EMU_VScaleGet
                0x00000000080014ac       0x18 ./gecko_sdk_4.4.6/platform/emlib/src/em_cmu.o
 .text.traceClkGet
                0x00000000080014c4       0x54 ./gecko_sdk_4.4.6/platform/emlib/src/em_cmu.o
 .text.em01GrpaClkGet
                0x0000000008001518       0x74 ./gecko_sdk_4.4.6/platform/emlib/src/em_cmu.o
 .text.em01GrpcClkGet
                0x000000000800158c       0x70 ./gecko_sdk_4.4.6/platform/emlib/src/em_cmu.o
 .text.iadcClkGet
                0x00000000080015fc       0x60 ./gecko_sdk_4.4.6/platform/emlib/src/em_cmu.o
 .text.lesenseHFClkGet
                0x000000000800165c       0x48 ./gecko_sdk_4.4.6/platform/emlib/src/em_cmu.o
 .text.eusart0ClkGet
                0x00000000080016a4       0x74 ./gecko_sdk_4.4.6/platform/emlib/src/em_cmu.o
 .text.em23GrpaClkGet
                0x0000000008001718       0x48 ./gecko_sdk_4.4.6/platform/emlib/src/em_cmu.o
 .text.vdac0ClkGet
                0x0000000008001760       0x70 ./gecko_sdk_4.4.6/platform/emlib/src/em_cmu.o
 .text.pcnt0ClkGet
                0x00000000080017d0       0x4c ./gecko_sdk_4.4.6/platform/emlib/src/em_cmu.o
 .text.wdog0ClkGet
                0x000000000800181c       0x64 ./gecko_sdk_4.4.6/platform/emlib/src/em_cmu.o
 .text.wdog1ClkGet
                0x0000000008001880       0x64 ./gecko_sdk_4.4.6/platform/emlib/src/em_cmu.o
 .text.sysrtcClkGet
                0x00000000080018e4       0x48 ./gecko_sdk_4.4.6/platform/emlib/src/em_cmu.o
 .text.lcdClkGet
                0x000000000800192c       0x54 ./gecko_sdk_4.4.6/platform/emlib/src/em_cmu.o
 .text.em4GrpaClkGet
                0x0000000008001980       0x48 ./gecko_sdk_4.4.6/platform/emlib/src/em_cmu.o
 .text.CMU_ClockDivGet
                0x00000000080019c8       0x78 ./gecko_sdk_4.4.6/platform/emlib/src/em_cmu.o
                0x00000000080019c8                CMU_ClockDivGet
 .text.flashWaitStateControl
                0x0000000008001a40       0x58 ./gecko_sdk_4.4.6/platform/emlib/src/em_cmu.o
 .text.CMU_ClockEnable
                0x0000000008001a98       0x50 ./gecko_sdk_4.4.6/platform/emlib/src/em_cmu.o
                0x0000000008001a98                CMU_ClockEnable
 .text.CMU_ClockFreqGet
                0x0000000008001ae8      0x280 ./gecko_sdk_4.4.6/platform/emlib/src/em_cmu.o
                0x0000000008001ae8                CMU_ClockFreqGet
 .text.rhclkPrescOptimize
                0x0000000008001d68       0x20 ./gecko_sdk_4.4.6/platform/emlib/src/em_cmu.o
 .text.CMU_ClockSelectGet
                0x0000000008001d88      0x278 ./gecko_sdk_4.4.6/platform/emlib/src/em_cmu.o
                0x0000000008001d88                CMU_ClockSelectGet
 .text.sli_em_cmu_HFXOSetForceEnable
                0x0000000008002000       0x1c ./gecko_sdk_4.4.6/platform/emlib/src/em_cmu.o
                0x0000000008002000                sli_em_cmu_HFXOSetForceEnable
 .text.CMU_HFXOInit
                0x000000000800201c      0x238 ./gecko_sdk_4.4.6/platform/emlib/src/em_cmu.o
                0x000000000800201c                CMU_HFXOInit
 .text.CMU_HFXOCTuneDeltaGet
                0x0000000008002254        0xc ./gecko_sdk_4.4.6/platform/emlib/src/em_cmu.o
                0x0000000008002254                CMU_HFXOCTuneDeltaGet
 .text.CMU_LFXOInit
                0x0000000008002260       0xc4 ./gecko_sdk_4.4.6/platform/emlib/src/em_cmu.o
                0x0000000008002260                CMU_LFXOInit
 .text.CMU_LFXOPrecisionSet
                0x0000000008002324        0xc ./gecko_sdk_4.4.6/platform/emlib/src/em_cmu.o
                0x0000000008002324                CMU_LFXOPrecisionSet
 .text.CMU_HFXOPrecisionSet
                0x0000000008002330        0xc ./gecko_sdk_4.4.6/platform/emlib/src/em_cmu.o
                0x0000000008002330                CMU_HFXOPrecisionSet
 .text.CMU_ClockDivSet
                0x000000000800233c      0x12c ./gecko_sdk_4.4.6/platform/emlib/src/em_cmu.o
                0x000000000800233c                CMU_ClockDivSet
 .text.sli_em_cmu_SYSCLKInitPreClockSelect
                0x0000000008002468       0x20 ./gecko_sdk_4.4.6/platform/emlib/src/em_cmu.o
                0x0000000008002468                sli_em_cmu_SYSCLKInitPreClockSelect
 .text.pclkDivOptimize
                0x0000000008002488       0x24 ./gecko_sdk_4.4.6/platform/emlib/src/em_cmu.o
 .text.__NVIC_GetPriority
                0x00000000080024ac       0x24 ./gecko_sdk_4.4.6/platform/emlib/src/em_core.o
 .text.CORE_NvicIRQDisabled
                0x00000000080024d0       0x34 ./gecko_sdk_4.4.6/platform/emlib/src/em_core.o
                0x00000000080024d0                CORE_NvicIRQDisabled
 .text.CORE_IrqIsBlocked
                0x0000000008002504       0x6c ./gecko_sdk_4.4.6/platform/emlib/src/em_core.o
                0x0000000008002504                CORE_IrqIsBlocked
 .text.EMU_DCDCSync
                0x0000000008002570       0x10 ./gecko_sdk_4.4.6/platform/emlib/src/em_emu.o
 .text.EMU_EM4Init
                0x0000000008002580       0x14 ./gecko_sdk_4.4.6/platform/emlib/src/em_emu.o
                0x0000000008002580                EMU_EM4Init
 .text.EMU_VScaleEM01
                0x0000000008002594       0xa8 ./gecko_sdk_4.4.6/platform/emlib/src/em_emu.o
                0x0000000008002594                EMU_VScaleEM01
 .text.EMU_VScaleEM01ByClock
                0x000000000800263c       0x30 ./gecko_sdk_4.4.6/platform/emlib/src/em_emu.o
                0x000000000800263c                EMU_VScaleEM01ByClock
 .text.EMU_DCDCModeSet
                0x000000000800266c       0xac ./gecko_sdk_4.4.6/platform/emlib/src/em_emu.o
                0x000000000800266c                EMU_DCDCModeSet
 .text.EMU_DCDCInit
                0x0000000008002718       0x70 ./gecko_sdk_4.4.6/platform/emlib/src/em_emu.o
                0x0000000008002718                EMU_DCDCInit
 .text.EMU_DCDCSetPFMXModePeakCurrent
                0x0000000008002788       0x6c ./gecko_sdk_4.4.6/platform/emlib/src/em_emu.o
                0x0000000008002788                EMU_DCDCSetPFMXModePeakCurrent
 .text.EUSART_Reset
                0x00000000080027f4       0x3c ./gecko_sdk_4.4.6/platform/emlib/src/em_eusart.o
                0x00000000080027f4                EUSART_Reset
 .text.EUSART_Enable
                0x0000000008002830       0x74 ./gecko_sdk_4.4.6/platform/emlib/src/em_eusart.o
                0x0000000008002830                EUSART_Enable
 .text.EUSART_BaudrateSet
                0x00000000080028a4      0x1d4 ./gecko_sdk_4.4.6/platform/emlib/src/em_eusart.o
                0x00000000080028a4                EUSART_BaudrateSet
 .text.EUSART_SpiInit
                0x0000000008002a78      0x240 ./gecko_sdk_4.4.6/platform/emlib/src/em_eusart.o
                0x0000000008002a78                EUSART_SpiInit
 .text.GPIO_PinOutSet
                0x0000000008002cb8       0x3c ./gecko_sdk_4.4.6/platform/emlib/src/em_gpio.o
 .text.GPIO_PinOutClear
                0x0000000008002cf4       0x3c ./gecko_sdk_4.4.6/platform/emlib/src/em_gpio.o
 .text.GPIO_PinModeSet
                0x0000000008002d30       0x94 ./gecko_sdk_4.4.6/platform/emlib/src/em_gpio.o
                0x0000000008002d30                GPIO_PinModeSet
 .text.LDMA_Init
                0x0000000008002dc4       0x94 ./gecko_sdk_4.4.6/platform/emlib/src/em_ldma.o
                0x0000000008002dc4                LDMA_Init
 .text.LDMA_StartTransfer
                0x0000000008002e58       0xfc ./gecko_sdk_4.4.6/platform/emlib/src/em_ldma.o
                0x0000000008002e58                LDMA_StartTransfer
 .text.USART_BaudrateSyncSet
                0x0000000008002f54       0x48 ./gecko_sdk_4.4.6/platform/emlib/src/em_usart.o
                0x0000000008002f54                USART_BaudrateSyncSet
 .text.USART_Reset
                0x0000000008002f9c       0x58 ./gecko_sdk_4.4.6/platform/emlib/src/em_usart.o
                0x0000000008002f9c                USART_Reset
 .text.USART_InitSync
                0x0000000008002ff4       0xac ./gecko_sdk_4.4.6/platform/emlib/src/em_usart.o
                0x0000000008002ff4                USART_InitSync
 .text.sl_hal_sysrtc_wait_sync
                0x00000000080030a0       0x14 ./gecko_sdk_4.4.6/platform/peripheral/src/peripheral_sysrtc.o
                0x00000000080030a0                sl_hal_sysrtc_wait_sync
 .text.sl_hal_sysrtc_wait_ready
                0x00000000080030b4       0x1c ./gecko_sdk_4.4.6/platform/peripheral/src/peripheral_sysrtc.o
                0x00000000080030b4                sl_hal_sysrtc_wait_ready
 .text.sl_hal_sysrtc_stop
                0x00000000080030d0       0x14 ./gecko_sdk_4.4.6/platform/peripheral/src/peripheral_sysrtc.o
                0x00000000080030d0                sl_hal_sysrtc_stop
 .text.sl_hal_sysrtc_enable
                0x00000000080030e4       0x18 ./gecko_sdk_4.4.6/platform/peripheral/src/peripheral_sysrtc.o
                0x00000000080030e4                sl_hal_sysrtc_enable
 .text.sl_hal_sysrtc_disable
                0x00000000080030fc       0x1c ./gecko_sdk_4.4.6/platform/peripheral/src/peripheral_sysrtc.o
                0x00000000080030fc                sl_hal_sysrtc_disable
 .text.sl_hal_sysrtc_init
                0x0000000008003118       0x20 ./gecko_sdk_4.4.6/platform/peripheral/src/peripheral_sysrtc.o
                0x0000000008003118                sl_hal_sysrtc_init
 .text.sl_hal_sysrtc_init_group
                0x0000000008003138       0x48 ./gecko_sdk_4.4.6/platform/peripheral/src/peripheral_sysrtc.o
                0x0000000008003138                sl_hal_sysrtc_init_group
 .text.sl_hal_sysrtc_enable_group_interrupts
                0x0000000008003180       0x1c ./gecko_sdk_4.4.6/platform/peripheral/src/peripheral_sysrtc.o
                0x0000000008003180                sl_hal_sysrtc_enable_group_interrupts
 .text.sl_hal_sysrtc_disable_group_interrupts
                0x000000000800319c       0x1c ./gecko_sdk_4.4.6/platform/peripheral/src/peripheral_sysrtc.o
                0x000000000800319c                sl_hal_sysrtc_disable_group_interrupts
 .text.sl_hal_sysrtc_clear_group_interrupts
                0x00000000080031b8       0x1c ./gecko_sdk_4.4.6/platform/peripheral/src/peripheral_sysrtc.o
                0x00000000080031b8                sl_hal_sysrtc_clear_group_interrupts
 .text.sl_hal_sysrtc_get_group_interrupts
                0x00000000080031d4       0x20 ./gecko_sdk_4.4.6/platform/peripheral/src/peripheral_sysrtc.o
                0x00000000080031d4                sl_hal_sysrtc_get_group_interrupts
 .text.sl_hal_sysrtc_get_group_compare_channel_value
                0x00000000080031f4       0x30 ./gecko_sdk_4.4.6/platform/peripheral/src/peripheral_sysrtc.o
                0x00000000080031f4                sl_hal_sysrtc_get_group_compare_channel_value
 .text.sl_hal_sysrtc_set_group_compare_channel_value
                0x0000000008003224       0x28 ./gecko_sdk_4.4.6/platform/peripheral/src/peripheral_sysrtc.o
                0x0000000008003224                sl_hal_sysrtc_set_group_compare_channel_value
 .text.sl_device_init_dcdc
                0x000000000800324c       0x2c ./gecko_sdk_4.4.6/platform/service/device_init/src/sl_device_init_dcdc_s2.o
                0x000000000800324c                sl_device_init_dcdc
 .text.sl_device_init_emu
                0x0000000008003278       0x24 ./gecko_sdk_4.4.6/platform/service/device_init/src/sl_device_init_emu_s2.o
                0x0000000008003278                sl_device_init_emu
 .text.sl_device_init_hfxo
                0x000000000800329c       0x70 ./gecko_sdk_4.4.6/platform/service/device_init/src/sl_device_init_hfxo_s2.o
                0x000000000800329c                sl_device_init_hfxo
 .text.sl_device_init_lfxo
                0x000000000800330c       0x2c ./gecko_sdk_4.4.6/platform/service/device_init/src/sl_device_init_lfxo_s2.o
                0x000000000800330c                sl_device_init_lfxo
 .text.sl_device_init_nvic
                0x0000000008003338       0x3c ./gecko_sdk_4.4.6/platform/service/device_init/src/sl_device_init_nvic.o
                0x0000000008003338                sl_device_init_nvic
 .text.delta_list_insert_timer
                0x0000000008003374       0x40 ./gecko_sdk_4.4.6/platform/service/sleeptimer/src/sl_sleeptimer.o
 .text.update_delta_list
                0x00000000080033b4       0x34 ./gecko_sdk_4.4.6/platform/service/sleeptimer/src/sl_sleeptimer.o
 .text.set_comparator_for_next_timer
                0x00000000080033e8       0x5c ./gecko_sdk_4.4.6/platform/service/sleeptimer/src/sl_sleeptimer.o
 .text.create_timer
                0x0000000008003444       0x88 ./gecko_sdk_4.4.6/platform/service/sleeptimer/src/sl_sleeptimer.o
 .text.delta_list_remove_timer
                0x00000000080034cc       0x38 ./gecko_sdk_4.4.6/platform/service/sleeptimer/src/sl_sleeptimer.o
 .text.sl_sleeptimer_init
                0x0000000008003504       0x74 ./gecko_sdk_4.4.6/platform/service/sleeptimer/src/sl_sleeptimer.o
                0x0000000008003504                sl_sleeptimer_init
 .text.sl_sleeptimer_stop_timer
                0x0000000008003578       0x60 ./gecko_sdk_4.4.6/platform/service/sleeptimer/src/sl_sleeptimer.o
                0x0000000008003578                sl_sleeptimer_stop_timer
 .text.sl_sleeptimer_is_timer_running
                0x00000000080035d8       0x3c ./gecko_sdk_4.4.6/platform/service/sleeptimer/src/sl_sleeptimer.o
                0x00000000080035d8                sl_sleeptimer_is_timer_running
 .text.sl_sleeptimer_ms_to_tick
                0x0000000008003614       0x24 ./gecko_sdk_4.4.6/platform/service/sleeptimer/src/sl_sleeptimer.o
                0x0000000008003614                sl_sleeptimer_ms_to_tick
 .text.sl_sleeptimer_delay_millisecond
                0x0000000008003638       0x38 ./gecko_sdk_4.4.6/platform/service/sleeptimer/src/sl_sleeptimer.o
                0x0000000008003638                sl_sleeptimer_delay_millisecond
 .text.process_timer_irq
                0x0000000008003670      0x154 ./gecko_sdk_4.4.6/platform/service/sleeptimer/src/sl_sleeptimer.o
                0x0000000008003670                process_timer_irq
 .text.sleeptimer_hal_init_timer
                0x00000000080037c4       0x64 ./gecko_sdk_4.4.6/platform/service/sleeptimer/src/sl_sleeptimer_hal_sysrtc.o
                0x00000000080037c4                sleeptimer_hal_init_timer
 .text.sleeptimer_hal_get_counter
                0x0000000008003828       0x10 ./gecko_sdk_4.4.6/platform/service/sleeptimer/src/sl_sleeptimer_hal_sysrtc.o
                0x0000000008003828                sleeptimer_hal_get_counter
 .text.sleeptimer_hal_set_compare
                0x0000000008003838       0x70 ./gecko_sdk_4.4.6/platform/service/sleeptimer/src/sl_sleeptimer_hal_sysrtc.o
                0x0000000008003838                sleeptimer_hal_set_compare
 .text.sleeptimer_hal_disable_int
                0x00000000080038a8       0x24 ./gecko_sdk_4.4.6/platform/service/sleeptimer/src/sl_sleeptimer_hal_sysrtc.o
                0x00000000080038a8                sleeptimer_hal_disable_int
 .text.sleeptimer_hal_set_int
                0x00000000080038cc       0x10 ./gecko_sdk_4.4.6/platform/service/sleeptimer/src/sl_sleeptimer_hal_sysrtc.o
                0x00000000080038cc                sleeptimer_hal_set_int
 .text          0x00000000080038dc       0x30 /home/abarnika/Downloads/SimplicityStudio_v5/developer/toolchains/gnu_arm/12.2.rel1_2023.7/bin/../lib/gcc/arm-none-eabi/12.2.1/thumb/v8-m.main+fp/hard/libgcc.a(_aeabi_uldivmod.o)
                0x00000000080038dc                __aeabi_uldivmod
 .text.__udivmoddi4
                0x000000000800390c      0x2ec /home/abarnika/Downloads/SimplicityStudio_v5/developer/toolchains/gnu_arm/12.2.rel1_2023.7/bin/../lib/gcc/arm-none-eabi/12.2.1/thumb/v8-m.main+fp/hard/libgcc.a(_udivmoddi4.o)
                0x000000000800390c                __udivmoddi4
 .text          0x0000000008003bf8        0x4 /home/abarnika/Downloads/SimplicityStudio_v5/developer/toolchains/gnu_arm/12.2.rel1_2023.7/bin/../lib/gcc/arm-none-eabi/12.2.1/thumb/v8-m.main+fp/hard/libgcc.a(_dvmd_tls.o)
                0x0000000008003bf8                __aeabi_ldiv0
                0x0000000008003bf8                __aeabi_idiv0
 .text.exit     0x0000000008003bfc       0x24 /home/abarnika/Downloads/SimplicityStudio_v5/developer/toolchains/gnu_arm/12.2.rel1_2023.7/bin/../lib/gcc/arm-none-eabi/12.2.1/../../../../arm-none-eabi/lib/thumb/v8-m.main+fp/hard/libc_nano.a(libc_a-exit.o)
                0x0000000008003bfc                exit
 .text.__libc_init_array
                0x0000000008003c20       0x48 /home/abarnika/Downloads/SimplicityStudio_v5/developer/toolchains/gnu_arm/12.2.rel1_2023.7/bin/../lib/gcc/arm-none-eabi/12.2.1/../../../../arm-none-eabi/lib/thumb/v8-m.main+fp/hard/libc_nano.a(libc_a-init.o)
                0x0000000008003c20                __libc_init_array
 .text.GC9A01_set_frame
                0x0000000008003c68       0x52 ./ABC_tft_lcd/GC9A01.o
                0x0000000008003c68                GC9A01_set_frame
 .text.GC9A01_drawPixel
                0x0000000008003cba       0x3e ./ABC_tft_lcd/GC9A01.o
                0x0000000008003cba                GC9A01_drawPixel
 .text.GC9A01_DrawImage
                0x0000000008003cf8       0x52 ./ABC_tft_lcd/GC9A01.o
                0x0000000008003cf8                GC9A01_DrawImage
 .text.LCD_PowerEnable
                0x0000000008003d4a        0xc ./app.o
                0x0000000008003d4a                LCD_PowerEnable
 .text.startup.main
                0x0000000008003d56       0x14 ./main.o
                0x0000000008003d56                main
 .text.sl_board_default_init
                0x0000000008003d6a        0x2 ./autogen/sl_board_default_init.o
                0x0000000008003d6a                sl_board_default_init
 .text.sl_platform_init
                0x0000000008003d6c       0x26 ./autogen/sl_event_handler.o
                0x0000000008003d6c                sl_platform_init
 .text.sl_driver_init
                0x0000000008003d92        0x4 ./autogen/sl_event_handler.o
                0x0000000008003d92                sl_driver_init
 .text.sl_service_init
                0x0000000008003d96        0xe ./autogen/sl_event_handler.o
                0x0000000008003d96                sl_service_init
 .text.sl_stack_init
                0x0000000008003da4        0x2 ./autogen/sl_event_handler.o
                0x0000000008003da4                sl_stack_init
 .text.sl_internal_app_init
                0x0000000008003da6        0x2 ./autogen/sl_event_handler.o
                0x0000000008003da6                sl_internal_app_init
 .text.sl_platform_process_action
                0x0000000008003da8        0x2 ./autogen/sl_event_handler.o
                0x0000000008003da8                sl_platform_process_action
 .text.sl_service_process_action
                0x0000000008003daa        0x2 ./autogen/sl_event_handler.o
                0x0000000008003daa                sl_service_process_action
 .text.sl_stack_process_action
                0x0000000008003dac        0x2 ./autogen/sl_event_handler.o
                0x0000000008003dac                sl_stack_process_action
 .text.sl_internal_app_process_action
                0x0000000008003dae        0x2 ./autogen/sl_event_handler.o
                0x0000000008003dae                sl_internal_app_process_action
 .text.sl_board_configure_vcom
                0x0000000008003db0        0x4 ./gecko_sdk_4.4.6/hardware/board/src/sl_board_control_gpio.o
                0x0000000008003db0                sl_board_configure_vcom
 .text.sl_board_init
                0x0000000008003db4       0x12 ./gecko_sdk_4.4.6/hardware/board/src/sl_board_init.o
                0x0000000008003db4                sl_board_init
 .text.sl_board_preinit
                0x0000000008003dc6        0x8 ./gecko_sdk_4.4.6/hardware/board/src/sl_board_init.o
                0x0000000008003dc6                sl_board_preinit
 .text.Default_Handler
                0x0000000008003dce        0x2 ./gecko_sdk_4.4.6/platform/Device/SiliconLabs/EFR32ZG28/Source/startup_efr32zg28.o
                0x0000000008003dce                ULFRCO_IRQHandler
                0x0000000008003dce                AHB2AHB1_IRQHandler
                0x0000000008003dce                SW2_IRQHandler
                0x0000000008003dce                TIMER2_IRQHandler
                0x0000000008003dce                DebugMon_Handler
                0x0000000008003dce                USART0_TX_IRQHandler
                0x0000000008003dce                IADC_IRQHandler
                0x0000000008003dce                EUSART0_TX_IRQHandler
                0x0000000008003dce                I2C0_IRQHandler
                0x0000000008003dce                LFXO_IRQHandler
                0x0000000008003dce                HardFault_Handler
                0x0000000008003dce                SMU_SECURE_IRQHandler
                0x0000000008003dce                SysTick_Handler
                0x0000000008003dce                SYSRTC_SEQ_IRQHandler
                0x0000000008003dce                EMUEFP_IRQHandler
                0x0000000008003dce                EUSART2_TX_IRQHandler
                0x0000000008003dce                PendSV_Handler
                0x0000000008003dce                NMI_Handler
                0x0000000008003dce                SYNTH_IRQHandler
                0x0000000008003dce                HOSTMAILBOX_IRQHandler
                0x0000000008003dce                HFXO0_IRQHandler
                0x0000000008003dce                I2C1_IRQHandler
                0x0000000008003dce                WDOG0_IRQHandler
                0x0000000008003dce                TIMER3_IRQHandler
                0x0000000008003dce                SYSCFG_IRQHandler
                0x0000000008003dce                RFECA1_IRQHandler
                0x0000000008003dce                EMUDG_IRQHandler
                0x0000000008003dce                MSC_IRQHandler
                0x0000000008003dce                DPLL0_IRQHandler
                0x0000000008003dce                UsageFault_Handler
                0x0000000008003dce                WDOG1_IRQHandler
                0x0000000008003dce                M33CTI1_IRQHandler
                0x0000000008003dce                TIMER4_IRQHandler
                0x0000000008003dce                GPIO_EVEN_IRQHandler
                0x0000000008003dce                VDAC0_IRQHandler
                0x0000000008003dce                SEMBTX_IRQHandler
                0x0000000008003dce                SW0_IRQHandler
                0x0000000008003dce                TIMER0_IRQHandler
                0x0000000008003dce                LCD_IRQHandler
                0x0000000008003dce                MVP_IRQHandler
                0x0000000008003dce                LETIMER0_IRQHandler
                0x0000000008003dce                EUSART1_RX_IRQHandler
                0x0000000008003dce                TIMER1_IRQHandler
                0x0000000008003dce                HFRCO0_IRQHandler
                0x0000000008003dce                SecureFault_Handler
                0x0000000008003dce                BUFC_IRQHandler
                0x0000000008003dce                DCDC_IRQHandler
                0x0000000008003dce                MODEM_IRQHandler
                0x0000000008003dce                Default_Handler
                0x0000000008003dce                RAC_SEQ_IRQHandler
                0x0000000008003dce                FRC_PRI_IRQHandler
                0x0000000008003dce                EMU_IRQHandler
                0x0000000008003dce                SW3_IRQHandler
                0x0000000008003dce                KERNEL0_IRQHandler
                0x0000000008003dce                FRC_IRQHandler
                0x0000000008003dce                PCNT0_IRQHandler
                0x0000000008003dce                KERNEL1_IRQHandler
                0x0000000008003dce                AGC_IRQHandler
                0x0000000008003dce                EUSART1_TX_IRQHandler
                0x0000000008003dce                KEYSCAN_IRQHandler
                0x0000000008003dce                sl_app_properties
                0x0000000008003dce                HFRCOEM23_IRQHandler
                0x0000000008003dce                BURTC_IRQHandler
                0x0000000008003dce                SEMBRX_IRQHandler
                0x0000000008003dce                RFECA0_IRQHandler
                0x0000000008003dce                LFRCO_IRQHandler
                0x0000000008003dce                ACMP0_IRQHandler
                0x0000000008003dce                USART0_RX_IRQHandler
                0x0000000008003dce                MemManage_Handler
                0x0000000008003dce                AHB2AHB0_IRQHandler
                0x0000000008003dce                SVC_Handler
                0x0000000008003dce                EUSART2_RX_IRQHandler
                0x0000000008003dce                SMU_S_PRIVILEGED_IRQHandler
                0x0000000008003dce                SW1_IRQHandler
                0x0000000008003dce                CMU_IRQHandler
                0x0000000008003dce                EUSART0_RX_IRQHandler
                0x0000000008003dce                RAC_RSM_IRQHandler
                0x0000000008003dce                SETAMPERHOST_IRQHandler
                0x0000000008003dce                GPIO_ODD_IRQHandler
                0x0000000008003dce                LESENSE_IRQHandler
                0x0000000008003dce                AES_IRQHandler
                0x0000000008003dce                M33CTI0_IRQHandler
                0x0000000008003dce                ICACHE0_IRQHandler
                0x0000000008003dce                SMU_NS_PRIVILEGED_IRQHandler
                0x0000000008003dce                FPUEXH_IRQHandler
                0x0000000008003dce                PROTIMER_IRQHandler
                0x0000000008003dce                ACMP1_IRQHandler
                0x0000000008003dce                BusFault_Handler
                0x0000000008003dce                MPAHBRAM_IRQHandler
 .text.FlashToRamCopy
                0x0000000008003dd0       0x16 ./gecko_sdk_4.4.6/platform/Device/SiliconLabs/EFR32ZG28/Source/system_efr32zg28.o
                0x0000000008003dd0                FlashToRamCopy
 .text.SystemCLKIN0Get
                0x0000000008003de6        0x4 ./gecko_sdk_4.4.6/platform/Device/SiliconLabs/EFR32ZG28/Source/system_efr32zg28.o
                0x0000000008003de6                SystemCLKIN0Get
 .text.SystemLFRCOClockGet
                0x0000000008003dea        0x6 ./gecko_sdk_4.4.6/platform/Device/SiliconLabs/EFR32ZG28/Source/system_efr32zg28.o
                0x0000000008003dea                SystemLFRCOClockGet
 .text.SystemULFRCOClockGet
                0x0000000008003df0        0x6 ./gecko_sdk_4.4.6/platform/Device/SiliconLabs/EFR32ZG28/Source/system_efr32zg28.o
                0x0000000008003df0                SystemULFRCOClockGet
 .text.assertEFM
                0x0000000008003df6        0x2 ./gecko_sdk_4.4.6/platform/common/src/sl_assert.o
                0x0000000008003df6                assertEFM
 .text._exit    0x0000000008003df8        0x2 ./gecko_sdk_4.4.6/platform/common/src/sl_syscalls.o
                0x0000000008003df8                _exit
 .text.DMADRV_MemoryPeripheral
                0x0000000008003dfa       0x34 ./gecko_sdk_4.4.6/platform/emdrv/dmadrv/src/dmadrv.o
                0x0000000008003dfa                DMADRV_MemoryPeripheral
 .text.DMADRV_PeripheralMemory
                0x0000000008003e2e       0x34 ./gecko_sdk_4.4.6/platform/emdrv/dmadrv/src/dmadrv.o
                0x0000000008003e2e                DMADRV_PeripheralMemory
 .text.BlockingComplete
                0x0000000008003e62        0xa ./gecko_sdk_4.4.6/platform/emdrv/spidrv/src/spidrv.o
 .text.ConfigGPIO
                0x0000000008003e6c       0xd4 ./gecko_sdk_4.4.6/platform/emdrv/spidrv/src/spidrv.o
 .text.clearEusartFifos
                0x0000000008003f40       0x16 ./gecko_sdk_4.4.6/platform/emdrv/spidrv/src/spidrv.o
 .text.WaitForTransferCompletion
                0x0000000008003f56       0x24 ./gecko_sdk_4.4.6/platform/emdrv/spidrv/src/spidrv.o
 .text.BUS_RegMaskedWrite
                0x0000000008003f7a       0x1e ./gecko_sdk_4.4.6/platform/emlib/src/em_cmu.o
 .text.waitStateMax
                0x0000000008003f98       0x10 ./gecko_sdk_4.4.6/platform/emlib/src/em_cmu.o
 .text.CMU_UpdateWaitStates
                0x0000000008003fa8        0xc ./gecko_sdk_4.4.6/platform/emlib/src/em_cmu.o
                0x0000000008003fa8                CMU_UpdateWaitStates
 .text.pclkDivMax
                0x0000000008003fb4        0xa ./gecko_sdk_4.4.6/platform/emlib/src/em_cmu.o
 .text.sli_em_cmu_SYSCLKInitPostClockSelect
                0x0000000008003fbe       0x2a ./gecko_sdk_4.4.6/platform/emlib/src/em_cmu.o
                0x0000000008003fbe                sli_em_cmu_SYSCLKInitPostClockSelect
 .text.CORE_EnterCritical
                0x0000000008003fe8        0x8 ./gecko_sdk_4.4.6/platform/emlib/src/em_core.o
                0x0000000008003fe8                CORE_EnterCritical
 .text.CORE_ExitCritical
                0x0000000008003ff0        0x6 ./gecko_sdk_4.4.6/platform/emlib/src/em_core.o
                0x0000000008003ff0                CORE_ExitCritical
 .text.CORE_EnterAtomic
                0x0000000008003ff6        0xc ./gecko_sdk_4.4.6/platform/emlib/src/em_core.o
                0x0000000008003ff6                CORE_EnterAtomic
 .text.CORE_ExitAtomic
                0x0000000008004002        0x6 ./gecko_sdk_4.4.6/platform/emlib/src/em_core.o
                0x0000000008004002                CORE_ExitAtomic
 .text.EMU_EFPEM01VScale
                0x0000000008004008        0x2 ./gecko_sdk_4.4.6/platform/emlib/src/em_emu.o
                0x0000000008004008                EMU_EFPEM01VScale
 .text.EMU_DCDCUpdatedHook
                0x000000000800400a        0x2 ./gecko_sdk_4.4.6/platform/emlib/src/em_emu.o
                0x000000000800400a                EMU_DCDCUpdatedHook
 .text.eusart_sync
                0x000000000800400c        0x8 ./gecko_sdk_4.4.6/platform/emlib/src/em_eusart.o
 .text.EUSART_Disable
                0x0000000008004014       0x34 ./gecko_sdk_4.4.6/platform/emlib/src/em_eusart.o
 .text.BUS_RegMaskedWrite
                0x0000000008004048       0x1e ./gecko_sdk_4.4.6/platform/emlib/src/em_gpio.o
 .text.delay_callback
                0x0000000008004066        0x6 ./gecko_sdk_4.4.6/platform/service/sleeptimer/src/sl_sleeptimer.o
 .text.sl_sleeptimer_start_timer
                0x000000000800406c       0x48 ./gecko_sdk_4.4.6/platform/service/sleeptimer/src/sl_sleeptimer.o
                0x000000000800406c                sl_sleeptimer_start_timer
 .text.sleeptimer_hal_get_compare
                0x00000000080040b4        0x8 ./gecko_sdk_4.4.6/platform/service/sleeptimer/src/sl_sleeptimer_hal_sysrtc.o
                0x00000000080040b4                sleeptimer_hal_get_compare
 .text.sleeptimer_hal_enable_int
                0x00000000080040bc       0x12 ./gecko_sdk_4.4.6/platform/service/sleeptimer/src/sl_sleeptimer_hal_sysrtc.o
                0x00000000080040bc                sleeptimer_hal_enable_int
 .text.SYSRTC_APP_IRQHandler
                0x00000000080040ce       0x34 ./gecko_sdk_4.4.6/platform/service/sleeptimer/src/sl_sleeptimer_hal_sysrtc.o
                0x00000000080040ce                SYSRTC_APP_IRQHandler
 .text.sleeptimer_hal_get_timer_frequency
                0x0000000008004102        0x6 ./gecko_sdk_4.4.6/platform/service/sleeptimer/src/sl_sleeptimer_hal_sysrtc.o
                0x0000000008004102                sleeptimer_hal_get_timer_frequency
 .text.sl_system_init
                0x0000000008004108       0x1a ./gecko_sdk_4.4.6/platform/service/system/src/sl_system_init.o
                0x0000000008004108                sl_system_init
 .text.sl_system_process_action
                0x0000000008004122       0x16 ./gecko_sdk_4.4.6/platform/service/system/src/sl_system_process_action.o
                0x0000000008004122                sl_system_process_action
 .text.memset   0x0000000008004138       0x10 /home/abarnika/Downloads/SimplicityStudio_v5/developer/toolchains/gnu_arm/12.2.rel1_2023.7/bin/../lib/gcc/arm-none-eabi/12.2.1/../../../../arm-none-eabi/lib/thumb/v8-m.main+fp/hard/libc_nano.a(libc_a-memset.o)
                0x0000000008004138                memset
                0x0000000008004160                . = ALIGN (0x20)
 *fill*         0x0000000008004148       0x18 
                0x0000000008004160                linker_code_end = .
 *(.init)
 .init          0x0000000008004160        0x4 /home/abarnika/Downloads/SimplicityStudio_v5/developer/toolchains/gnu_arm/12.2.rel1_2023.7/bin/../lib/gcc/arm-none-eabi/12.2.1/thumb/v8-m.main+fp/hard/crti.o
                0x0000000008004160                _init
 .init          0x0000000008004164        0x8 /home/abarnika/Downloads/SimplicityStudio_v5/developer/toolchains/gnu_arm/12.2.rel1_2023.7/bin/../lib/gcc/arm-none-eabi/12.2.1/thumb/v8-m.main+fp/hard/crtn.o
 *(.fini)
 .fini          0x000000000800416c        0x4 /home/abarnika/Downloads/SimplicityStudio_v5/developer/toolchains/gnu_arm/12.2.rel1_2023.7/bin/../lib/gcc/arm-none-eabi/12.2.1/thumb/v8-m.main+fp/hard/crti.o
                0x000000000800416c                _fini
 .fini          0x0000000008004170        0x8 /home/abarnika/Downloads/SimplicityStudio_v5/developer/toolchains/gnu_arm/12.2.rel1_2023.7/bin/../lib/gcc/arm-none-eabi/12.2.1/thumb/v8-m.main+fp/hard/crtn.o
 *crtbegin.o(.ctors)
 *crtbegin?.o(.ctors)
 *(EXCLUDE_FILE(*crtend.o *crtend?.o) .ctors)
 *(SORT_BY_NAME(.ctors.*))
 *(.ctors)
 *crtbegin.o(.dtors)
 *crtbegin?.o(.dtors)
 *(EXCLUDE_FILE(*crtend.o *crtend?.o) .dtors)
 *(SORT_BY_NAME(.dtors.*))
 *(.dtors)
                0x0000000008004178                __code_classification_validator_start__ = .
                0x0000000008004198                . = (. + 0x20)
 *fill*         0x0000000008004178       0x20 
 *(code_classification_validator)
                0x00000000080041a0                . = ALIGN (0x20)
 *fill*         0x0000000008004198        0x8 
                0x00000000080041a0                __code_classification_validator_end__ = .
 *(.rodata*)
 .rodata.GPIO_PinOutClear.str1.1
                0x00000000080041a0       0x4d ./ABC_tft_lcd/GC9A01.o
 *fill*         0x00000000080041ed        0x1 
 .rodata.CSWTCH.11
                0x00000000080041ee        0x8 ./ABC_tft_lcd/GC9A01.o
 .rodata        0x00000000080041f6       0x5f ./ABC_tft_lcd/GC9A01.o
 .rodata.GPIO_PinOutSet.str1.1
                0x0000000008004255       0x4d ./app.o
 .rodata.app_init.str1.1
                0x0000000008004255        0x6 ./app.o
 *fill*         0x000000000800425b        0x1 
 .rodata.CSWTCH.21
                0x000000000800425c        0x8 ./app.o
 .rodata.glyph_5x7
                0x0000000008004264       0x50 ./app.o
 .rodata.GC9A01_logo
                0x00000000080042b4    0x1c200 ./app.o
 .rodata.font32x48
                0x00000000080204b4      0x840 ./app.o
 .rodata        0x0000000008020cf4        0x4 ./gecko_sdk_4.4.6/platform/emdrv/dmadrv/src/dmadrv.o
 .rodata.RxDMAComplete.str1.1
                0x0000000008020cf8       0x52 ./gecko_sdk_4.4.6/platform/emdrv/spidrv/src/spidrv.o
 *fill*         0x0000000008020d4a        0x2 
 .rodata        0x0000000008020d4c       0x50 ./gecko_sdk_4.4.6/platform/emdrv/spidrv/src/spidrv.o
 .rodata.HFRCODPLLDevinfoGet.str1.1
                0x0000000008020d9c       0x4b ./gecko_sdk_4.4.6/platform/emlib/src/em_cmu.o
 .rodata.CORE_NvicMaskSetIRQ.str1.1
                0x0000000008020de7       0x4c ./gecko_sdk_4.4.6/platform/emlib/src/em_core.o
 .rodata.EMU_VScaleEM01.str1.1
                0x0000000008020e33       0x4b ./gecko_sdk_4.4.6/platform/emlib/src/em_emu.o
 .rodata.EUSART_Enable.str1.1
                0x0000000008020e7e       0x4e ./gecko_sdk_4.4.6/platform/emlib/src/em_eusart.o
 .rodata.GPIO_PinOutSet.str1.1
                0x0000000008020ecc       0x4d ./gecko_sdk_4.4.6/platform/emlib/src/em_gpio.o
 .rodata.GPIO_ExtIntConfig.str1.1
                0x0000000008020ecc       0x4c ./gecko_sdk_4.4.6/platform/emlib/src/em_gpio.o
 .rodata.CSWTCH.31
                0x0000000008020f18        0x8 ./gecko_sdk_4.4.6/platform/emlib/src/em_gpio.o
 .rodata.LDMA_EnableChannelRequest.str1.1
                0x0000000008020f20       0x98 ./gecko_sdk_4.4.6/platform/emlib/src/em_ldma.o
 .rodata.USART_BaudrateAsyncSet.str1.1
                0x0000000008020fb8       0x4d ./gecko_sdk_4.4.6/platform/emlib/src/em_usart.o
 .rodata.sl_hal_sysrtc_init_group.str1.1
                0x0000000008021005       0x5b ./gecko_sdk_4.4.6/platform/peripheral/src/peripheral_sysrtc.o
 .rodata        0x0000000008021060        0x7 ./gecko_sdk_4.4.6/platform/service/device_init/src/sl_device_init_dcdc_s2.o
 *fill*         0x0000000008021067        0x1 
 .rodata        0x0000000008021068       0x28 ./gecko_sdk_4.4.6/platform/service/device_init/src/sl_device_init_hfxo_s2.o
 .rodata        0x0000000008021090       0x14 ./gecko_sdk_4.4.6/platform/service/device_init/src/sl_device_init_lfxo_s2.o
 .rodata.process_timer_irq.str1.1
                0x00000000080210a4       0x5f ./gecko_sdk_4.4.6/platform/service/sleeptimer/src/sl_sleeptimer.o
 *(.eh_frame*)
 *fill*         0x0000000008021103        0x1 
 .eh_frame      0x0000000008021104        0x0 /home/abarnika/Downloads/SimplicityStudio_v5/developer/toolchains/gnu_arm/12.2.rel1_2023.7/bin/../lib/gcc/arm-none-eabi/12.2.1/thumb/v8-m.main+fp/hard/crtbegin.o

.glue_7         0x0000000008021104        0x0
 .glue_7        0x0000000008021104        0x0 linker stubs

.glue_7t        0x0000000008021104        0x0
 .glue_7t       0x0000000008021104        0x0 linker stubs

.vfp11_veneer   0x0000000008021104        0x0
 .vfp11_veneer  0x0000000008021104        0x0 linker stubs

.v4_bx          0x0000000008021104        0x0
 .v4_bx         0x0000000008021104        0x0 linker stubs

.iplt           0x0000000008021104        0x0
 .iplt          0x0000000008021104        0x0 /home/abarnika/Downloads/SimplicityStudio_v5/developer/toolchains/gnu_arm/12.2.rel1_2023.7/bin/../lib/gcc/arm-none-eabi/12.2.1/thumb/v8-m.main+fp/hard/crtbegin.o

.ARM.extab
 *(.ARM.extab* .gnu.linkonce.armextab.*)
                0x0000000008021104                __exidx_start = .

.ARM.exidx      0x0000000008021104        0x8
 *(.ARM.exidx* .gnu.linkonce.armexidx.*)
 .ARM.exidx     0x0000000008021104        0x8 /home/abarnika/Downloads/SimplicityStudio_v5/developer/toolchains/gnu_arm/12.2.rel1_2023.7/bin/../lib/gcc/arm-none-eabi/12.2.1/../../../../arm-none-eabi/lib/thumb/v8-m.main+fp/hard/crt0.o
                                         0x10 (size before relaxing)
 .ARM.exidx.text.__udivmoddi4
                0x000000000802110c        0x0 /home/abarnika/Downloads/SimplicityStudio_v5/developer/toolchains/gnu_arm/12.2.rel1_2023.7/bin/../lib/gcc/arm-none-eabi/12.2.1/thumb/v8-m.main+fp/hard/libgcc.a(_udivmoddi4.o)
                                          0x8 (size before relaxing)
                0x000000000802110c                __exidx_end = .

.rel.dyn        0x000000000802110c        0x0
 .rel.iplt      0x000000000802110c        0x0 /home/abarnika/Downloads/SimplicityStudio_v5/developer/toolchains/gnu_arm/12.2.rel1_2023.7/bin/../lib/gcc/arm-none-eabi/12.2.1/thumb/v8-m.main+fp/hard/crtbegin.o

.copy.table     0x000000000802110c        0xc
                0x000000000802110c                . = ALIGN (0x4)
                0x000000000802110c                __copy_table_start__ = .
                0x000000000802110c        0x4 LONG 0x8021118 __etext
                0x0000000008021110        0x4 LONG 0x20001000 __data_start__
                0x0000000008021114        0x4 LONG 0x11 ((__data_end__ - __data_start__) / 0x4)
                0x0000000008021118                __copy_table_end__ = .

.zero.table     0x0000000008021118        0x0
                0x0000000008021118                . = ALIGN (0x4)
                0x0000000008021118                __zero_table_start__ = .
                0x0000000008021118                __zero_table_end__ = .
                0x0000000008021118                __etext = .
                0x0000000020000000                . = ORIGIN (RAM)

.stack          0x0000000020000000     0x1000
                0x0000000020000000                __StackLimit = .
 *(.stack*)
 .stack         0x0000000020000000     0x1000 ./gecko_sdk_4.4.6/platform/common/toolchain/src/sl_memory.o
                0x0000000020001000                . = ALIGN (0x4)
                0x0000000020001000                __StackTop = .
                0x0000000020001000                PROVIDE (__stack = __StackTop)

.noinit
 *(.noinit*)

.data           0x0000000020001000       0x44 load address 0x0000000008021118
                0x0000000020001000                . = ALIGN (0x4)
                0x0000000020001000                __data_start__ = .
 *(vtable)
 *(SORT_BY_ALIGNMENT(.data*))
 .data.sl_spidrv_usart_init_mikroe
                0x0000000020001000       0x20 ./autogen/sl_spidrv_init.o
                0x0000000020001000                sl_spidrv_usart_init_mikroe
 .data.sl_spidrv_usart_mikroe_handle
                0x0000000020001020        0x4 ./autogen/sl_spidrv_init.o
                0x0000000020001020                sl_spidrv_usart_mikroe_handle
 .data.SystemCoreClock
                0x0000000020001024        0x4 ./gecko_sdk_4.4.6/platform/Device/SiliconLabs/EFR32ZG28/Source/system_efr32zg28.o
                0x0000000020001024                SystemCoreClock
 .data.SystemHFRCODPLLClock
                0x0000000020001028        0x4 ./gecko_sdk_4.4.6/platform/Device/SiliconLabs/EFR32ZG28/Source/system_efr32zg28.o
 .data.SystemLFXOClock
                0x000000002000102c        0x4 ./gecko_sdk_4.4.6/platform/Device/SiliconLabs/EFR32ZG28/Source/system_efr32zg28.o
 .data.SystemHFXOClock
                0x0000000020001030        0x4 ./gecko_sdk_4.4.6/platform/Device/SiliconLabs/EFR32ZG28/Source/system_efr32zg28.o
 .data.hfxo_precision
                0x0000000020001034        0x2 ./gecko_sdk_4.4.6/platform/emlib/src/em_cmu.o
 .data.lfxo_precision
                0x0000000020001036        0x2 ./gecko_sdk_4.4.6/platform/emlib/src/em_cmu.o
 .data.ctuneDelta
                0x0000000020001038        0x1 ./gecko_sdk_4.4.6/platform/emlib/src/em_cmu.o
 .data.cc_disabled
                0x0000000020001039        0x1 ./gecko_sdk_4.4.6/platform/service/sleeptimer/src/sl_sleeptimer_hal_sysrtc.o
                0x000000002000103c                . = ALIGN (0x4)
 *fill*         0x000000002000103a        0x2 
                [!provide]                        PROVIDE (__ram_func_section_start = .)
 *(.ram)
                [!provide]                        PROVIDE (__ram_func_section_end = .)
                0x000000002000103c                . = ALIGN (0x4)
                0x000000002000103c                PROVIDE (__preinit_array_start = .)
 *(.preinit_array)
                0x000000002000103c                PROVIDE (__preinit_array_end = .)
                0x000000002000103c                . = ALIGN (0x4)
                0x000000002000103c                PROVIDE (__init_array_start = .)
 *(SORT_BY_NAME(.init_array.*))
 *(.init_array)
 .init_array    0x000000002000103c        0x4 /home/abarnika/Downloads/SimplicityStudio_v5/developer/toolchains/gnu_arm/12.2.rel1_2023.7/bin/../lib/gcc/arm-none-eabi/12.2.1/thumb/v8-m.main+fp/hard/crtbegin.o
                0x0000000020001040                PROVIDE (__init_array_end = .)
                0x0000000020001040                . = ALIGN (0x4)
                [!provide]                        PROVIDE (__fini_array_start = .)
 *(SORT_BY_NAME(.fini_array.*))
 *(.fini_array)
 .fini_array    0x0000000020001040        0x4 /home/abarnika/Downloads/SimplicityStudio_v5/developer/toolchains/gnu_arm/12.2.rel1_2023.7/bin/../lib/gcc/arm-none-eabi/12.2.1/thumb/v8-m.main+fp/hard/crtbegin.o
                [!provide]                        PROVIDE (__fini_array_end = .)
                0x0000000020001044                . = ALIGN (0x4)
                0x0000000020001044                __data_end__ = .

.tm_clone_table
                0x0000000020001044        0x0 load address 0x000000000802115c
 .tm_clone_table
                0x0000000020001044        0x0 /home/abarnika/Downloads/SimplicityStudio_v5/developer/toolchains/gnu_arm/12.2.rel1_2023.7/bin/../lib/gcc/arm-none-eabi/12.2.1/thumb/v8-m.main+fp/hard/crtbegin.o
 .tm_clone_table
                0x0000000020001044        0x0 /home/abarnika/Downloads/SimplicityStudio_v5/developer/toolchains/gnu_arm/12.2.rel1_2023.7/bin/../lib/gcc/arm-none-eabi/12.2.1/thumb/v8-m.main+fp/hard/crtend.o

.igot.plt       0x0000000020001044        0x0 load address 0x000000000802115c
 .igot.plt      0x0000000020001044        0x0 /home/abarnika/Downloads/SimplicityStudio_v5/developer/toolchains/gnu_arm/12.2.rel1_2023.7/bin/../lib/gcc/arm-none-eabi/12.2.1/thumb/v8-m.main+fp/hard/crtbegin.o

.bss            0x0000000020001044      0x23c load address 0x000000000802115c
                0x0000000020001044                . = ALIGN (0x4)
                0x0000000020001044                __bss_start__ = .
 *(SORT_BY_ALIGNMENT(.bss*))
 .bss.object.0  0x0000000020001044       0x18 /home/abarnika/Downloads/SimplicityStudio_v5/developer/toolchains/gnu_arm/12.2.rel1_2023.7/bin/../lib/gcc/arm-none-eabi/12.2.1/thumb/v8-m.main+fp/hard/crtbegin.o
 .bss.sl_spidrv_usart_mikroe_handle_data
                0x000000002000105c       0x84 ./autogen/sl_spidrv_init.o
                0x000000002000105c                sl_spidrv_usart_mikroe_handle_data
 .bss.dmaXfer   0x00000000200010e0      0x100 ./gecko_sdk_4.4.6/platform/emdrv/dmadrv/src/dmadrv.o
 .bss.chTable   0x00000000200011e0       0x80 ./gecko_sdk_4.4.6/platform/emdrv/dmadrv/src/dmadrv.o
 .bss.max_millisecond_conversion
                0x0000000020001260        0x4 ./gecko_sdk_4.4.6/platform/service/sleeptimer/src/sl_sleeptimer.o
 .bss.last_delta_update_count
                0x0000000020001264        0x4 ./gecko_sdk_4.4.6/platform/service/sleeptimer/src/sl_sleeptimer.o
 .bss.timer_head
                0x0000000020001268        0x4 ./gecko_sdk_4.4.6/platform/service/sleeptimer/src/sl_sleeptimer.o
 .bss.timer_frequency
                0x000000002000126c        0x4 ./gecko_sdk_4.4.6/platform/service/sleeptimer/src/sl_sleeptimer.o
 .bss.__stdio_exit_handler
                0x0000000020001270        0x4 /home/abarnika/Downloads/SimplicityStudio_v5/developer/toolchains/gnu_arm/12.2.rel1_2023.7/bin/../lib/gcc/arm-none-eabi/12.2.1/../../../../arm-none-eabi/lib/thumb/v8-m.main+fp/hard/libc_nano.a(libc_a-findfp.o)
                0x0000000020001270                __stdio_exit_handler
 .bss.overflow_counter
                0x0000000020001274        0x2 ./gecko_sdk_4.4.6/platform/service/sleeptimer/src/sl_sleeptimer.o
 .bss.completed.1
                0x0000000020001276        0x1 /home/abarnika/Downloads/SimplicityStudio_v5/developer/toolchains/gnu_arm/12.2.rel1_2023.7/bin/../lib/gcc/arm-none-eabi/12.2.1/thumb/v8-m.main+fp/hard/crtbegin.o
 .bss.count.0   0x0000000020001277        0x1 ./app.o
 .bss.initialized
                0x0000000020001278        0x1 ./gecko_sdk_4.4.6/platform/emdrv/dmadrv/src/dmadrv.o
 .bss.spidrvIsInitialized
                0x0000000020001279        0x1 ./gecko_sdk_4.4.6/platform/emdrv/spidrv/src/spidrv.o
 .bss.vScaleEM01Config
                0x000000002000127a        0x1 ./gecko_sdk_4.4.6/platform/emlib/src/em_emu.o
 .bss.sleep_on_isr_exit
                0x000000002000127b        0x1 ./gecko_sdk_4.4.6/platform/service/sleeptimer/src/sl_sleeptimer.o
 .bss.next_timer_to_expire_is_power_manager
                0x000000002000127c        0x1 ./gecko_sdk_4.4.6/platform/service/sleeptimer/src/sl_sleeptimer.o
 .bss.is_sleeptimer_initialized
                0x000000002000127d        0x1 ./gecko_sdk_4.4.6/platform/service/sleeptimer/src/sl_sleeptimer.o
 *(COMMON)
                0x0000000020001280                . = ALIGN (0x4)
 *fill*         0x000000002000127e        0x2 
                0x0000000020001280                __bss_end__ = .
                0x0000000020001280                __ramfuncs_start__ = .
                0x0000000020001280                __vma_ramfuncs_start__ = .
                0x000000000802115c                __lma_ramfuncs_start__ = (__etext + SIZEOF (.data))
                0x0000000000000000                __text_application_ram_offset__ = (. - __vma_ramfuncs_start__)

text_application_ram
                0x0000000020001280        0x0 load address 0x000000000802115c
                0x0000000020001280                . = ALIGN (0x4)
                0x0000000020001280                __text_application_ram_start__ = .
 *(text_application_ram)
                0x0000000020001280                . = ALIGN (0x4)
                0x0000000020001280                __text_application_ram_end__ = .
                0x0000000020001280                . = ALIGN (0x4)
                0x0000000020001280                __vma_ramfuncs_end__ = .
                0x000000000802115c                __lma_ramfuncs_end__ = ((__lma_ramfuncs_start__ + __text_application_ram_offset__) + SIZEOF (text_application_ram))
                0x0000000020001280                __ramfuncs_end__ = .

.heap           0x0000000020001280      0x800
                0x0000000020001280                __HeapBase = .
                0x0000000020001280                __end__ = .
                0x0000000020001280                end = __end__
                0x0000000020001280                _end = __end__
 *(.heap*)
 .heap          0x0000000020001280      0x800 ./gecko_sdk_4.4.6/platform/common/toolchain/src/sl_memory.o
                0x0000000020040000                __HeapLimit = (ORIGIN (RAM) + LENGTH (RAM))
                0x000000000003ed80                __heap_size = (__HeapLimit - __HeapBase)
                0x0000000020040000                __ram_end__ = 0x20040000
                0x00000000080fe000                __main_flash_end__ = 0x80fe000

.internal_storage
 *(.internal_storage*)

.nvm
 *(.simee*)
                0x00000000080fe000                linker_nvm_end = __main_flash_end__
                0x00000000080fe000                linker_nvm_begin = (linker_nvm_end - SIZEOF (.nvm))
                0x0000000000000000                linker_nvm_size = SIZEOF (.nvm)
                0x00000000080fe000                linker_storage_end = linker_nvm_begin
                0x00000000080fe000                __nvm3Base = linker_nvm_begin
                0x00000000080fe000                linker_storage_begin = (linker_storage_end - SIZEOF (.internal_storage))
                0x0000000000000000                linker_storage_size = SIZEOF (.internal_storage)
                0x0000000000000001                ASSERT ((linker_storage_begin >= (__etext + SIZEOF (.data))), FLASH memory overflowed !)
                0x00000000080fe000                app_flash_end = 0x80fe000
                0x0000000000000001                ASSERT (((linker_nvm_begin + SIZEOF (.nvm)) <= app_flash_end), NVM3 is excessing the flash size !)
OUTPUT(Zg28_lcd.axf elf32-littlearm)
LOAD linker stubs

.ARM.attributes
                0x0000000000000000       0x36
 .ARM.attributes
                0x0000000000000000       0x26 /home/abarnika/Downloads/SimplicityStudio_v5/developer/toolchains/gnu_arm/12.2.rel1_2023.7/bin/../lib/gcc/arm-none-eabi/12.2.1/thumb/v8-m.main+fp/hard/crti.o
 .ARM.attributes
                0x0000000000000026       0x38 /home/abarnika/Downloads/SimplicityStudio_v5/developer/toolchains/gnu_arm/12.2.rel1_2023.7/bin/../lib/gcc/arm-none-eabi/12.2.1/thumb/v8-m.main+fp/hard/crtbegin.o
 .ARM.attributes
                0x000000000000005e       0x24 /home/abarnika/Downloads/SimplicityStudio_v5/developer/toolchains/gnu_arm/12.2.rel1_2023.7/bin/../lib/gcc/arm-none-eabi/12.2.1/../../../../arm-none-eabi/lib/thumb/v8-m.main+fp/hard/crt0.o
 .ARM.attributes
                0x0000000000000082       0x3a ./ABC_tft_lcd/GC9A01.o
 .ARM.attributes
                0x00000000000000bc       0x3a ./app.o
 .ARM.attributes
                0x00000000000000f6       0x3a ./main.o
 .ARM.attributes
                0x0000000000000130       0x3a ./autogen/sl_board_default_init.o
 .ARM.attributes
                0x000000000000016a       0x3a ./autogen/sl_device_init_clocks.o
 .ARM.attributes
                0x00000000000001a4       0x3a ./autogen/sl_event_handler.o
 .ARM.attributes
                0x00000000000001de       0x3a ./autogen/sl_spidrv_init.o
 .ARM.attributes
                0x0000000000000218       0x3a ./gecko_sdk_4.4.6/hardware/board/src/sl_board_control_gpio.o
 .ARM.attributes
                0x0000000000000252       0x3a ./gecko_sdk_4.4.6/hardware/board/src/sl_board_init.o
 .ARM.attributes
                0x000000000000028c       0x3a ./gecko_sdk_4.4.6/platform/Device/SiliconLabs/EFR32ZG28/Source/startup_efr32zg28.o
 .ARM.attributes
                0x00000000000002c6       0x3a ./gecko_sdk_4.4.6/platform/Device/SiliconLabs/EFR32ZG28/Source/system_efr32zg28.o
 .ARM.attributes
                0x0000000000000300       0x3a ./gecko_sdk_4.4.6/platform/common/src/sl_assert.o
 .ARM.attributes
                0x000000000000033a       0x3a ./gecko_sdk_4.4.6/platform/common/src/sl_syscalls.o
 .ARM.attributes
                0x0000000000000374       0x3a ./gecko_sdk_4.4.6/platform/common/toolchain/src/sl_memory.o
 .ARM.attributes
                0x00000000000003ae       0x3a ./gecko_sdk_4.4.6/platform/emdrv/dmadrv/src/dmadrv.o
 .ARM.attributes
                0x00000000000003e8       0x3a ./gecko_sdk_4.4.6/platform/emdrv/spidrv/src/spidrv.o
 .ARM.attributes
                0x0000000000000422       0x3a ./gecko_sdk_4.4.6/platform/emlib/src/em_cmu.o
 .ARM.attributes
                0x000000000000045c       0x3a ./gecko_sdk_4.4.6/platform/emlib/src/em_core.o
 .ARM.attributes
                0x0000000000000496       0x3a ./gecko_sdk_4.4.6/platform/emlib/src/em_emu.o
 .ARM.attributes
                0x00000000000004d0       0x3a ./gecko_sdk_4.4.6/platform/emlib/src/em_eusart.o
 .ARM.attributes
                0x000000000000050a       0x3a ./gecko_sdk_4.4.6/platform/emlib/src/em_gpio.o
 .ARM.attributes
                0x0000000000000544       0x3a ./gecko_sdk_4.4.6/platform/emlib/src/em_ldma.o
 .ARM.attributes
                0x000000000000057e       0x3a ./gecko_sdk_4.4.6/platform/emlib/src/em_usart.o
 .ARM.attributes
                0x00000000000005b8       0x3a ./gecko_sdk_4.4.6/platform/peripheral/src/peripheral_sysrtc.o
 .ARM.attributes
                0x00000000000005f2       0x3a ./gecko_sdk_4.4.6/platform/service/device_init/src/sl_device_init_dcdc_s2.o
 .ARM.attributes
                0x000000000000062c       0x3a ./gecko_sdk_4.4.6/platform/service/device_init/src/sl_device_init_emu_s2.o
 .ARM.attributes
                0x0000000000000666       0x3a ./gecko_sdk_4.4.6/platform/service/device_init/src/sl_device_init_hfxo_s2.o
 .ARM.attributes
                0x00000000000006a0       0x3a ./gecko_sdk_4.4.6/platform/service/device_init/src/sl_device_init_lfxo_s2.o
 .ARM.attributes
                0x00000000000006da       0x3a ./gecko_sdk_4.4.6/platform/service/device_init/src/sl_device_init_nvic.o
 .ARM.attributes
                0x0000000000000714       0x3a ./gecko_sdk_4.4.6/platform/service/sleeptimer/src/sl_sleeptimer.o
 .ARM.attributes
                0x000000000000074e       0x3a ./gecko_sdk_4.4.6/platform/service/sleeptimer/src/sl_sleeptimer_hal_sysrtc.o
 .ARM.attributes
                0x0000000000000788       0x3a ./gecko_sdk_4.4.6/platform/service/system/src/sl_system_init.o
 .ARM.attributes
                0x00000000000007c2       0x3a ./gecko_sdk_4.4.6/platform/service/system/src/sl_system_process_action.o
 .ARM.attributes
                0x00000000000007fc       0x26 /home/abarnika/Downloads/SimplicityStudio_v5/developer/toolchains/gnu_arm/12.2.rel1_2023.7/bin/../lib/gcc/arm-none-eabi/12.2.1/thumb/v8-m.main+fp/hard/libgcc.a(_aeabi_uldivmod.o)
 .ARM.attributes
                0x0000000000000822       0x38 /home/abarnika/Downloads/SimplicityStudio_v5/developer/toolchains/gnu_arm/12.2.rel1_2023.7/bin/../lib/gcc/arm-none-eabi/12.2.1/thumb/v8-m.main+fp/hard/libgcc.a(_udivmoddi4.o)
 .ARM.attributes
                0x000000000000085a       0x26 /home/abarnika/Downloads/SimplicityStudio_v5/developer/toolchains/gnu_arm/12.2.rel1_2023.7/bin/../lib/gcc/arm-none-eabi/12.2.1/thumb/v8-m.main+fp/hard/libgcc.a(_dvmd_tls.o)
 .ARM.attributes
                0x0000000000000880       0x38 /home/abarnika/Downloads/SimplicityStudio_v5/developer/toolchains/gnu_arm/12.2.rel1_2023.7/bin/../lib/gcc/arm-none-eabi/12.2.1/../../../../arm-none-eabi/lib/thumb/v8-m.main+fp/hard/libc_nano.a(libc_a-exit.o)
 .ARM.attributes
                0x00000000000008b8       0x38 /home/abarnika/Downloads/SimplicityStudio_v5/developer/toolchains/gnu_arm/12.2.rel1_2023.7/bin/../lib/gcc/arm-none-eabi/12.2.1/../../../../arm-none-eabi/lib/thumb/v8-m.main+fp/hard/libc_nano.a(libc_a-init.o)
 .ARM.attributes
                0x00000000000008f0       0x38 /home/abarnika/Downloads/SimplicityStudio_v5/developer/toolchains/gnu_arm/12.2.rel1_2023.7/bin/../lib/gcc/arm-none-eabi/12.2.1/../../../../arm-none-eabi/lib/thumb/v8-m.main+fp/hard/libc_nano.a(libc_a-findfp.o)
 .ARM.attributes
                0x0000000000000928       0x38 /home/abarnika/Downloads/SimplicityStudio_v5/developer/toolchains/gnu_arm/12.2.rel1_2023.7/bin/../lib/gcc/arm-none-eabi/12.2.1/../../../../arm-none-eabi/lib/thumb/v8-m.main+fp/hard/libc_nano.a(libc_a-memset.o)
 .ARM.attributes
                0x0000000000000960       0x38 /home/abarnika/Downloads/SimplicityStudio_v5/developer/toolchains/gnu_arm/12.2.rel1_2023.7/bin/../lib/gcc/arm-none-eabi/12.2.1/thumb/v8-m.main+fp/hard/crtend.o
 .ARM.attributes
                0x0000000000000998       0x26 /home/abarnika/Downloads/SimplicityStudio_v5/developer/toolchains/gnu_arm/12.2.rel1_2023.7/bin/../lib/gcc/arm-none-eabi/12.2.1/thumb/v8-m.main+fp/hard/crtn.o

.comment        0x0000000000000000       0x45
 .comment       0x0000000000000000       0x45 ./ABC_tft_lcd/GC9A01.o
                                         0x46 (size before relaxing)
 .comment       0x0000000000000045       0x46 ./app.o
 .comment       0x0000000000000045       0x46 ./main.o
 .comment       0x0000000000000045       0x46 ./autogen/sl_board_default_init.o
 .comment       0x0000000000000045       0x46 ./autogen/sl_device_init_clocks.o
 .comment       0x0000000000000045       0x46 ./autogen/sl_event_handler.o
 .comment       0x0000000000000045       0x46 ./autogen/sl_spidrv_init.o
 .comment       0x0000000000000045       0x46 ./gecko_sdk_4.4.6/hardware/board/src/sl_board_control_gpio.o
 .comment       0x0000000000000045       0x46 ./gecko_sdk_4.4.6/hardware/board/src/sl_board_init.o
 .comment       0x0000000000000045       0x46 ./gecko_sdk_4.4.6/platform/Device/SiliconLabs/EFR32ZG28/Source/startup_efr32zg28.o
 .comment       0x0000000000000045       0x46 ./gecko_sdk_4.4.6/platform/Device/SiliconLabs/EFR32ZG28/Source/system_efr32zg28.o
 .comment       0x0000000000000045       0x46 ./gecko_sdk_4.4.6/platform/common/src/sl_assert.o
 .comment       0x0000000000000045       0x46 ./gecko_sdk_4.4.6/platform/common/src/sl_syscalls.o
 .comment       0x0000000000000045       0x46 ./gecko_sdk_4.4.6/platform/common/toolchain/src/sl_memory.o
 .comment       0x0000000000000045       0x46 ./gecko_sdk_4.4.6/platform/emdrv/dmadrv/src/dmadrv.o
 .comment       0x0000000000000045       0x46 ./gecko_sdk_4.4.6/platform/emdrv/spidrv/src/spidrv.o
 .comment       0x0000000000000045       0x46 ./gecko_sdk_4.4.6/platform/emlib/src/em_cmu.o
 .comment       0x0000000000000045       0x46 ./gecko_sdk_4.4.6/platform/emlib/src/em_core.o
 .comment       0x0000000000000045       0x46 ./gecko_sdk_4.4.6/platform/emlib/src/em_emu.o
 .comment       0x0000000000000045       0x46 ./gecko_sdk_4.4.6/platform/emlib/src/em_eusart.o
 .comment       0x0000000000000045       0x46 ./gecko_sdk_4.4.6/platform/emlib/src/em_gpio.o
 .comment       0x0000000000000045       0x46 ./gecko_sdk_4.4.6/platform/emlib/src/em_ldma.o
 .comment       0x0000000000000045       0x46 ./gecko_sdk_4.4.6/platform/emlib/src/em_usart.o
 .comment       0x0000000000000045       0x46 ./gecko_sdk_4.4.6/platform/peripheral/src/peripheral_sysrtc.o
 .comment       0x0000000000000045       0x46 ./gecko_sdk_4.4.6/platform/service/device_init/src/sl_device_init_dcdc_s2.o
 .comment       0x0000000000000045       0x46 ./gecko_sdk_4.4.6/platform/service/device_init/src/sl_device_init_emu_s2.o
 .comment       0x0000000000000045       0x46 ./gecko_sdk_4.4.6/platform/service/device_init/src/sl_device_init_hfxo_s2.o
 .comment       0x0000000000000045       0x46 ./gecko_sdk_4.4.6/platform/service/device_init/src/sl_device_init_lfxo_s2.o
 .comment       0x0000000000000045       0x46 ./gecko_sdk_4.4.6/platform/service/device_init/src/sl_device_init_nvic.o
 .comment       0x0000000000000045       0x46 ./gecko_sdk_4.4.6/platform/service/sleeptimer/src/sl_sleeptimer.o
 .comment       0x0000000000000045       0x46 ./gecko_sdk_4.4.6/platform/service/sleeptimer/src/sl_sleeptimer_hal_sysrtc.o
 .comment       0x0000000000000045       0x46 ./gecko_sdk_4.4.6/platform/service/system/src/sl_system_init.o
 .comment       0x0000000000000045       0x46 ./gecko_sdk_4.4.6/platform/service/system/src/sl_system_process_action.o

.debug_line_str
                0x0000000000000000      0x1b2
 .debug_line_str
                0x0000000000000000       0xe0 /home/abarnika/Downloads/SimplicityStudio_v5/developer/toolchains/gnu_arm/12.2.rel1_2023.7/bin/../lib/gcc/arm-none-eabi/12.2.1/../../../../arm-none-eabi/lib/thumb/v8-m.main+fp/hard/crt0.o
 .debug_line_str
                0x00000000000000e0       0xc6 /home/abarnika/Downloads/SimplicityStudio_v5/developer/toolchains/gnu_arm/12.2.rel1_2023.7/bin/../lib/gcc/arm-none-eabi/12.2.1/thumb/v8-m.main+fp/hard/libgcc.a(_aeabi_uldivmod.o)
 .debug_line_str
                0x00000000000001a6        0xc /home/abarnika/Downloads/SimplicityStudio_v5/developer/toolchains/gnu_arm/12.2.rel1_2023.7/bin/../lib/gcc/arm-none-eabi/12.2.1/thumb/v8-m.main+fp/hard/libgcc.a(_dvmd_tls.o)
                                         0xca (size before relaxing)

.debug_info     0x0000000000000000    0x3b6aa
 .debug_info    0x0000000000000000     0x3e23 ./ABC_tft_lcd/GC9A01.o
 .debug_info    0x0000000000003e23     0x3737 ./app.o
 .debug_info    0x000000000000755a       0xa1 ./main.o
 .debug_info    0x00000000000075fb       0x86 ./autogen/sl_board_default_init.o
 .debug_info    0x0000000000007681     0x14cf ./autogen/sl_device_init_clocks.o
 .debug_info    0x0000000000008b50      0x24d ./autogen/sl_event_handler.o
 .debug_info    0x0000000000008d9d     0x1423 ./autogen/sl_spidrv_init.o
 .debug_info    0x000000000000a1c0      0x3c2 ./gecko_sdk_4.4.6/hardware/board/src/sl_board_control_gpio.o
 .debug_info    0x000000000000a582      0x301 ./gecko_sdk_4.4.6/hardware/board/src/sl_board_init.o
 .debug_info    0x000000000000a883      0x3a9 ./gecko_sdk_4.4.6/platform/Device/SiliconLabs/EFR32ZG28/Source/startup_efr32zg28.o
 .debug_info    0x000000000000ac2c     0x2544 ./gecko_sdk_4.4.6/platform/Device/SiliconLabs/EFR32ZG28/Source/system_efr32zg28.o
 .debug_info    0x000000000000d170       0x86 ./gecko_sdk_4.4.6/platform/common/src/sl_assert.o
 .debug_info    0x000000000000d1f6      0x306 ./gecko_sdk_4.4.6/platform/common/src/sl_syscalls.o
 .debug_info    0x000000000000d4fc      0x205 ./gecko_sdk_4.4.6/platform/common/toolchain/src/sl_memory.o
 .debug_info    0x000000000000d701     0x1eb9 ./gecko_sdk_4.4.6/platform/emdrv/dmadrv/src/dmadrv.o
 .debug_info    0x000000000000f5ba     0x5e66 ./gecko_sdk_4.4.6/platform/emdrv/spidrv/src/spidrv.o
 .debug_info    0x0000000000015420     0xaa47 ./gecko_sdk_4.4.6/platform/emlib/src/em_cmu.o
 .debug_info    0x000000000001fe67     0x1428 ./gecko_sdk_4.4.6/platform/emlib/src/em_core.o
 .debug_info    0x000000000002128f     0x5326 ./gecko_sdk_4.4.6/platform/emlib/src/em_emu.o
 .debug_info    0x00000000000265b5     0x583a ./gecko_sdk_4.4.6/platform/emlib/src/em_eusart.o
 .debug_info    0x000000000002bdef     0x296b ./gecko_sdk_4.4.6/platform/emlib/src/em_gpio.o
 .debug_info    0x000000000002e75a     0x200b ./gecko_sdk_4.4.6/platform/emlib/src/em_ldma.o
 .debug_info    0x0000000000030765     0x4c49 ./gecko_sdk_4.4.6/platform/emlib/src/em_usart.o
 .debug_info    0x00000000000353ae      0xde0 ./gecko_sdk_4.4.6/platform/peripheral/src/peripheral_sysrtc.o
 .debug_info    0x000000000003618e      0x370 ./gecko_sdk_4.4.6/platform/service/device_init/src/sl_device_init_dcdc_s2.o
 .debug_info    0x00000000000364fe      0xb44 ./gecko_sdk_4.4.6/platform/service/device_init/src/sl_device_init_emu_s2.o
 .debug_info    0x0000000000037042      0x8b8 ./gecko_sdk_4.4.6/platform/service/device_init/src/sl_device_init_hfxo_s2.o
 .debug_info    0x00000000000378fa      0x29e ./gecko_sdk_4.4.6/platform/service/device_init/src/sl_device_init_lfxo_s2.o
 .debug_info    0x0000000000037b98      0x859 ./gecko_sdk_4.4.6/platform/service/device_init/src/sl_device_init_nvic.o
 .debug_info    0x00000000000383f1     0x1a68 ./gecko_sdk_4.4.6/platform/service/sleeptimer/src/sl_sleeptimer.o
 .debug_info    0x0000000000039e59     0x1717 ./gecko_sdk_4.4.6/platform/service/sleeptimer/src/sl_sleeptimer_hal_sysrtc.o
 .debug_info    0x000000000003b570       0xa7 ./gecko_sdk_4.4.6/platform/service/system/src/sl_system_init.o
 .debug_info    0x000000000003b617       0x93 ./gecko_sdk_4.4.6/platform/service/system/src/sl_system_process_action.o

.debug_abbrev   0x0000000000000000     0x4ee6
 .debug_abbrev  0x0000000000000000      0x3a9 ./ABC_tft_lcd/GC9A01.o
 .debug_abbrev  0x00000000000003a9      0x422 ./app.o
 .debug_abbrev  0x00000000000007cb       0x5d ./main.o
 .debug_abbrev  0x0000000000000828       0x46 ./autogen/sl_board_default_init.o
 .debug_abbrev  0x000000000000086e       0xef ./autogen/sl_device_init_clocks.o
 .debug_abbrev  0x000000000000095d      0x108 ./autogen/sl_event_handler.o
 .debug_abbrev  0x0000000000000a65      0x1b7 ./autogen/sl_spidrv_init.o
 .debug_abbrev  0x0000000000000c1c      0x185 ./gecko_sdk_4.4.6/hardware/board/src/sl_board_control_gpio.o
 .debug_abbrev  0x0000000000000da1      0x10b ./gecko_sdk_4.4.6/hardware/board/src/sl_board_init.o
 .debug_abbrev  0x0000000000000eac      0x22e ./gecko_sdk_4.4.6/platform/Device/SiliconLabs/EFR32ZG28/Source/startup_efr32zg28.o
 .debug_abbrev  0x00000000000010da      0x34d ./gecko_sdk_4.4.6/platform/Device/SiliconLabs/EFR32ZG28/Source/system_efr32zg28.o
 .debug_abbrev  0x0000000000001427       0x6c ./gecko_sdk_4.4.6/platform/common/src/sl_assert.o
 .debug_abbrev  0x0000000000001493      0x143 ./gecko_sdk_4.4.6/platform/common/src/sl_syscalls.o
 .debug_abbrev  0x00000000000015d6      0x11e ./gecko_sdk_4.4.6/platform/common/toolchain/src/sl_memory.o
 .debug_abbrev  0x00000000000016f4      0x3d4 ./gecko_sdk_4.4.6/platform/emdrv/dmadrv/src/dmadrv.o
 .debug_abbrev  0x0000000000001ac8      0x56f ./gecko_sdk_4.4.6/platform/emdrv/spidrv/src/spidrv.o
 .debug_abbrev  0x0000000000002037      0x5b2 ./gecko_sdk_4.4.6/platform/emlib/src/em_cmu.o
 .debug_abbrev  0x00000000000025e9      0x32f ./gecko_sdk_4.4.6/platform/emlib/src/em_core.o
 .debug_abbrev  0x0000000000002918      0x4db ./gecko_sdk_4.4.6/platform/emlib/src/em_emu.o
 .debug_abbrev  0x0000000000002df3      0x421 ./gecko_sdk_4.4.6/platform/emlib/src/em_eusart.o
 .debug_abbrev  0x0000000000003214      0x336 ./gecko_sdk_4.4.6/platform/emlib/src/em_gpio.o
 .debug_abbrev  0x000000000000354a      0x3f2 ./gecko_sdk_4.4.6/platform/emlib/src/em_ldma.o
 .debug_abbrev  0x000000000000393c      0x345 ./gecko_sdk_4.4.6/platform/emlib/src/em_usart.o
 .debug_abbrev  0x0000000000003c81      0x282 ./gecko_sdk_4.4.6/platform/peripheral/src/peripheral_sysrtc.o
 .debug_abbrev  0x0000000000003f03      0x11a ./gecko_sdk_4.4.6/platform/service/device_init/src/sl_device_init_dcdc_s2.o
 .debug_abbrev  0x000000000000401d      0x149 ./gecko_sdk_4.4.6/platform/service/device_init/src/sl_device_init_emu_s2.o
 .debug_abbrev  0x0000000000004166      0x196 ./gecko_sdk_4.4.6/platform/service/device_init/src/sl_device_init_hfxo_s2.o
 .debug_abbrev  0x00000000000042fc      0x105 ./gecko_sdk_4.4.6/platform/service/device_init/src/sl_device_init_lfxo_s2.o
 .debug_abbrev  0x0000000000004401      0x14b ./gecko_sdk_4.4.6/platform/service/device_init/src/sl_device_init_nvic.o
 .debug_abbrev  0x000000000000454c      0x495 ./gecko_sdk_4.4.6/platform/service/sleeptimer/src/sl_sleeptimer.o
 .debug_abbrev  0x00000000000049e1      0x44d ./gecko_sdk_4.4.6/platform/service/sleeptimer/src/sl_sleeptimer_hal_sysrtc.o
 .debug_abbrev  0x0000000000004e2e       0x5c ./gecko_sdk_4.4.6/platform/service/system/src/sl_system_init.o
 .debug_abbrev  0x0000000000004e8a       0x5c ./gecko_sdk_4.4.6/platform/service/system/src/sl_system_process_action.o

.debug_loc      0x0000000000000000    0x1006e
 .debug_loc     0x0000000000000000      0xa4f ./ABC_tft_lcd/GC9A01.o
 .debug_loc     0x0000000000000a4f      0x8b3 ./app.o
 .debug_loc     0x0000000000001302       0x20 ./main.o
 .debug_loc     0x0000000000001322       0x20 ./autogen/sl_device_init_clocks.o
 .debug_loc     0x0000000000001342       0x58 ./autogen/sl_event_handler.o
 .debug_loc     0x000000000000139a      0x20a ./gecko_sdk_4.4.6/hardware/board/src/sl_board_control_gpio.o
 .debug_loc     0x00000000000015a4       0x2c ./gecko_sdk_4.4.6/hardware/board/src/sl_board_init.o
 .debug_loc     0x00000000000015d0       0x8e ./gecko_sdk_4.4.6/platform/Device/SiliconLabs/EFR32ZG28/Source/startup_efr32zg28.o
 .debug_loc     0x000000000000165e      0x2c0 ./gecko_sdk_4.4.6/platform/Device/SiliconLabs/EFR32ZG28/Source/system_efr32zg28.o
 .debug_loc     0x000000000000191e       0x2a ./gecko_sdk_4.4.6/platform/common/src/sl_assert.o
 .debug_loc     0x0000000000001948      0x118 ./gecko_sdk_4.4.6/platform/common/src/sl_syscalls.o
 .debug_loc     0x0000000000001a60       0xa9 ./gecko_sdk_4.4.6/platform/common/toolchain/src/sl_memory.o
 .debug_loc     0x0000000000001b09     0x1105 ./gecko_sdk_4.4.6/platform/emdrv/dmadrv/src/dmadrv.o
 .debug_loc     0x0000000000002c0e     0x24bf ./gecko_sdk_4.4.6/platform/emdrv/spidrv/src/spidrv.o
 .debug_loc     0x00000000000050cd     0x4ba0 ./gecko_sdk_4.4.6/platform/emlib/src/em_cmu.o
 .debug_loc     0x0000000000009c6d      0x9a9 ./gecko_sdk_4.4.6/platform/emlib/src/em_core.o
 .debug_loc     0x000000000000a616      0x94b ./gecko_sdk_4.4.6/platform/emlib/src/em_emu.o
 .debug_loc     0x000000000000af61     0x1190 ./gecko_sdk_4.4.6/platform/emlib/src/em_eusart.o
 .debug_loc     0x000000000000c0f1      0x941 ./gecko_sdk_4.4.6/platform/emlib/src/em_gpio.o
 .debug_loc     0x000000000000ca32      0x5db ./gecko_sdk_4.4.6/platform/emlib/src/em_ldma.o
 .debug_loc     0x000000000000d00d      0xa7f ./gecko_sdk_4.4.6/platform/emlib/src/em_usart.o
 .debug_loc     0x000000000000da8c      0x582 ./gecko_sdk_4.4.6/platform/peripheral/src/peripheral_sysrtc.o
 .debug_loc     0x000000000000e00e       0x2c ./gecko_sdk_4.4.6/platform/service/device_init/src/sl_device_init_dcdc_s2.o
 .debug_loc     0x000000000000e03a       0x2c ./gecko_sdk_4.4.6/platform/service/device_init/src/sl_device_init_emu_s2.o
 .debug_loc     0x000000000000e066       0xbd ./gecko_sdk_4.4.6/platform/service/device_init/src/sl_device_init_hfxo_s2.o
 .debug_loc     0x000000000000e123       0x38 ./gecko_sdk_4.4.6/platform/service/device_init/src/sl_device_init_lfxo_s2.o
 .debug_loc     0x000000000000e15b       0x79 ./gecko_sdk_4.4.6/platform/service/device_init/src/sl_device_init_nvic.o
 .debug_loc     0x000000000000e1d4     0x197f ./gecko_sdk_4.4.6/platform/service/sleeptimer/src/sl_sleeptimer.o
 .debug_loc     0x000000000000fb53      0x4c3 ./gecko_sdk_4.4.6/platform/service/sleeptimer/src/sl_sleeptimer_hal_sysrtc.o
 .debug_loc     0x0000000000010016       0x2c ./gecko_sdk_4.4.6/platform/service/system/src/sl_system_init.o
 .debug_loc     0x0000000000010042       0x2c ./gecko_sdk_4.4.6/platform/service/system/src/sl_system_process_action.o

.debug_aranges  0x0000000000000000      0xf60
 .debug_aranges
                0x0000000000000000       0x80 ./ABC_tft_lcd/GC9A01.o
 .debug_aranges
                0x0000000000000080       0x80 ./app.o
 .debug_aranges
                0x0000000000000100       0x20 ./main.o
 .debug_aranges
                0x0000000000000120       0x20 ./autogen/sl_board_default_init.o
 .debug_aranges
                0x0000000000000140       0x20 ./autogen/sl_device_init_clocks.o
 .debug_aranges
                0x0000000000000160       0x60 ./autogen/sl_event_handler.o
 .debug_aranges
                0x00000000000001c0       0x20 ./autogen/sl_spidrv_init.o
 .debug_aranges
                0x00000000000001e0       0x70 ./gecko_sdk_4.4.6/hardware/board/src/sl_board_control_gpio.o
 .debug_aranges
                0x0000000000000250       0x28 ./gecko_sdk_4.4.6/hardware/board/src/sl_board_init.o
 .debug_aranges
                0x0000000000000278       0x30 ./gecko_sdk_4.4.6/platform/Device/SiliconLabs/EFR32ZG28/Source/startup_efr32zg28.o
 .debug_aranges
                0x00000000000002a8       0x98 ./gecko_sdk_4.4.6/platform/Device/SiliconLabs/EFR32ZG28/Source/system_efr32zg28.o
 .debug_aranges
                0x0000000000000340       0x20 ./gecko_sdk_4.4.6/platform/common/src/sl_assert.o
 .debug_aranges
                0x0000000000000360       0x68 ./gecko_sdk_4.4.6/platform/common/src/sl_syscalls.o
 .debug_aranges
                0x00000000000003c8       0x30 ./gecko_sdk_4.4.6/platform/common/toolchain/src/sl_memory.o
 .debug_aranges
                0x00000000000003f8       0xa8 ./gecko_sdk_4.4.6/platform/emdrv/dmadrv/src/dmadrv.o
 .debug_aranges
                0x00000000000004a0      0x120 ./gecko_sdk_4.4.6/platform/emdrv/spidrv/src/spidrv.o
 .debug_aranges
                0x00000000000005c0      0x200 ./gecko_sdk_4.4.6/platform/emlib/src/em_cmu.o
 .debug_aranges
                0x00000000000007c0       0xe8 ./gecko_sdk_4.4.6/platform/emlib/src/em_core.o
 .debug_aranges
                0x00000000000008a8      0x138 ./gecko_sdk_4.4.6/platform/emlib/src/em_emu.o
 .debug_aranges
                0x00000000000009e0       0xb0 ./gecko_sdk_4.4.6/platform/emlib/src/em_eusart.o
 .debug_aranges
                0x0000000000000a90       0x68 ./gecko_sdk_4.4.6/platform/emlib/src/em_gpio.o
 .debug_aranges
                0x0000000000000af8       0x50 ./gecko_sdk_4.4.6/platform/emlib/src/em_ldma.o
 .debug_aranges
                0x0000000000000b48       0xb8 ./gecko_sdk_4.4.6/platform/emlib/src/em_usart.o
 .debug_aranges
                0x0000000000000c00       0xd0 ./gecko_sdk_4.4.6/platform/peripheral/src/peripheral_sysrtc.o
 .debug_aranges
                0x0000000000000cd0       0x20 ./gecko_sdk_4.4.6/platform/service/device_init/src/sl_device_init_dcdc_s2.o
 .debug_aranges
                0x0000000000000cf0       0x20 ./gecko_sdk_4.4.6/platform/service/device_init/src/sl_device_init_emu_s2.o
 .debug_aranges
                0x0000000000000d10       0x20 ./gecko_sdk_4.4.6/platform/service/device_init/src/sl_device_init_hfxo_s2.o
 .debug_aranges
                0x0000000000000d30       0x20 ./gecko_sdk_4.4.6/platform/service/device_init/src/sl_device_init_lfxo_s2.o
 .debug_aranges
                0x0000000000000d50       0x20 ./gecko_sdk_4.4.6/platform/service/device_init/src/sl_device_init_nvic.o
 .debug_aranges
                0x0000000000000d70      0x120 ./gecko_sdk_4.4.6/platform/service/sleeptimer/src/sl_sleeptimer.o
 .debug_aranges
                0x0000000000000e90       0x90 ./gecko_sdk_4.4.6/platform/service/sleeptimer/src/sl_sleeptimer_hal_sysrtc.o
 .debug_aranges
                0x0000000000000f20       0x20 ./gecko_sdk_4.4.6/platform/service/system/src/sl_system_init.o
 .debug_aranges
                0x0000000000000f40       0x20 ./gecko_sdk_4.4.6/platform/service/system/src/sl_system_process_action.o

.debug_ranges   0x0000000000000000     0x1768
 .debug_ranges  0x0000000000000000      0x128 ./ABC_tft_lcd/GC9A01.o
 .debug_ranges  0x0000000000000128      0x150 ./app.o
 .debug_ranges  0x0000000000000278       0x10 ./main.o
 .debug_ranges  0x0000000000000288       0x10 ./autogen/sl_board_default_init.o
 .debug_ranges  0x0000000000000298       0x10 ./autogen/sl_device_init_clocks.o
 .debug_ranges  0x00000000000002a8       0x50 ./autogen/sl_event_handler.o
 .debug_ranges  0x00000000000002f8       0x10 ./autogen/sl_spidrv_init.o
 .debug_ranges  0x0000000000000308       0x60 ./gecko_sdk_4.4.6/hardware/board/src/sl_board_control_gpio.o
 .debug_ranges  0x0000000000000368       0x18 ./gecko_sdk_4.4.6/hardware/board/src/sl_board_init.o
 .debug_ranges  0x0000000000000380       0x88 ./gecko_sdk_4.4.6/platform/Device/SiliconLabs/EFR32ZG28/Source/startup_efr32zg28.o
 .debug_ranges  0x0000000000000408       0xa0 ./gecko_sdk_4.4.6/platform/Device/SiliconLabs/EFR32ZG28/Source/system_efr32zg28.o
 .debug_ranges  0x00000000000004a8       0x10 ./gecko_sdk_4.4.6/platform/common/src/sl_assert.o
 .debug_ranges  0x00000000000004b8       0x58 ./gecko_sdk_4.4.6/platform/common/src/sl_syscalls.o
 .debug_ranges  0x0000000000000510       0x20 ./gecko_sdk_4.4.6/platform/common/toolchain/src/sl_memory.o
 .debug_ranges  0x0000000000000530       0xb0 ./gecko_sdk_4.4.6/platform/emdrv/dmadrv/src/dmadrv.o
 .debug_ranges  0x00000000000005e0      0x238 ./gecko_sdk_4.4.6/platform/emdrv/spidrv/src/spidrv.o
 .debug_ranges  0x0000000000000818      0x3e8 ./gecko_sdk_4.4.6/platform/emlib/src/em_cmu.o
 .debug_ranges  0x0000000000000c00      0x1a0 ./gecko_sdk_4.4.6/platform/emlib/src/em_core.o
 .debug_ranges  0x0000000000000da0      0x2b8 ./gecko_sdk_4.4.6/platform/emlib/src/em_emu.o
 .debug_ranges  0x0000000000001058      0x160 ./gecko_sdk_4.4.6/platform/emlib/src/em_eusart.o
 .debug_ranges  0x00000000000011b8       0x88 ./gecko_sdk_4.4.6/platform/emlib/src/em_gpio.o
 .debug_ranges  0x0000000000001240       0x88 ./gecko_sdk_4.4.6/platform/emlib/src/em_ldma.o
 .debug_ranges  0x00000000000012c8       0xa8 ./gecko_sdk_4.4.6/platform/emlib/src/em_usart.o
 .debug_ranges  0x0000000000001370       0xc0 ./gecko_sdk_4.4.6/platform/peripheral/src/peripheral_sysrtc.o
 .debug_ranges  0x0000000000001430       0x10 ./gecko_sdk_4.4.6/platform/service/device_init/src/sl_device_init_dcdc_s2.o
 .debug_ranges  0x0000000000001440       0x10 ./gecko_sdk_4.4.6/platform/service/device_init/src/sl_device_init_emu_s2.o
 .debug_ranges  0x0000000000001450       0x10 ./gecko_sdk_4.4.6/platform/service/device_init/src/sl_device_init_hfxo_s2.o
 .debug_ranges  0x0000000000001460       0x10 ./gecko_sdk_4.4.6/platform/service/device_init/src/sl_device_init_lfxo_s2.o
 .debug_ranges  0x0000000000001470       0x58 ./gecko_sdk_4.4.6/platform/service/device_init/src/sl_device_init_nvic.o
 .debug_ranges  0x00000000000014c8      0x1a0 ./gecko_sdk_4.4.6/platform/service/sleeptimer/src/sl_sleeptimer.o
 .debug_ranges  0x0000000000001668       0xe0 ./gecko_sdk_4.4.6/platform/service/sleeptimer/src/sl_sleeptimer_hal_sysrtc.o
 .debug_ranges  0x0000000000001748       0x10 ./gecko_sdk_4.4.6/platform/service/system/src/sl_system_init.o
 .debug_ranges  0x0000000000001758       0x10 ./gecko_sdk_4.4.6/platform/service/system/src/sl_system_process_action.o

.debug_line     0x0000000000000000    0x1065b
 .debug_line    0x0000000000000000      0xca9 ./ABC_tft_lcd/GC9A01.o
 .debug_line    0x0000000000000ca9      0x9b6 ./app.o
 .debug_line    0x000000000000165f       0xe0 ./main.o
 .debug_line    0x000000000000173f       0x55 ./autogen/sl_board_default_init.o
 .debug_line    0x0000000000001794      0x2be ./autogen/sl_device_init_clocks.o
 .debug_line    0x0000000000001a52      0x47a ./autogen/sl_event_handler.o
 .debug_line    0x0000000000001ecc      0x420 ./autogen/sl_spidrv_init.o
 .debug_line    0x00000000000022ec      0x3ff ./gecko_sdk_4.4.6/hardware/board/src/sl_board_control_gpio.o
 .debug_line    0x00000000000026eb      0x205 ./gecko_sdk_4.4.6/hardware/board/src/sl_board_init.o
 .debug_line    0x00000000000028f0      0x332 ./gecko_sdk_4.4.6/platform/Device/SiliconLabs/EFR32ZG28/Source/startup_efr32zg28.o
 .debug_line    0x0000000000002c22      0x629 ./gecko_sdk_4.4.6/platform/Device/SiliconLabs/EFR32ZG28/Source/system_efr32zg28.o
 .debug_line    0x000000000000324b       0xa1 ./gecko_sdk_4.4.6/platform/common/src/sl_assert.o
 .debug_line    0x00000000000032ec      0x1a1 ./gecko_sdk_4.4.6/platform/common/src/sl_syscalls.o
 .debug_line    0x000000000000348d      0x309 ./gecko_sdk_4.4.6/platform/common/toolchain/src/sl_memory.o
 .debug_line    0x0000000000003796      0xac0 ./gecko_sdk_4.4.6/platform/emdrv/dmadrv/src/dmadrv.o
 .debug_line    0x0000000000004256     0x19d7 ./gecko_sdk_4.4.6/platform/emdrv/spidrv/src/spidrv.o
 .debug_line    0x0000000000005c2d     0x32ff ./gecko_sdk_4.4.6/platform/emlib/src/em_cmu.o
 .debug_line    0x0000000000008f2c      0xa8d ./gecko_sdk_4.4.6/platform/emlib/src/em_core.o
 .debug_line    0x00000000000099b9      0xf4a ./gecko_sdk_4.4.6/platform/emlib/src/em_emu.o
 .debug_line    0x000000000000a903     0x12af ./gecko_sdk_4.4.6/platform/emlib/src/em_eusart.o
 .debug_line    0x000000000000bbb2      0x6c0 ./gecko_sdk_4.4.6/platform/emlib/src/em_gpio.o